26-04 15:33:24 +00:00: WARNING: NODE_APP_INSTANCE value of '1' did not match any instance config file names.
26-04 15:33:24 +00:00: WARNING: See https://github.com/node-config/node-config/wiki/Strict-Mode
26-04 15:33:24 +00:00: (node:3540203) [MONGODB DRIVER] Warning: useNewUrlParser is a deprecated option: useNewUrlParser has no effect since Node.js Driver version 4.0.0 and will be removed in the next major version
(Use `node-22 --trace-warnings ...` to show where the warning was created)
26-04 15:33:24 +00:00: (node:3540203) [MONGODB DRIVER] Warning: useUnifiedTopology is a deprecated option: useUnifiedTopology has no effect since Node.js Driver version 4.0.0 and will be removed in the next major version
26-04 15:33:24 +00:00: (node:3540203) NOTE: The AWS SDK for JavaScript (v2) will enter maintenance mode
on September 8, 2024 and reach end-of-support on September 8, 2025.

Please migrate your code to use AWS SDK for JavaScript (v3).
For more information, check blog post at https://a.co/cUPnyil
27-04 18:59:20 +00:00: WARNING: NODE_APP_INSTANCE value of '1' did not match any instance config file names.
27-04 18:59:20 +00:00: WARNING: See https://github.com/node-config/node-config/wiki/Strict-Mode
27-04 18:59:21 +00:00: (node:3567522) [MONGODB DRIVER] Warning: useNewUrlParser is a deprecated option: useNewUrlParser has no effect since Node.js Driver version 4.0.0 and will be removed in the next major version
(Use `node-22 --trace-warnings ...` to show where the warning was created)
27-04 18:59:21 +00:00: (node:3567522) [MONGODB DRIVER] Warning: useUnifiedTopology is a deprecated option: useUnifiedTopology has no effect since Node.js Driver version 4.0.0 and will be removed in the next major version
27-04 18:59:21 +00:00: (node:3567522) NOTE: The AWS SDK for JavaScript (v2) will enter maintenance mode
on September 8, 2024 and reach end-of-support on September 8, 2025.

Please migrate your code to use AWS SDK for JavaScript (v3).
For more information, check blog post at https://a.co/cUPnyil
You have triggered an unhandledRejection, you may have forgotten to catch a Promise rejection:
Error [ERR_HTTP_HEADERS_SENT]: Cannot set headers after they are sent to the client
    at ServerResponse.setHeader (node:_http_outgoing:699:11)
    at ServerResponse.header (/root/JDMO/main/main/node_modules/express/lib/response.js:795:10)
    at ServerResponse.send (/root/JDMO/main/main/node_modules/express/lib/response.js:175:12)
    at ServerResponse.json (/root/JDMO/main/main/node_modules/express/lib/response.js:279:15)
    at handleSongDbRequest (/root/JDMO/main/main/routes/songdb.js:113:28)
    at process.processTicksAndRejections (node:internal/process/task_queues:105:5)
You have triggered an unhandledRejection, you may have forgotten to catch a Promise rejection:
Error [ERR_HTTP_HEADERS_SENT]: Cannot set headers after they are sent to the client
    at ServerResponse.setHeader (node:_http_outgoing:699:11)
    at ServerResponse.header (/root/JDMO/main/main/node_modules/express/lib/response.js:795:10)
    at ServerResponse.send (/root/JDMO/main/main/node_modules/express/lib/response.js:175:12)
    at ServerResponse.json (/root/JDMO/main/main/node_modules/express/lib/response.js:279:15)
    at handleSongDbRequest (/root/JDMO/main/main/routes/songdb.js:113:28)
    at process.processTicksAndRejections (node:internal/process/task_queues:105:5)
You have triggered an unhandledRejection, you may have forgotten to catch a Promise rejection:
Error [ERR_HTTP_HEADERS_SENT]: Cannot set headers after they are sent to the client
    at ServerResponse.setHeader (node:_http_outgoing:699:11)
    at ServerResponse.header (/root/JDMO/main/main/node_modules/express/lib/response.js:795:10)
    at ServerResponse.send (/root/JDMO/main/main/node_modules/express/lib/response.js:175:12)
    at ServerResponse.json (/root/JDMO/main/main/node_modules/express/lib/response.js:279:15)
    at handleSongDbRequest (/root/JDMO/main/main/routes/songdb.js:113:28)
    at process.processTicksAndRejections (node:internal/process/task_queues:105:5)
Error [ERR_HTTP_HEADERS_SENT]: Cannot set headers after they are sent to the client
    at ServerResponse.setHeader (node:_http_outgoing:699:11)
    at ServerResponse.header (/root/JDMO/main/main/node_modules/express/lib/response.js:795:10)
    at ServerResponse.send (/root/JDMO/main/main/node_modules/express/lib/response.js:175:12)
    at ServerResponse.json (/root/JDMO/main/main/node_modules/express/lib/response.js:279:15)
    at /root/JDMO/main/main/routes/songdb.js:183:21
    at /root/JDMO/main/main/node_modules/express/lib/response.js:451:22
    at onaborted (/root/JDMO/main/main/node_modules/express/lib/response.js:1063:5)
    at onfinish (/root/JDMO/main/main/node_modules/express/lib/response.js:1097:50)
    at AsyncResource.runInAsyncScope (node:async_hooks:214:14)
    at listener (/root/JDMO/main/main/node_modules/on-finished/index.js:170:15)
28-04 16:33:03 +00:00: WARNING: NODE_APP_INSTANCE value of '1' did not match any instance config file names.
28-04 16:33:03 +00:00: WARNING: See https://github.com/node-config/node-config/wiki/Strict-Mode
28-04 16:33:04 +00:00: (node:3585899) [MONGODB DRIVER] Warning: useNewUrlParser is a deprecated option: useNewUrlParser has no effect since Node.js Driver version 4.0.0 and will be removed in the next major version
(Use `node-22 --trace-warnings ...` to show where the warning was created)
28-04 16:33:04 +00:00: (node:3585899) [MONGODB DRIVER] Warning: useUnifiedTopology is a deprecated option: useUnifiedTopology has no effect since Node.js Driver version 4.0.0 and will be removed in the next major version
28-04 16:33:04 +00:00: (node:3585899) NOTE: The AWS SDK for JavaScript (v2) will enter maintenance mode
on September 8, 2024 and reach end-of-support on September 8, 2025.

Please migrate your code to use AWS SDK for JavaScript (v3).
For more information, check blog post at https://a.co/cUPnyil
30-04 17:06:56 +00:00: WARNING: NODE_APP_INSTANCE value of '1' did not match any instance config file names.
30-04 17:06:56 +00:00: WARNING: See https://github.com/node-config/node-config/wiki/Strict-Mode
30-04 17:06:56 +00:00: (node:3635129) [MONGODB DRIVER] Warning: useNewUrlParser is a deprecated option: useNewUrlParser has no effect since Node.js Driver version 4.0.0 and will be removed in the next major version
(Use `node-22 --trace-warnings ...` to show where the warning was created)
30-04 17:06:56 +00:00: (node:3635129) [MONGODB DRIVER] Warning: useUnifiedTopology is a deprecated option: useUnifiedTopology has no effect since Node.js Driver version 4.0.0 and will be removed in the next major version
30-04 17:06:56 +00:00: (node:3635129) NOTE: The AWS SDK for JavaScript (v2) will enter maintenance mode
on September 8, 2024 and reach end-of-support on September 8, 2025.

Please migrate your code to use AWS SDK for JavaScript (v3).
For more information, check blog post at https://a.co/cUPnyil
30-04 17:12:04 +00:00: WARNING: NODE_APP_INSTANCE value of '1' did not match any instance config file names.
30-04 17:12:04 +00:00: WARNING: See https://github.com/node-config/node-config/wiki/Strict-Mode
30-04 17:12:05 +00:00: (node:3635593) [MONGODB DRIVER] Warning: useNewUrlParser is a deprecated option: useNewUrlParser has no effect since Node.js Driver version 4.0.0 and will be removed in the next major version
(Use `node-22 --trace-warnings ...` to show where the warning was created)
30-04 17:12:05 +00:00: (node:3635593) [MONGODB DRIVER] Warning: useUnifiedTopology is a deprecated option: useUnifiedTopology has no effect since Node.js Driver version 4.0.0 and will be removed in the next major version
30-04 17:12:05 +00:00: (node:3635593) NOTE: The AWS SDK for JavaScript (v2) will enter maintenance mode
on September 8, 2024 and reach end-of-support on September 8, 2025.

Please migrate your code to use AWS SDK for JavaScript (v3).
For more information, check blog post at https://a.co/cUPnyil
30-04 17:12:30 +00:00: ReferenceError: sessionInfo is not defined
    at validarSesion (/root/JDMO/main/main/logger/sessionvalidator-s2s-yunyl.js:39:27)
    at Layer.handle [as handle_request] (/root/JDMO/main/main/node_modules/express/lib/router/layer.js:95:5)
    at next (/root/JDMO/main/main/node_modules/express/lib/router/route.js:149:13)
    at validarSesion (/root/JDMO/main/main/logger/sessionvalidator-s2s.js:62:9)
    at process.processTicksAndRejections (node:internal/process/task_queues:105:5) Token Validator Error:
30-04 17:13:12 +00:00: ReferenceError: sessionInfo is not defined
    at validarSesion (/root/JDMO/main/main/logger/sessionvalidator-s2s-yunyl.js:39:27)
    at Layer.handle [as handle_request] (/root/JDMO/main/main/node_modules/express/lib/router/layer.js:95:5)
    at next (/root/JDMO/main/main/node_modules/express/lib/router/route.js:149:13)
    at validarSesion (/root/JDMO/main/main/logger/sessionvalidator-s2s.js:62:9)
    at process.processTicksAndRejections (node:internal/process/task_queues:105:5) Token Validator Error:
30-04 17:14:17 +00:00: ReferenceError: sessionInfo is not defined
    at validarSesion (/root/JDMO/main/main/logger/sessionvalidator-s2s-yunyl.js:39:27)
    at Layer.handle [as handle_request] (/root/JDMO/main/main/node_modules/express/lib/router/layer.js:95:5)
    at next (/root/JDMO/main/main/node_modules/express/lib/router/route.js:149:13)
    at validarSesion (/root/JDMO/main/main/logger/sessionvalidator-s2s.js:62:9)
    at process.processTicksAndRejections (node:internal/process/task_queues:105:5) Token Validator Error:
30-04 17:14:41 +00:00: ReferenceError: sessionInfo is not defined
    at validarSesion (/root/JDMO/main/main/logger/sessionvalidator-s2s-yunyl.js:39:27)
    at Layer.handle [as handle_request] (/root/JDMO/main/main/node_modules/express/lib/router/layer.js:95:5)
    at next (/root/JDMO/main/main/node_modules/express/lib/router/route.js:149:13)
    at validarSesion (/root/JDMO/main/main/logger/sessionvalidator-s2s.js:62:9)
    at process.processTicksAndRejections (node:internal/process/task_queues:105:5) Token Validator Error:
30-04 17:14:54 +00:00: ReferenceError: sessionInfo is not defined
    at validarSesion (/root/JDMO/main/main/logger/sessionvalidator-s2s-yunyl.js:39:27)
    at Layer.handle [as handle_request] (/root/JDMO/main/main/node_modules/express/lib/router/layer.js:95:5)
    at next (/root/JDMO/main/main/node_modules/express/lib/router/route.js:149:13)
    at validarSesion (/root/JDMO/main/main/logger/sessionvalidator-s2s.js:62:9)
    at process.processTicksAndRejections (node:internal/process/task_queues:105:5) Token Validator Error:
30-04 17:15:00 +00:00: ReferenceError: sessionInfo is not defined
    at validarSesion (/root/JDMO/main/main/logger/sessionvalidator-s2s-yunyl.js:39:27)
    at Layer.handle [as handle_request] (/root/JDMO/main/main/node_modules/express/lib/router/layer.js:95:5)
    at next (/root/JDMO/main/main/node_modules/express/lib/router/route.js:149:13)
    at validarSesion (/root/JDMO/main/main/logger/sessionvalidator-s2s.js:62:9)
    at process.processTicksAndRejections (node:internal/process/task_queues:105:5) Token Validator Error:
30-04 17:15:07 +00:00: ReferenceError: sessionInfo is not defined
    at validarSesion (/root/JDMO/main/main/logger/sessionvalidator-s2s-yunyl.js:39:27)
    at Layer.handle [as handle_request] (/root/JDMO/main/main/node_modules/express/lib/router/layer.js:95:5)
    at next (/root/JDMO/main/main/node_modules/express/lib/router/route.js:149:13)
    at validarSesion (/root/JDMO/main/main/logger/sessionvalidator-s2s.js:62:9)
    at process.processTicksAndRejections (node:internal/process/task_queues:105:5) Token Validator Error:
30-04 17:15:12 +00:00: ReferenceError: sessionInfo is not defined
    at validarSesion (/root/JDMO/main/main/logger/sessionvalidator-s2s-yunyl.js:39:27)
    at Layer.handle [as handle_request] (/root/JDMO/main/main/node_modules/express/lib/router/layer.js:95:5)
    at next (/root/JDMO/main/main/node_modules/express/lib/router/route.js:149:13)
    at validarSesion (/root/JDMO/main/main/logger/sessionvalidator-s2s.js:62:9)
    at process.processTicksAndRejections (node:internal/process/task_queues:105:5) Token Validator Error:
30-04 17:15:26 +00:00: ReferenceError: sessionInfo is not defined
    at validarSesion (/root/JDMO/main/main/logger/sessionvalidator-s2s-yunyl.js:39:27)
    at Layer.handle [as handle_request] (/root/JDMO/main/main/node_modules/express/lib/router/layer.js:95:5)
    at next (/root/JDMO/main/main/node_modules/express/lib/router/route.js:149:13)
    at validarSesion (/root/JDMO/main/main/logger/sessionvalidator-s2s.js:62:9)
    at process.processTicksAndRejections (node:internal/process/task_queues:105:5) Token Validator Error:
30-04 17:15:36 +00:00: WARNING: NODE_APP_INSTANCE value of '1' did not match any instance config file names.
30-04 17:15:36 +00:00: WARNING: See https://github.com/node-config/node-config/wiki/Strict-Mode
30-04 17:15:37 +00:00: (node:3635834) [MONGODB DRIVER] Warning: useNewUrlParser is a deprecated option: useNewUrlParser has no effect since Node.js Driver version 4.0.0 and will be removed in the next major version
(Use `node-22 --trace-warnings ...` to show where the warning was created)
30-04 17:15:37 +00:00: (node:3635834) [MONGODB DRIVER] Warning: useUnifiedTopology is a deprecated option: useUnifiedTopology has no effect since Node.js Driver version 4.0.0 and will be removed in the next major version
30-04 17:15:37 +00:00: (node:3635834) NOTE: The AWS SDK for JavaScript (v2) will enter maintenance mode
on September 8, 2024 and reach end-of-support on September 8, 2025.

Please migrate your code to use AWS SDK for JavaScript (v3).
For more information, check blog post at https://a.co/cUPnyil
30-04 17:19:21 +00:00: WARNING: NODE_APP_INSTANCE value of '1' did not match any instance config file names.
30-04 17:19:21 +00:00: WARNING: See https://github.com/node-config/node-config/wiki/Strict-Mode
30-04 17:19:21 +00:00: (node:3636067) [MONGODB DRIVER] Warning: useNewUrlParser is a deprecated option: useNewUrlParser has no effect since Node.js Driver version 4.0.0 and will be removed in the next major version
(Use `node-22 --trace-warnings ...` to show where the warning was created)
30-04 17:19:21 +00:00: (node:3636067) [MONGODB DRIVER] Warning: useUnifiedTopology is a deprecated option: useUnifiedTopology has no effect since Node.js Driver version 4.0.0 and will be removed in the next major version
30-04 17:19:21 +00:00: (node:3636067) NOTE: The AWS SDK for JavaScript (v2) will enter maintenance mode
on September 8, 2024 and reach end-of-support on September 8, 2025.

Please migrate your code to use AWS SDK for JavaScript (v3).
For more information, check blog post at https://a.co/cUPnyil
30-04 17:43:51 +00:00: WARNING: NODE_APP_INSTANCE value of '1' did not match any instance config file names.
30-04 17:43:51 +00:00: WARNING: See https://github.com/node-config/node-config/wiki/Strict-Mode
30-04 17:43:51 +00:00: (node:3636744) [MONGODB DRIVER] Warning: useNewUrlParser is a deprecated option: useNewUrlParser has no effect since Node.js Driver version 4.0.0 and will be removed in the next major version
(Use `node-22 --trace-warnings ...` to show where the warning was created)
30-04 17:43:51 +00:00: (node:3636744) [MONGODB DRIVER] Warning: useUnifiedTopology is a deprecated option: useUnifiedTopology has no effect since Node.js Driver version 4.0.0 and will be removed in the next major version
30-04 17:43:51 +00:00: (node:3636744) NOTE: The AWS SDK for JavaScript (v2) will enter maintenance mode
on September 8, 2024 and reach end-of-support on September 8, 2025.

Please migrate your code to use AWS SDK for JavaScript (v3).
For more information, check blog post at https://a.co/cUPnyil
30-04 17:46:41 +00:00: WARNING: NODE_APP_INSTANCE value of '1' did not match any instance config file names.
30-04 17:46:41 +00:00: WARNING: See https://github.com/node-config/node-config/wiki/Strict-Mode
30-04 17:46:42 +00:00: (node:3636928) [MONGODB DRIVER] Warning: useNewUrlParser is a deprecated option: useNewUrlParser has no effect since Node.js Driver version 4.0.0 and will be removed in the next major version
(Use `node-22 --trace-warnings ...` to show where the warning was created)
30-04 17:46:42 +00:00: (node:3636928) [MONGODB DRIVER] Warning: useUnifiedTopology is a deprecated option: useUnifiedTopology has no effect since Node.js Driver version 4.0.0 and will be removed in the next major version
30-04 17:46:42 +00:00: (node:3636928) NOTE: The AWS SDK for JavaScript (v2) will enter maintenance mode
on September 8, 2024 and reach end-of-support on September 8, 2025.

Please migrate your code to use AWS SDK for JavaScript (v3).
For more information, check blog post at https://a.co/cUPnyil
30-04 17:50:11 +00:00: WARNING: NODE_APP_INSTANCE value of '1' did not match any instance config file names.
30-04 17:50:11 +00:00: WARNING: See https://github.com/node-config/node-config/wiki/Strict-Mode
30-04 17:50:11 +00:00: (node:3637237) [MONGODB DRIVER] Warning: useNewUrlParser is a deprecated option: useNewUrlParser has no effect since Node.js Driver version 4.0.0 and will be removed in the next major version
(Use `node-22 --trace-warnings ...` to show where the warning was created)
30-04 17:50:11 +00:00: (node:3637237) [MONGODB DRIVER] Warning: useUnifiedTopology is a deprecated option: useUnifiedTopology has no effect since Node.js Driver version 4.0.0 and will be removed in the next major version
30-04 17:50:11 +00:00: (node:3637237) NOTE: The AWS SDK for JavaScript (v2) will enter maintenance mode
on September 8, 2024 and reach end-of-support on September 8, 2025.

Please migrate your code to use AWS SDK for JavaScript (v3).
For more information, check blog post at https://a.co/cUPnyil
30-04 17:55:58 +00:00: WARNING: NODE_APP_INSTANCE value of '1' did not match any instance config file names.
30-04 17:55:58 +00:00: WARNING: See https://github.com/node-config/node-config/wiki/Strict-Mode
30-04 17:55:58 +00:00: (node:3637465) [MONGODB DRIVER] Warning: useNewUrlParser is a deprecated option: useNewUrlParser has no effect since Node.js Driver version 4.0.0 and will be removed in the next major version
(Use `node-22 --trace-warnings ...` to show where the warning was created)
30-04 17:55:58 +00:00: (node:3637465) [MONGODB DRIVER] Warning: useUnifiedTopology is a deprecated option: useUnifiedTopology has no effect since Node.js Driver version 4.0.0 and will be removed in the next major version
30-04 17:55:58 +00:00: (node:3637465) NOTE: The AWS SDK for JavaScript (v2) will enter maintenance mode
on September 8, 2024 and reach end-of-support on September 8, 2025.

Please migrate your code to use AWS SDK for JavaScript (v3).
For more information, check blog post at https://a.co/cUPnyil
30-04 18:25:46 +00:00: WARNING: NODE_APP_INSTANCE value of '1' did not match any instance config file names.
30-04 18:25:46 +00:00: WARNING: See https://github.com/node-config/node-config/wiki/Strict-Mode
30-04 18:25:47 +00:00: (node:3638224) [MONGODB DRIVER] Warning: useNewUrlParser is a deprecated option: useNewUrlParser has no effect since Node.js Driver version 4.0.0 and will be removed in the next major version
(Use `node-22 --trace-warnings ...` to show where the warning was created)
30-04 18:25:47 +00:00: (node:3638224) [MONGODB DRIVER] Warning: useUnifiedTopology is a deprecated option: useUnifiedTopology has no effect since Node.js Driver version 4.0.0 and will be removed in the next major version
30-04 18:25:47 +00:00: (node:3638224) NOTE: The AWS SDK for JavaScript (v2) will enter maintenance mode
on September 8, 2024 and reach end-of-support on September 8, 2025.

Please migrate your code to use AWS SDK for JavaScript (v3).
For more information, check blog post at https://a.co/cUPnyil
30-04 18:29:01 +00:00: WARNING: NODE_APP_INSTANCE value of '1' did not match any instance config file names.
30-04 18:29:01 +00:00: WARNING: See https://github.com/node-config/node-config/wiki/Strict-Mode
30-04 18:29:02 +00:00: (node:3638392) [MONGODB DRIVER] Warning: useNewUrlParser is a deprecated option: useNewUrlParser has no effect since Node.js Driver version 4.0.0 and will be removed in the next major version
(Use `node-22 --trace-warnings ...` to show where the warning was created)
30-04 18:29:02 +00:00: (node:3638392) [MONGODB DRIVER] Warning: useUnifiedTopology is a deprecated option: useUnifiedTopology has no effect since Node.js Driver version 4.0.0 and will be removed in the next major version
30-04 18:29:02 +00:00: (node:3638392) NOTE: The AWS SDK for JavaScript (v2) will enter maintenance mode
on September 8, 2024 and reach end-of-support on September 8, 2025.

Please migrate your code to use AWS SDK for JavaScript (v3).
For more information, check blog post at https://a.co/cUPnyil
30-04 18:51:20 +00:00: WARNING: NODE_APP_INSTANCE value of '1' did not match any instance config file names.
30-04 18:51:20 +00:00: WARNING: See https://github.com/node-config/node-config/wiki/Strict-Mode
30-04 18:51:20 +00:00: (node:3639280) [MONGODB DRIVER] Warning: useNewUrlParser is a deprecated option: useNewUrlParser has no effect since Node.js Driver version 4.0.0 and will be removed in the next major version
(Use `node-22 --trace-warnings ...` to show where the warning was created)
30-04 18:51:20 +00:00: (node:3639280) [MONGODB DRIVER] Warning: useUnifiedTopology is a deprecated option: useUnifiedTopology has no effect since Node.js Driver version 4.0.0 and will be removed in the next major version
30-04 18:51:20 +00:00: (node:3639280) NOTE: The AWS SDK for JavaScript (v2) will enter maintenance mode
on September 8, 2024 and reach end-of-support on September 8, 2025.

Please migrate your code to use AWS SDK for JavaScript (v3).
For more information, check blog post at https://a.co/cUPnyil
30-04 18:51:33 +00:00: WARNING: NODE_APP_INSTANCE value of '1' did not match any instance config file names.
30-04 18:51:33 +00:00: WARNING: See https://github.com/node-config/node-config/wiki/Strict-Mode
30-04 18:51:33 +00:00: (node:3639393) [MONGODB DRIVER] Warning: useNewUrlParser is a deprecated option: useNewUrlParser has no effect since Node.js Driver version 4.0.0 and will be removed in the next major version
(Use `node-22 --trace-warnings ...` to show where the warning was created)
30-04 18:51:33 +00:00: (node:3639393) [MONGODB DRIVER] Warning: useUnifiedTopology is a deprecated option: useUnifiedTopology has no effect since Node.js Driver version 4.0.0 and will be removed in the next major version
30-04 18:51:33 +00:00: (node:3639393) NOTE: The AWS SDK for JavaScript (v2) will enter maintenance mode
on September 8, 2024 and reach end-of-support on September 8, 2025.

Please migrate your code to use AWS SDK for JavaScript (v3).
For more information, check blog post at https://a.co/cUPnyil
30-04 18:51:48 +00:00: WARNING: NODE_APP_INSTANCE value of '1' did not match any instance config file names.
30-04 18:51:48 +00:00: WARNING: See https://github.com/node-config/node-config/wiki/Strict-Mode
30-04 18:51:49 +00:00: (node:3639513) [MONGODB DRIVER] Warning: useNewUrlParser is a deprecated option: useNewUrlParser has no effect since Node.js Driver version 4.0.0 and will be removed in the next major version
(Use `node-22 --trace-warnings ...` to show where the warning was created)
30-04 18:51:49 +00:00: (node:3639513) [MONGODB DRIVER] Warning: useUnifiedTopology is a deprecated option: useUnifiedTopology has no effect since Node.js Driver version 4.0.0 and will be removed in the next major version
30-04 18:51:49 +00:00: (node:3639513) NOTE: The AWS SDK for JavaScript (v2) will enter maintenance mode
on September 8, 2024 and reach end-of-support on September 8, 2025.

Please migrate your code to use AWS SDK for JavaScript (v3).
For more information, check blog post at https://a.co/cUPnyil
30-04 18:52:23 +00:00: WARNING: NODE_APP_INSTANCE value of '1' did not match any instance config file names.
30-04 18:52:23 +00:00: WARNING: See https://github.com/node-config/node-config/wiki/Strict-Mode
30-04 18:52:23 +00:00: (node:3639650) [MONGODB DRIVER] Warning: useNewUrlParser is a deprecated option: useNewUrlParser has no effect since Node.js Driver version 4.0.0 and will be removed in the next major version
(Use `node-22 --trace-warnings ...` to show where the warning was created)
30-04 18:52:23 +00:00: (node:3639650) [MONGODB DRIVER] Warning: useUnifiedTopology is a deprecated option: useUnifiedTopology has no effect since Node.js Driver version 4.0.0 and will be removed in the next major version
30-04 18:52:23 +00:00: (node:3639650) NOTE: The AWS SDK for JavaScript (v2) will enter maintenance mode
on September 8, 2024 and reach end-of-support on September 8, 2025.

Please migrate your code to use AWS SDK for JavaScript (v3).
For more information, check blog post at https://a.co/cUPnyil
30-04 18:53:07 +00:00: WARNING: NODE_APP_INSTANCE value of '1' did not match any instance config file names.
30-04 18:53:07 +00:00: WARNING: See https://github.com/node-config/node-config/wiki/Strict-Mode
30-04 18:53:07 +00:00: (node:3639802) [MONGODB DRIVER] Warning: useNewUrlParser is a deprecated option: useNewUrlParser has no effect since Node.js Driver version 4.0.0 and will be removed in the next major version
(Use `node-22 --trace-warnings ...` to show where the warning was created)
30-04 18:53:07 +00:00: (node:3639802) [MONGODB DRIVER] Warning: useUnifiedTopology is a deprecated option: useUnifiedTopology has no effect since Node.js Driver version 4.0.0 and will be removed in the next major version
30-04 18:53:07 +00:00: (node:3639802) NOTE: The AWS SDK for JavaScript (v2) will enter maintenance mode
on September 8, 2024 and reach end-of-support on September 8, 2025.

Please migrate your code to use AWS SDK for JavaScript (v3).
For more information, check blog post at https://a.co/cUPnyil
30-04 19:09:43 +00:00: WARNING: NODE_APP_INSTANCE value of '1' did not match any instance config file names.
30-04 19:09:43 +00:00: WARNING: See https://github.com/node-config/node-config/wiki/Strict-Mode
30-04 19:09:44 +00:00: (node:3640851) [MONGODB DRIVER] Warning: useNewUrlParser is a deprecated option: useNewUrlParser has no effect since Node.js Driver version 4.0.0 and will be removed in the next major version
(Use `node-22 --trace-warnings ...` to show where the warning was created)
30-04 19:09:44 +00:00: (node:3640851) [MONGODB DRIVER] Warning: useUnifiedTopology is a deprecated option: useUnifiedTopology has no effect since Node.js Driver version 4.0.0 and will be removed in the next major version
30-04 19:09:44 +00:00: (node:3640851) NOTE: The AWS SDK for JavaScript (v2) will enter maintenance mode
on September 8, 2024 and reach end-of-support on September 8, 2025.

Please migrate your code to use AWS SDK for JavaScript (v3).
For more information, check blog post at https://a.co/cUPnyil
30-04 19:12:34 +00:00: WARNING: NODE_APP_INSTANCE value of '1' did not match any instance config file names.
30-04 19:12:34 +00:00: WARNING: See https://github.com/node-config/node-config/wiki/Strict-Mode
30-04 19:12:34 +00:00: (node:3641106) [MONGODB DRIVER] Warning: useNewUrlParser is a deprecated option: useNewUrlParser has no effect since Node.js Driver version 4.0.0 and will be removed in the next major version
(Use `node-22 --trace-warnings ...` to show where the warning was created)
30-04 19:12:34 +00:00: (node:3641106) [MONGODB DRIVER] Warning: useUnifiedTopology is a deprecated option: useUnifiedTopology has no effect since Node.js Driver version 4.0.0 and will be removed in the next major version
30-04 19:12:34 +00:00: (node:3641106) NOTE: The AWS SDK for JavaScript (v2) will enter maintenance mode
on September 8, 2024 and reach end-of-support on September 8, 2025.

Please migrate your code to use AWS SDK for JavaScript (v3).
For more information, check blog post at https://a.co/cUPnyil
