26-04 15:33:24 +00:00: /root/JDMO/main/main/database/Maps
26-04 15:33:24 +00:00: JDM API Server running at https://2.56.246.74:443/
26-04 15:33:24 +00:00: JWT Module Redis client connected
26-04 15:50:28 +00:00: Saved data to /root/JDMO/main/main/database/Maps/Gnarly.json
26-04 15:55:14 +00:00: Saved data to /root/JDMO/main/main/database/Maps/Gnarly.json
26-04 15:55:54 +00:00: Saved data to /root/JDMO/main/main/database/Maps/Gnarly.json
26-04 16:05:58 +00:00: Saved data to /root/JDMO/main/main/database/Maps/Gnarly.json
26-04 16:06:17 +00:00: Saved data to /root/JDMO/main/main/database/Maps/Gnarly.json
26-04 16:13:16 +00:00: Saved data to /root/JDMO/main/main/database/Maps/Gnarly.json
26-04 16:13:34 +00:00: Saved data to /root/JDMO/main/main/database/Maps/Gnarly.json
27-04 04:59:29 +00:00: Saved data to /root/JDMO/main/main/database/Maps/MJWannaBeRETAKE.json
27-04 04:59:54 +00:00: Saved data to /root/JDMO/main/main/database/Maps/MJWannaBeRETAKE.json
27-04 05:01:21 +00:00: Saved data to /root/JDMO/main/main/database/Maps/MJWannaBeRETAKE.json
27-04 05:01:41 +00:00: Saved data to /root/JDMO/main/main/database/Maps/MJWannaBeRETAKE.json
27-04 05:02:49 +00:00: Uploading file: jdmelody-nx-all.json as jdmelody-nx-all.2616eab3f2b9b96aaa1f4c1de4cd39db.json
27-04 05:02:49 +00:00: File uploaded: jdmelody-nx-all.2616eab3f2b9b96aaa1f4c1de4cd39db.json
27-04 05:02:49 +00:00: Updated local JSON file: data/songdb/NX/SongDB.json with URL: https://jdmo-cdn.c0llydoll.com/private/songdb/jdmelody-nx-all.2616eab3f2b9b96aaa1f4c1de4cd39db.json
27-04 05:02:49 +00:00: Uploading file: jdmelody-ps4-all.json as jdmelody-ps4-all.9cf34bf774fba6a3990c7b7eabdf4a83.json
27-04 05:02:49 +00:00: File uploaded: jdmelody-ps4-all.9cf34bf774fba6a3990c7b7eabdf4a83.json
27-04 05:02:49 +00:00: Updated local JSON file: data/songdb/PS4/SongDB.json with URL: https://jdmo-cdn.c0llydoll.com/private/songdb/jdmelody-ps4-all.9cf34bf774fba6a3990c7b7eabdf4a83.json
27-04 05:02:49 +00:00: Uploading file: jdmelody-pc-all.json as jdmelody-pc-all.88f250530cdde1f93a4bbac516d10d85.json
27-04 05:02:50 +00:00: File uploaded: jdmelody-pc-all.88f250530cdde1f93a4bbac516d10d85.json
27-04 05:02:50 +00:00: Updated local JSON file: data/songdb/PC/SongDB.json with URL: https://jdmo-cdn.c0llydoll.com/private/songdb/jdmelody-pc-all.88f250530cdde1f93a4bbac516d10d85.json
27-04 05:02:50 +00:00: Uploading file: jdmelody-nx-patreon.json as jdmelody-nx-patreon.48811c93920eaab8e8851a069b1afd78.json
27-04 05:02:50 +00:00: File uploaded: jdmelody-nx-patreon.48811c93920eaab8e8851a069b1afd78.json
27-04 05:02:50 +00:00: Updated local JSON file: data/songdb/NX/SongDB_Patreon.json with URL: https://jdmo-cdn.c0llydoll.com/private/songdb/jdmelody-nx-patreon.48811c93920eaab8e8851a069b1afd78.json
27-04 05:02:50 +00:00: Uploading file: jdmelody-ps4-patreon.json as jdmelody-ps4-patreon.c994201c2fad20da2b4bec5a89cc616a.json
27-04 05:02:52 +00:00: File uploaded: jdmelody-ps4-patreon.c994201c2fad20da2b4bec5a89cc616a.json
27-04 05:02:52 +00:00: Updated local JSON file: data/songdb/PS4/SongDB_Patreon.json with URL: https://jdmo-cdn.c0llydoll.com/private/songdb/jdmelody-ps4-patreon.c994201c2fad20da2b4bec5a89cc616a.json
27-04 05:02:52 +00:00: Uploading file: jdmelody-pc-patreon.json as jdmelody-pc-patreon.e0162ec8bfd75da504106ee7ad5a87f8.json
27-04 05:02:53 +00:00: File uploaded: jdmelody-pc-patreon.e0162ec8bfd75da504106ee7ad5a87f8.json
27-04 05:02:53 +00:00: Updated local JSON file: data/songdb/PC/SongDB_Patreon.json with URL: https://jdmo-cdn.c0llydoll.com/private/songdb/jdmelody-pc-patreon.e0162ec8bfd75da504106ee7ad5a87f8.json
27-04 05:02:53 +00:00: Uploading file: jdmelody-nx-dev.json as jdmelody-nx-dev.de34a3b278e9e7a42d8324b9fb45aaf4.json
27-04 05:02:53 +00:00: File uploaded: jdmelody-nx-dev.de34a3b278e9e7a42d8324b9fb45aaf4.json
27-04 05:02:53 +00:00: Updated local JSON file: data/songdb/NX/SongDB_Dev.json with URL: https://jdmo-cdn.c0llydoll.com/private/songdb/jdmelody-nx-dev.de34a3b278e9e7a42d8324b9fb45aaf4.json
27-04 05:02:53 +00:00: Uploading file: jdmelody-ps4-dev.json as jdmelody-ps4-dev.862037762543325dd325f824bb4bdbec.json
27-04 05:02:53 +00:00: File uploaded: jdmelody-ps4-dev.862037762543325dd325f824bb4bdbec.json
27-04 05:02:53 +00:00: Updated local JSON file: data/songdb/PS4/SongDB_Dev.json with URL: https://jdmo-cdn.c0llydoll.com/private/songdb/jdmelody-ps4-dev.862037762543325dd325f824bb4bdbec.json
27-04 05:02:53 +00:00: Uploading file: jdmelody-pc-dev.json as jdmelody-pc-dev.0d7e486023457b118b141ae15686cde2.json
27-04 05:02:54 +00:00: File uploaded: jdmelody-pc-dev.0d7e486023457b118b141ae15686cde2.json
27-04 05:02:54 +00:00: Updated local JSON file: data/songdb/PC/SongDB_Dev.json with URL: https://jdmo-cdn.c0llydoll.com/private/songdb/jdmelody-pc-dev.0d7e486023457b118b141ae15686cde2.json
27-04 05:13:58 +00:00: Saved data to /root/JDMO/main/main/database/Maps/MJSpeedDemon.json
27-04 05:14:21 +00:00: Saved data to /root/JDMO/main/main/database/Maps/MJSpeedDemon.json
27-04 05:14:55 +00:00: Saved data to /root/JDMO/main/main/database/Maps/MJSpeedDemon.json
27-04 05:26:10 +00:00: Saved data to /root/JDMO/main/main/database/Maps/MJWorkingDayNight.json
27-04 05:27:43 +00:00: Saved data to /root/JDMO/main/main/database/Maps/MJWorkingDayNight.json
27-04 05:29:52 +00:00: Saved data to /root/JDMO/main/main/database/Maps/MJWorkingDayNight.json
27-04 05:41:55 +00:00: Saved data to /root/JDMO/main/main/database/Maps/MJWannaBeRETAKE.json
27-04 05:42:43 +00:00: Saved data to /root/JDMO/main/main/database/Maps/MJWannaBeRETAKE.json
27-04 14:02:24 +00:00: Saved data to /root/JDMO/main/main/database/Maps/Gnarly.json
27-04 14:03:30 +00:00: Saved data to /root/JDMO/main/main/database/Maps/Gnarly.json
27-04 14:03:50 +00:00: Saved data to /root/JDMO/main/main/database/Maps/Gnarly.json
27-04 14:04:16 +00:00: Uploading file: jdmelody-nx-all.json as jdmelody-nx-all.2616eab3f2b9b96aaa1f4c1de4cd39db.json
27-04 14:04:17 +00:00: File uploaded: jdmelody-nx-all.2616eab3f2b9b96aaa1f4c1de4cd39db.json
27-04 14:04:17 +00:00: Updated local JSON file: data/songdb/NX/SongDB.json with URL: https://jdmo-cdn.c0llydoll.com/private/songdb/jdmelody-nx-all.2616eab3f2b9b96aaa1f4c1de4cd39db.json
27-04 14:04:17 +00:00: Uploading file: jdmelody-ps4-all.json as jdmelody-ps4-all.9cf34bf774fba6a3990c7b7eabdf4a83.json
27-04 14:04:18 +00:00: File uploaded: jdmelody-ps4-all.9cf34bf774fba6a3990c7b7eabdf4a83.json
27-04 14:04:18 +00:00: Updated local JSON file: data/songdb/PS4/SongDB.json with URL: https://jdmo-cdn.c0llydoll.com/private/songdb/jdmelody-ps4-all.9cf34bf774fba6a3990c7b7eabdf4a83.json
27-04 14:04:18 +00:00: Uploading file: jdmelody-pc-all.json as jdmelody-pc-all.88f250530cdde1f93a4bbac516d10d85.json
27-04 14:04:19 +00:00: File uploaded: jdmelody-pc-all.88f250530cdde1f93a4bbac516d10d85.json
27-04 14:04:19 +00:00: Updated local JSON file: data/songdb/PC/SongDB.json with URL: https://jdmo-cdn.c0llydoll.com/private/songdb/jdmelody-pc-all.88f250530cdde1f93a4bbac516d10d85.json
27-04 14:04:19 +00:00: Uploading file: jdmelody-nx-patreon.json as jdmelody-nx-patreon.48811c93920eaab8e8851a069b1afd78.json
27-04 14:04:19 +00:00: File uploaded: jdmelody-nx-patreon.48811c93920eaab8e8851a069b1afd78.json
27-04 14:04:19 +00:00: Updated local JSON file: data/songdb/NX/SongDB_Patreon.json with URL: https://jdmo-cdn.c0llydoll.com/private/songdb/jdmelody-nx-patreon.48811c93920eaab8e8851a069b1afd78.json
27-04 14:04:19 +00:00: Uploading file: jdmelody-ps4-patreon.json as jdmelody-ps4-patreon.c994201c2fad20da2b4bec5a89cc616a.json
27-04 14:04:19 +00:00: File uploaded: jdmelody-ps4-patreon.c994201c2fad20da2b4bec5a89cc616a.json
27-04 14:04:19 +00:00: Updated local JSON file: data/songdb/PS4/SongDB_Patreon.json with URL: https://jdmo-cdn.c0llydoll.com/private/songdb/jdmelody-ps4-patreon.c994201c2fad20da2b4bec5a89cc616a.json
27-04 14:04:19 +00:00: Uploading file: jdmelody-pc-patreon.json as jdmelody-pc-patreon.e0162ec8bfd75da504106ee7ad5a87f8.json
27-04 14:04:20 +00:00: File uploaded: jdmelody-pc-patreon.e0162ec8bfd75da504106ee7ad5a87f8.json
27-04 14:04:20 +00:00: Updated local JSON file: data/songdb/PC/SongDB_Patreon.json with URL: https://jdmo-cdn.c0llydoll.com/private/songdb/jdmelody-pc-patreon.e0162ec8bfd75da504106ee7ad5a87f8.json
27-04 14:04:20 +00:00: Uploading file: jdmelody-nx-dev.json as jdmelody-nx-dev.a5ced64a1985ed72d2ad6d665a38b1fa.json
27-04 14:04:20 +00:00: File uploaded: jdmelody-nx-dev.a5ced64a1985ed72d2ad6d665a38b1fa.json
27-04 14:04:20 +00:00: Updated local JSON file: data/songdb/NX/SongDB_Dev.json with URL: https://jdmo-cdn.c0llydoll.com/private/songdb/jdmelody-nx-dev.a5ced64a1985ed72d2ad6d665a38b1fa.json
27-04 14:04:20 +00:00: Uploading file: jdmelody-ps4-dev.json as jdmelody-ps4-dev.c0ea7a4e943467e2749439578f83113f.json
27-04 14:04:20 +00:00: File uploaded: jdmelody-ps4-dev.c0ea7a4e943467e2749439578f83113f.json
27-04 14:04:20 +00:00: Updated local JSON file: data/songdb/PS4/SongDB_Dev.json with URL: https://jdmo-cdn.c0llydoll.com/private/songdb/jdmelody-ps4-dev.c0ea7a4e943467e2749439578f83113f.json
27-04 14:04:20 +00:00: Uploading file: jdmelody-pc-dev.json as jdmelody-pc-dev.879eb3b69330625f078a9c90d599d8e8.json
27-04 14:04:20 +00:00: File uploaded: jdmelody-pc-dev.879eb3b69330625f078a9c90d599d8e8.json
27-04 14:04:20 +00:00: Updated local JSON file: data/songdb/PC/SongDB_Dev.json with URL: https://jdmo-cdn.c0llydoll.com/private/songdb/jdmelody-pc-dev.879eb3b69330625f078a9c90d599d8e8.json
27-04 18:59:21 +00:00: /root/JDMO/main/main/database/Maps
27-04 18:59:21 +00:00: JDM API Server running at https://2.56.246.74:443/
27-04 18:59:21 +00:00: JWT Module Redis client connected
27-04 19:04:01 +00:00: Saved data to /root/JDMO/main/main/database/Maps/MJThrillerRETAKE.json
27-04 19:04:01 +00:00: Saved data to /root/JDMO/main/main/database/Maps/MJThrillerRETAKE.json
27-04 19:08:44 +00:00: Saved data to /root/JDMO/main/main/database/Maps/MJWannaBeRETAKE.json
27-04 19:09:41 +00:00: Saved data to /root/JDMO/main/main/database/Maps/MJWannaBeRETAKE.json
27-04 19:10:49 +00:00: Saved data to /root/JDMO/main/main/database/Maps/MJWorkingDayNight.json
27-04 19:11:16 +00:00: Saved data to /root/JDMO/main/main/database/Maps/MJWorkingDayNight.json
27-04 19:13:03 +00:00: Uploading file: jdmelody-nx-all.json as jdmelody-nx-all.2616eab3f2b9b96aaa1f4c1de4cd39db.json
27-04 19:13:03 +00:00: File uploaded: jdmelody-nx-all.2616eab3f2b9b96aaa1f4c1de4cd39db.json
27-04 19:13:03 +00:00: Updated local JSON file: data/songdb/NX/SongDB.json with URL: https://jdmo-cdn.c0llydoll.com/private/songdb/jdmelody-nx-all.2616eab3f2b9b96aaa1f4c1de4cd39db.json
27-04 19:13:03 +00:00: Uploading file: jdmelody-ps4-all.json as jdmelody-ps4-all.9cf34bf774fba6a3990c7b7eabdf4a83.json
27-04 19:13:04 +00:00: File uploaded: jdmelody-ps4-all.9cf34bf774fba6a3990c7b7eabdf4a83.json
27-04 19:13:04 +00:00: Updated local JSON file: data/songdb/PS4/SongDB.json with URL: https://jdmo-cdn.c0llydoll.com/private/songdb/jdmelody-ps4-all.9cf34bf774fba6a3990c7b7eabdf4a83.json
27-04 19:13:04 +00:00: Uploading file: jdmelody-pc-all.json as jdmelody-pc-all.88f250530cdde1f93a4bbac516d10d85.json
27-04 19:13:04 +00:00: File uploaded: jdmelody-pc-all.88f250530cdde1f93a4bbac516d10d85.json
27-04 19:13:04 +00:00: Updated local JSON file: data/songdb/PC/SongDB.json with URL: https://jdmo-cdn.c0llydoll.com/private/songdb/jdmelody-pc-all.88f250530cdde1f93a4bbac516d10d85.json
27-04 19:13:04 +00:00: Uploading file: jdmelody-nx-patreon.json as jdmelody-nx-patreon.48811c93920eaab8e8851a069b1afd78.json
27-04 19:13:04 +00:00: File uploaded: jdmelody-nx-patreon.48811c93920eaab8e8851a069b1afd78.json
27-04 19:13:04 +00:00: Updated local JSON file: data/songdb/NX/SongDB_Patreon.json with URL: https://jdmo-cdn.c0llydoll.com/private/songdb/jdmelody-nx-patreon.48811c93920eaab8e8851a069b1afd78.json
27-04 19:13:04 +00:00: Uploading file: jdmelody-ps4-patreon.json as jdmelody-ps4-patreon.c994201c2fad20da2b4bec5a89cc616a.json
27-04 19:13:05 +00:00: File uploaded: jdmelody-ps4-patreon.c994201c2fad20da2b4bec5a89cc616a.json
27-04 19:13:05 +00:00: Updated local JSON file: data/songdb/PS4/SongDB_Patreon.json with URL: https://jdmo-cdn.c0llydoll.com/private/songdb/jdmelody-ps4-patreon.c994201c2fad20da2b4bec5a89cc616a.json
27-04 19:13:05 +00:00: Uploading file: jdmelody-pc-patreon.json as jdmelody-pc-patreon.e0162ec8bfd75da504106ee7ad5a87f8.json
27-04 19:13:05 +00:00: File uploaded: jdmelody-pc-patreon.e0162ec8bfd75da504106ee7ad5a87f8.json
27-04 19:13:05 +00:00: Updated local JSON file: data/songdb/PC/SongDB_Patreon.json with URL: https://jdmo-cdn.c0llydoll.com/private/songdb/jdmelody-pc-patreon.e0162ec8bfd75da504106ee7ad5a87f8.json
27-04 19:13:05 +00:00: Uploading file: jdmelody-nx-dev.json as jdmelody-nx-dev.7aef0523f92e66e2f5fae41cac9148e9.json
27-04 19:13:05 +00:00: File uploaded: jdmelody-nx-dev.7aef0523f92e66e2f5fae41cac9148e9.json
27-04 19:13:05 +00:00: Updated local JSON file: data/songdb/NX/SongDB_Dev.json with URL: https://jdmo-cdn.c0llydoll.com/private/songdb/jdmelody-nx-dev.7aef0523f92e66e2f5fae41cac9148e9.json
27-04 19:13:06 +00:00: Uploading file: jdmelody-ps4-dev.json as jdmelody-ps4-dev.90176ba2aa31565d33974e0bf40fe089.json
27-04 19:13:06 +00:00: File uploaded: jdmelody-ps4-dev.90176ba2aa31565d33974e0bf40fe089.json
27-04 19:13:06 +00:00: Updated local JSON file: data/songdb/PS4/SongDB_Dev.json with URL: https://jdmo-cdn.c0llydoll.com/private/songdb/jdmelody-ps4-dev.90176ba2aa31565d33974e0bf40fe089.json
27-04 19:13:06 +00:00: Uploading file: jdmelody-pc-dev.json as jdmelody-pc-dev.1f1e58a834a87cc3475e4bfd62d3ccea.json
27-04 19:13:06 +00:00: File uploaded: jdmelody-pc-dev.1f1e58a834a87cc3475e4bfd62d3ccea.json
27-04 19:13:06 +00:00: Updated local JSON file: data/songdb/PC/SongDB_Dev.json with URL: https://jdmo-cdn.c0llydoll.com/private/songdb/jdmelody-pc-dev.1f1e58a834a87cc3475e4bfd62d3ccea.json
28-04 07:23:38 +00:00: Saved data to /root/JDMO/main/main/database/Maps/MJWorkingDayNight.json
28-04 07:26:10 +00:00: Saved data to /root/JDMO/main/main/database/Maps/MJDontStop.json
28-04 07:38:47 +00:00: Saved data to /root/JDMO/main/main/database/Maps/SurvivalDance.json
28-04 07:39:28 +00:00: Uploading file: jdmelody-nx-all.json as jdmelody-nx-all.2616eab3f2b9b96aaa1f4c1de4cd39db.json
28-04 07:39:29 +00:00: File uploaded: jdmelody-nx-all.2616eab3f2b9b96aaa1f4c1de4cd39db.json
28-04 07:39:29 +00:00: Updated local JSON file: data/songdb/NX/SongDB.json with URL: https://jdmo-cdn.c0llydoll.com/private/songdb/jdmelody-nx-all.2616eab3f2b9b96aaa1f4c1de4cd39db.json
28-04 07:39:29 +00:00: Uploading file: jdmelody-ps4-all.json as jdmelody-ps4-all.9cf34bf774fba6a3990c7b7eabdf4a83.json
28-04 07:39:30 +00:00: File uploaded: jdmelody-ps4-all.9cf34bf774fba6a3990c7b7eabdf4a83.json
28-04 07:39:30 +00:00: Updated local JSON file: data/songdb/PS4/SongDB.json with URL: https://jdmo-cdn.c0llydoll.com/private/songdb/jdmelody-ps4-all.9cf34bf774fba6a3990c7b7eabdf4a83.json
28-04 07:39:30 +00:00: Uploading file: jdmelody-pc-all.json as jdmelody-pc-all.88f250530cdde1f93a4bbac516d10d85.json
28-04 07:39:30 +00:00: File uploaded: jdmelody-pc-all.88f250530cdde1f93a4bbac516d10d85.json
28-04 07:39:30 +00:00: Updated local JSON file: data/songdb/PC/SongDB.json with URL: https://jdmo-cdn.c0llydoll.com/private/songdb/jdmelody-pc-all.88f250530cdde1f93a4bbac516d10d85.json
28-04 07:39:30 +00:00: Uploading file: jdmelody-nx-patreon.json as jdmelody-nx-patreon.48811c93920eaab8e8851a069b1afd78.json
28-04 07:39:30 +00:00: File uploaded: jdmelody-nx-patreon.48811c93920eaab8e8851a069b1afd78.json
28-04 07:39:30 +00:00: Updated local JSON file: data/songdb/NX/SongDB_Patreon.json with URL: https://jdmo-cdn.c0llydoll.com/private/songdb/jdmelody-nx-patreon.48811c93920eaab8e8851a069b1afd78.json
28-04 07:39:30 +00:00: Uploading file: jdmelody-ps4-patreon.json as jdmelody-ps4-patreon.c994201c2fad20da2b4bec5a89cc616a.json
28-04 07:39:31 +00:00: File uploaded: jdmelody-ps4-patreon.c994201c2fad20da2b4bec5a89cc616a.json
28-04 07:39:31 +00:00: Updated local JSON file: data/songdb/PS4/SongDB_Patreon.json with URL: https://jdmo-cdn.c0llydoll.com/private/songdb/jdmelody-ps4-patreon.c994201c2fad20da2b4bec5a89cc616a.json
28-04 07:39:31 +00:00: Uploading file: jdmelody-pc-patreon.json as jdmelody-pc-patreon.e0162ec8bfd75da504106ee7ad5a87f8.json
28-04 07:39:31 +00:00: File uploaded: jdmelody-pc-patreon.e0162ec8bfd75da504106ee7ad5a87f8.json
28-04 07:39:31 +00:00: Updated local JSON file: data/songdb/PC/SongDB_Patreon.json with URL: https://jdmo-cdn.c0llydoll.com/private/songdb/jdmelody-pc-patreon.e0162ec8bfd75da504106ee7ad5a87f8.json
28-04 07:39:31 +00:00: Uploading file: jdmelody-nx-dev.json as jdmelody-nx-dev.5638f9465a4906c194d53c4aca9848cc.json
28-04 07:39:32 +00:00: File uploaded: jdmelody-nx-dev.5638f9465a4906c194d53c4aca9848cc.json
28-04 07:39:32 +00:00: Updated local JSON file: data/songdb/NX/SongDB_Dev.json with URL: https://jdmo-cdn.c0llydoll.com/private/songdb/jdmelody-nx-dev.5638f9465a4906c194d53c4aca9848cc.json
28-04 07:39:32 +00:00: Uploading file: jdmelody-ps4-dev.json as jdmelody-ps4-dev.a736dbae00ae0dbf95bbd6a6c00b742c.json
28-04 07:39:32 +00:00: File uploaded: jdmelody-ps4-dev.a736dbae00ae0dbf95bbd6a6c00b742c.json
28-04 07:39:32 +00:00: Updated local JSON file: data/songdb/PS4/SongDB_Dev.json with URL: https://jdmo-cdn.c0llydoll.com/private/songdb/jdmelody-ps4-dev.a736dbae00ae0dbf95bbd6a6c00b742c.json
28-04 07:39:32 +00:00: Uploading file: jdmelody-pc-dev.json as jdmelody-pc-dev.d560532dbb330b2764b0e8a3da315f0a.json
28-04 07:39:32 +00:00: File uploaded: jdmelody-pc-dev.d560532dbb330b2764b0e8a3da315f0a.json
28-04 07:39:32 +00:00: Updated local JSON file: data/songdb/PC/SongDB_Dev.json with URL: https://jdmo-cdn.c0llydoll.com/private/songdb/jdmelody-pc-dev.d560532dbb330b2764b0e8a3da315f0a.json
28-04 08:20:50 +00:00: Saved data to /root/JDMO/main/main/database/Maps/SurvivalDance.json
28-04 08:21:16 +00:00: Saved data to /root/JDMO/main/main/database/Maps/SurvivalDance.json
28-04 08:22:44 +00:00: Saved data to /root/JDMO/main/main/database/Maps/SurvivalDance.json
28-04 08:24:45 +00:00: Saved data to /root/JDMO/main/main/database/Maps/MJDontStop.json
28-04 08:25:12 +00:00: Saved data to /root/JDMO/main/main/database/Maps/MJDontStop.json
28-04 08:26:39 +00:00: Saved data to /root/JDMO/main/main/database/Maps/MJDontStop.json
28-04 08:42:48 +00:00: Saved data to /root/JDMO/main/main/database/Maps/MJBillieJeanRETAKE.json
28-04 08:43:12 +00:00: Saved data to /root/JDMO/main/main/database/Maps/MJBillieJeanRETAKE.json
28-04 08:46:51 +00:00: Saved data to /root/JDMO/main/main/database/Maps/MJWorkingDayNight.json
28-04 08:50:09 +00:00: Saved data to /root/JDMO/main/main/database/Maps/UFORETAKE.json
28-04 08:50:39 +00:00: Saved data to /root/JDMO/main/main/database/Maps/UFORETAKE.json
28-04 08:56:29 +00:00: Uploading file: jdmelody-nx-all.json as jdmelody-nx-all.e067e3bd5fd4a16c697fddede10b4163.json
28-04 08:56:30 +00:00: File uploaded: jdmelody-nx-all.e067e3bd5fd4a16c697fddede10b4163.json
28-04 08:56:30 +00:00: Updated local JSON file: data/songdb/NX/SongDB.json with URL: https://jdmo-cdn.c0llydoll.com/private/songdb/jdmelody-nx-all.e067e3bd5fd4a16c697fddede10b4163.json
28-04 08:56:30 +00:00: Uploading file: jdmelody-ps4-all.json as jdmelody-ps4-all.f6f1d24c09b862caeaebaf3803c61161.json
28-04 08:56:30 +00:00: File uploaded: jdmelody-ps4-all.f6f1d24c09b862caeaebaf3803c61161.json
28-04 08:56:30 +00:00: Updated local JSON file: data/songdb/PS4/SongDB.json with URL: https://jdmo-cdn.c0llydoll.com/private/songdb/jdmelody-ps4-all.f6f1d24c09b862caeaebaf3803c61161.json
28-04 08:56:30 +00:00: Uploading file: jdmelody-pc-all.json as jdmelody-pc-all.a42e6ca3f44441ace4bb4b0f7ae8441c.json
28-04 08:56:31 +00:00: File uploaded: jdmelody-pc-all.a42e6ca3f44441ace4bb4b0f7ae8441c.json
28-04 08:56:31 +00:00: Updated local JSON file: data/songdb/PC/SongDB.json with URL: https://jdmo-cdn.c0llydoll.com/private/songdb/jdmelody-pc-all.a42e6ca3f44441ace4bb4b0f7ae8441c.json
28-04 08:56:31 +00:00: Uploading file: jdmelody-nx-patreon.json as jdmelody-nx-patreon.efeade517a620d85c5886cf6e5b363f3.json
28-04 08:56:31 +00:00: File uploaded: jdmelody-nx-patreon.efeade517a620d85c5886cf6e5b363f3.json
28-04 08:56:31 +00:00: Updated local JSON file: data/songdb/NX/SongDB_Patreon.json with URL: https://jdmo-cdn.c0llydoll.com/private/songdb/jdmelody-nx-patreon.efeade517a620d85c5886cf6e5b363f3.json
28-04 08:56:31 +00:00: Uploading file: jdmelody-ps4-patreon.json as jdmelody-ps4-patreon.1af10e705380421c849d54ea07d1ea2c.json
28-04 08:56:31 +00:00: File uploaded: jdmelody-ps4-patreon.1af10e705380421c849d54ea07d1ea2c.json
28-04 08:56:31 +00:00: Updated local JSON file: data/songdb/PS4/SongDB_Patreon.json with URL: https://jdmo-cdn.c0llydoll.com/private/songdb/jdmelody-ps4-patreon.1af10e705380421c849d54ea07d1ea2c.json
28-04 08:56:31 +00:00: Uploading file: jdmelody-pc-patreon.json as jdmelody-pc-patreon.32ab8f73ce1b469a8f30e98886d8c7ad.json
28-04 08:56:31 +00:00: File uploaded: jdmelody-pc-patreon.32ab8f73ce1b469a8f30e98886d8c7ad.json
28-04 08:56:31 +00:00: Updated local JSON file: data/songdb/PC/SongDB_Patreon.json with URL: https://jdmo-cdn.c0llydoll.com/private/songdb/jdmelody-pc-patreon.32ab8f73ce1b469a8f30e98886d8c7ad.json
28-04 08:56:31 +00:00: Uploading file: jdmelody-nx-dev.json as jdmelody-nx-dev.5cc918147549df28654d8148ca874ce2.json
28-04 08:56:32 +00:00: File uploaded: jdmelody-nx-dev.5cc918147549df28654d8148ca874ce2.json
28-04 08:56:32 +00:00: Updated local JSON file: data/songdb/NX/SongDB_Dev.json with URL: https://jdmo-cdn.c0llydoll.com/private/songdb/jdmelody-nx-dev.5cc918147549df28654d8148ca874ce2.json
28-04 08:56:32 +00:00: Uploading file: jdmelody-ps4-dev.json as jdmelody-ps4-dev.a8bf6f6c50f936df8b51cb2e3d5d3033.json
28-04 08:56:32 +00:00: File uploaded: jdmelody-ps4-dev.a8bf6f6c50f936df8b51cb2e3d5d3033.json
28-04 08:56:32 +00:00: Updated local JSON file: data/songdb/PS4/SongDB_Dev.json with URL: https://jdmo-cdn.c0llydoll.com/private/songdb/jdmelody-ps4-dev.a8bf6f6c50f936df8b51cb2e3d5d3033.json
28-04 08:56:32 +00:00: Uploading file: jdmelody-pc-dev.json as jdmelody-pc-dev.31ccbc578fd8ea94a62b7d53f5591793.json
28-04 08:56:34 +00:00: File uploaded: jdmelody-pc-dev.31ccbc578fd8ea94a62b7d53f5591793.json
28-04 08:56:34 +00:00: Updated local JSON file: data/songdb/PC/SongDB_Dev.json with URL: https://jdmo-cdn.c0llydoll.com/private/songdb/jdmelody-pc-dev.31ccbc578fd8ea94a62b7d53f5591793.json
28-04 08:56:36 +00:00: Saved data to /root/JDMO/main/main/database/Maps/MJSpeedDemon.json
28-04 08:56:50 +00:00: Uploading file: jdmelody-nx-all.json as jdmelody-nx-all.e067e3bd5fd4a16c697fddede10b4163.json
28-04 08:56:50 +00:00: File uploaded: jdmelody-nx-all.e067e3bd5fd4a16c697fddede10b4163.json
28-04 08:56:50 +00:00: Updated local JSON file: data/songdb/NX/SongDB.json with URL: https://jdmo-cdn.c0llydoll.com/private/songdb/jdmelody-nx-all.e067e3bd5fd4a16c697fddede10b4163.json
28-04 08:56:50 +00:00: Uploading file: jdmelody-ps4-all.json as jdmelody-ps4-all.f6f1d24c09b862caeaebaf3803c61161.json
28-04 08:56:51 +00:00: File uploaded: jdmelody-ps4-all.f6f1d24c09b862caeaebaf3803c61161.json
28-04 08:56:51 +00:00: Updated local JSON file: data/songdb/PS4/SongDB.json with URL: https://jdmo-cdn.c0llydoll.com/private/songdb/jdmelody-ps4-all.f6f1d24c09b862caeaebaf3803c61161.json
28-04 08:56:51 +00:00: Uploading file: jdmelody-pc-all.json as jdmelody-pc-all.a42e6ca3f44441ace4bb4b0f7ae8441c.json
28-04 08:56:51 +00:00: File uploaded: jdmelody-pc-all.a42e6ca3f44441ace4bb4b0f7ae8441c.json
28-04 08:56:51 +00:00: Updated local JSON file: data/songdb/PC/SongDB.json with URL: https://jdmo-cdn.c0llydoll.com/private/songdb/jdmelody-pc-all.a42e6ca3f44441ace4bb4b0f7ae8441c.json
28-04 08:56:51 +00:00: Uploading file: jdmelody-nx-patreon.json as jdmelody-nx-patreon.efeade517a620d85c5886cf6e5b363f3.json
28-04 08:56:52 +00:00: File uploaded: jdmelody-nx-patreon.efeade517a620d85c5886cf6e5b363f3.json
28-04 08:56:52 +00:00: Updated local JSON file: data/songdb/NX/SongDB_Patreon.json with URL: https://jdmo-cdn.c0llydoll.com/private/songdb/jdmelody-nx-patreon.efeade517a620d85c5886cf6e5b363f3.json
28-04 08:56:52 +00:00: Uploading file: jdmelody-ps4-patreon.json as jdmelody-ps4-patreon.1af10e705380421c849d54ea07d1ea2c.json
28-04 08:56:52 +00:00: File uploaded: jdmelody-ps4-patreon.1af10e705380421c849d54ea07d1ea2c.json
28-04 08:56:52 +00:00: Updated local JSON file: data/songdb/PS4/SongDB_Patreon.json with URL: https://jdmo-cdn.c0llydoll.com/private/songdb/jdmelody-ps4-patreon.1af10e705380421c849d54ea07d1ea2c.json
28-04 08:56:52 +00:00: Uploading file: jdmelody-pc-patreon.json as jdmelody-pc-patreon.32ab8f73ce1b469a8f30e98886d8c7ad.json
28-04 08:56:54 +00:00: File uploaded: jdmelody-pc-patreon.32ab8f73ce1b469a8f30e98886d8c7ad.json
28-04 08:56:54 +00:00: Updated local JSON file: data/songdb/PC/SongDB_Patreon.json with URL: https://jdmo-cdn.c0llydoll.com/private/songdb/jdmelody-pc-patreon.32ab8f73ce1b469a8f30e98886d8c7ad.json
28-04 08:56:54 +00:00: Uploading file: jdmelody-nx-dev.json as jdmelody-nx-dev.75a9580fecae418de4ed7740442beb9a.json
28-04 08:56:54 +00:00: File uploaded: jdmelody-nx-dev.75a9580fecae418de4ed7740442beb9a.json
28-04 08:56:54 +00:00: Updated local JSON file: data/songdb/NX/SongDB_Dev.json with URL: https://jdmo-cdn.c0llydoll.com/private/songdb/jdmelody-nx-dev.75a9580fecae418de4ed7740442beb9a.json
28-04 08:56:54 +00:00: Uploading file: jdmelody-ps4-dev.json as jdmelody-ps4-dev.546c7449ba15ef60619f018275959688.json
28-04 08:56:55 +00:00: File uploaded: jdmelody-ps4-dev.546c7449ba15ef60619f018275959688.json
28-04 08:56:55 +00:00: Updated local JSON file: data/songdb/PS4/SongDB_Dev.json with URL: https://jdmo-cdn.c0llydoll.com/private/songdb/jdmelody-ps4-dev.546c7449ba15ef60619f018275959688.json
28-04 08:56:55 +00:00: Uploading file: jdmelody-pc-dev.json as jdmelody-pc-dev.6cf55d077e91e77f45e74df3ccd74bab.json
28-04 08:56:55 +00:00: File uploaded: jdmelody-pc-dev.6cf55d077e91e77f45e74df3ccd74bab.json
28-04 08:56:55 +00:00: Updated local JSON file: data/songdb/PC/SongDB_Dev.json with URL: https://jdmo-cdn.c0llydoll.com/private/songdb/jdmelody-pc-dev.6cf55d077e91e77f45e74df3ccd74bab.json
28-04 08:57:01 +00:00: Saved data to /root/JDMO/main/main/database/Maps/MJSpeedDemon.json
28-04 08:57:12 +00:00: Uploading file: jdmelody-nx-all.json as jdmelody-nx-all.e067e3bd5fd4a16c697fddede10b4163.json
28-04 08:57:13 +00:00: File uploaded: jdmelody-nx-all.e067e3bd5fd4a16c697fddede10b4163.json
28-04 08:57:13 +00:00: Updated local JSON file: data/songdb/NX/SongDB.json with URL: https://jdmo-cdn.c0llydoll.com/private/songdb/jdmelody-nx-all.e067e3bd5fd4a16c697fddede10b4163.json
28-04 08:57:13 +00:00: Uploading file: jdmelody-ps4-all.json as jdmelody-ps4-all.f6f1d24c09b862caeaebaf3803c61161.json
28-04 08:57:13 +00:00: File uploaded: jdmelody-ps4-all.f6f1d24c09b862caeaebaf3803c61161.json
28-04 08:57:13 +00:00: Updated local JSON file: data/songdb/PS4/SongDB.json with URL: https://jdmo-cdn.c0llydoll.com/private/songdb/jdmelody-ps4-all.f6f1d24c09b862caeaebaf3803c61161.json
28-04 08:57:13 +00:00: Uploading file: jdmelody-pc-all.json as jdmelody-pc-all.a42e6ca3f44441ace4bb4b0f7ae8441c.json
28-04 08:57:14 +00:00: File uploaded: jdmelody-pc-all.a42e6ca3f44441ace4bb4b0f7ae8441c.json
28-04 08:57:14 +00:00: Updated local JSON file: data/songdb/PC/SongDB.json with URL: https://jdmo-cdn.c0llydoll.com/private/songdb/jdmelody-pc-all.a42e6ca3f44441ace4bb4b0f7ae8441c.json
28-04 08:57:14 +00:00: Uploading file: jdmelody-nx-patreon.json as jdmelody-nx-patreon.efeade517a620d85c5886cf6e5b363f3.json
28-04 08:57:15 +00:00: File uploaded: jdmelody-nx-patreon.efeade517a620d85c5886cf6e5b363f3.json
28-04 08:57:15 +00:00: Updated local JSON file: data/songdb/NX/SongDB_Patreon.json with URL: https://jdmo-cdn.c0llydoll.com/private/songdb/jdmelody-nx-patreon.efeade517a620d85c5886cf6e5b363f3.json
28-04 08:57:15 +00:00: Uploading file: jdmelody-ps4-patreon.json as jdmelody-ps4-patreon.1af10e705380421c849d54ea07d1ea2c.json
28-04 08:57:15 +00:00: File uploaded: jdmelody-ps4-patreon.1af10e705380421c849d54ea07d1ea2c.json
28-04 08:57:15 +00:00: Updated local JSON file: data/songdb/PS4/SongDB_Patreon.json with URL: https://jdmo-cdn.c0llydoll.com/private/songdb/jdmelody-ps4-patreon.1af10e705380421c849d54ea07d1ea2c.json
28-04 08:57:15 +00:00: Uploading file: jdmelody-pc-patreon.json as jdmelody-pc-patreon.32ab8f73ce1b469a8f30e98886d8c7ad.json
28-04 08:57:16 +00:00: File uploaded: jdmelody-pc-patreon.32ab8f73ce1b469a8f30e98886d8c7ad.json
28-04 08:57:16 +00:00: Updated local JSON file: data/songdb/PC/SongDB_Patreon.json with URL: https://jdmo-cdn.c0llydoll.com/private/songdb/jdmelody-pc-patreon.32ab8f73ce1b469a8f30e98886d8c7ad.json
28-04 08:57:16 +00:00: Uploading file: jdmelody-nx-dev.json as jdmelody-nx-dev.75a9580fecae418de4ed7740442beb9a.json
28-04 08:57:16 +00:00: File uploaded: jdmelody-nx-dev.75a9580fecae418de4ed7740442beb9a.json
28-04 08:57:16 +00:00: Updated local JSON file: data/songdb/NX/SongDB_Dev.json with URL: https://jdmo-cdn.c0llydoll.com/private/songdb/jdmelody-nx-dev.75a9580fecae418de4ed7740442beb9a.json
28-04 08:57:16 +00:00: Uploading file: jdmelody-ps4-dev.json as jdmelody-ps4-dev.546c7449ba15ef60619f018275959688.json
28-04 08:57:17 +00:00: File uploaded: jdmelody-ps4-dev.546c7449ba15ef60619f018275959688.json
28-04 08:57:17 +00:00: Updated local JSON file: data/songdb/PS4/SongDB_Dev.json with URL: https://jdmo-cdn.c0llydoll.com/private/songdb/jdmelody-ps4-dev.546c7449ba15ef60619f018275959688.json
28-04 08:57:17 +00:00: Uploading file: jdmelody-pc-dev.json as jdmelody-pc-dev.6cf55d077e91e77f45e74df3ccd74bab.json
28-04 08:57:17 +00:00: File uploaded: jdmelody-pc-dev.6cf55d077e91e77f45e74df3ccd74bab.json
28-04 08:57:17 +00:00: Updated local JSON file: data/songdb/PC/SongDB_Dev.json with URL: https://jdmo-cdn.c0llydoll.com/private/songdb/jdmelody-pc-dev.6cf55d077e91e77f45e74df3ccd74bab.json
28-04 08:57:26 +00:00: Saved data to /root/JDMO/main/main/database/Maps/MJSpeedDemon.json
28-04 08:57:28 +00:00: Uploading file: jdmelody-nx-all.json as jdmelody-nx-all.e067e3bd5fd4a16c697fddede10b4163.json
28-04 08:57:28 +00:00: File uploaded: jdmelody-nx-all.e067e3bd5fd4a16c697fddede10b4163.json
28-04 08:57:28 +00:00: Updated local JSON file: data/songdb/NX/SongDB.json with URL: https://jdmo-cdn.c0llydoll.com/private/songdb/jdmelody-nx-all.e067e3bd5fd4a16c697fddede10b4163.json
28-04 08:57:28 +00:00: Uploading file: jdmelody-ps4-all.json as jdmelody-ps4-all.f6f1d24c09b862caeaebaf3803c61161.json
28-04 08:57:28 +00:00: File uploaded: jdmelody-ps4-all.f6f1d24c09b862caeaebaf3803c61161.json
28-04 08:57:28 +00:00: Updated local JSON file: data/songdb/PS4/SongDB.json with URL: https://jdmo-cdn.c0llydoll.com/private/songdb/jdmelody-ps4-all.f6f1d24c09b862caeaebaf3803c61161.json
28-04 08:57:28 +00:00: Uploading file: jdmelody-pc-all.json as jdmelody-pc-all.a42e6ca3f44441ace4bb4b0f7ae8441c.json
28-04 08:57:29 +00:00: File uploaded: jdmelody-pc-all.a42e6ca3f44441ace4bb4b0f7ae8441c.json
28-04 08:57:29 +00:00: Updated local JSON file: data/songdb/PC/SongDB.json with URL: https://jdmo-cdn.c0llydoll.com/private/songdb/jdmelody-pc-all.a42e6ca3f44441ace4bb4b0f7ae8441c.json
28-04 08:57:29 +00:00: Uploading file: jdmelody-nx-patreon.json as jdmelody-nx-patreon.efeade517a620d85c5886cf6e5b363f3.json
28-04 08:57:30 +00:00: File uploaded: jdmelody-nx-patreon.efeade517a620d85c5886cf6e5b363f3.json
28-04 08:57:30 +00:00: Updated local JSON file: data/songdb/NX/SongDB_Patreon.json with URL: https://jdmo-cdn.c0llydoll.com/private/songdb/jdmelody-nx-patreon.efeade517a620d85c5886cf6e5b363f3.json
28-04 08:57:30 +00:00: Uploading file: jdmelody-ps4-patreon.json as jdmelody-ps4-patreon.1af10e705380421c849d54ea07d1ea2c.json
28-04 08:57:30 +00:00: File uploaded: jdmelody-ps4-patreon.1af10e705380421c849d54ea07d1ea2c.json
28-04 08:57:30 +00:00: Updated local JSON file: data/songdb/PS4/SongDB_Patreon.json with URL: https://jdmo-cdn.c0llydoll.com/private/songdb/jdmelody-ps4-patreon.1af10e705380421c849d54ea07d1ea2c.json
28-04 08:57:30 +00:00: Uploading file: jdmelody-pc-patreon.json as jdmelody-pc-patreon.32ab8f73ce1b469a8f30e98886d8c7ad.json
28-04 08:57:31 +00:00: File uploaded: jdmelody-pc-patreon.32ab8f73ce1b469a8f30e98886d8c7ad.json
28-04 08:57:31 +00:00: Updated local JSON file: data/songdb/PC/SongDB_Patreon.json with URL: https://jdmo-cdn.c0llydoll.com/private/songdb/jdmelody-pc-patreon.32ab8f73ce1b469a8f30e98886d8c7ad.json
28-04 08:57:31 +00:00: Uploading file: jdmelody-nx-dev.json as jdmelody-nx-dev.75a9580fecae418de4ed7740442beb9a.json
28-04 08:57:31 +00:00: File uploaded: jdmelody-nx-dev.75a9580fecae418de4ed7740442beb9a.json
28-04 08:57:31 +00:00: Updated local JSON file: data/songdb/NX/SongDB_Dev.json with URL: https://jdmo-cdn.c0llydoll.com/private/songdb/jdmelody-nx-dev.75a9580fecae418de4ed7740442beb9a.json
28-04 08:57:31 +00:00: Uploading file: jdmelody-ps4-dev.json as jdmelody-ps4-dev.546c7449ba15ef60619f018275959688.json
28-04 08:57:32 +00:00: File uploaded: jdmelody-ps4-dev.546c7449ba15ef60619f018275959688.json
28-04 08:57:32 +00:00: Updated local JSON file: data/songdb/PS4/SongDB_Dev.json with URL: https://jdmo-cdn.c0llydoll.com/private/songdb/jdmelody-ps4-dev.546c7449ba15ef60619f018275959688.json
28-04 08:57:32 +00:00: Uploading file: jdmelody-pc-dev.json as jdmelody-pc-dev.6cf55d077e91e77f45e74df3ccd74bab.json
28-04 08:57:32 +00:00: File uploaded: jdmelody-pc-dev.6cf55d077e91e77f45e74df3ccd74bab.json
28-04 08:57:32 +00:00: Updated local JSON file: data/songdb/PC/SongDB_Dev.json with URL: https://jdmo-cdn.c0llydoll.com/private/songdb/jdmelody-pc-dev.6cf55d077e91e77f45e74df3ccd74bab.json
28-04 09:16:18 +00:00: Saved data to /root/JDMO/main/main/database/Maps/MJDontStop.json
28-04 09:17:07 +00:00: Saved data to /root/JDMO/main/main/database/Maps/MJDontStop.json
28-04 13:47:48 +00:00: Saved data to /root/JDMO/main/main/database/Maps/ProfesseurDLC.json
28-04 14:19:24 +00:00: Saved data to /root/JDMO/main/main/database/Maps/ProudMary.json
28-04 14:19:44 +00:00: Uploading file: jdmelody-nx-all.json as jdmelody-nx-all.5f379d66380daaa2a622af5d0dd8412c.json
28-04 14:19:45 +00:00: File uploaded: jdmelody-nx-all.5f379d66380daaa2a622af5d0dd8412c.json
28-04 14:19:45 +00:00: Updated local JSON file: data/songdb/NX/SongDB.json with URL: https://jdmo-cdn.c0llydoll.com/private/songdb/jdmelody-nx-all.5f379d66380daaa2a622af5d0dd8412c.json
28-04 14:19:45 +00:00: Uploading file: jdmelody-ps4-all.json as jdmelody-ps4-all.9e3e1ebf03a601880734000bbc12e53a.json
28-04 14:19:46 +00:00: File uploaded: jdmelody-ps4-all.9e3e1ebf03a601880734000bbc12e53a.json
28-04 14:19:46 +00:00: Updated local JSON file: data/songdb/PS4/SongDB.json with URL: https://jdmo-cdn.c0llydoll.com/private/songdb/jdmelody-ps4-all.9e3e1ebf03a601880734000bbc12e53a.json
28-04 14:19:46 +00:00: Uploading file: jdmelody-pc-all.json as jdmelody-pc-all.af7cb6f9248537e08861b1709d36864c.json
28-04 14:19:46 +00:00: File uploaded: jdmelody-pc-all.af7cb6f9248537e08861b1709d36864c.json
28-04 14:19:46 +00:00: Updated local JSON file: data/songdb/PC/SongDB.json with URL: https://jdmo-cdn.c0llydoll.com/private/songdb/jdmelody-pc-all.af7cb6f9248537e08861b1709d36864c.json
28-04 14:19:46 +00:00: Uploading file: jdmelody-nx-patreon.json as jdmelody-nx-patreon.408354bb771f718e72d2cdef3481d296.json
28-04 14:19:46 +00:00: File uploaded: jdmelody-nx-patreon.408354bb771f718e72d2cdef3481d296.json
28-04 14:19:46 +00:00: Updated local JSON file: data/songdb/NX/SongDB_Patreon.json with URL: https://jdmo-cdn.c0llydoll.com/private/songdb/jdmelody-nx-patreon.408354bb771f718e72d2cdef3481d296.json
28-04 14:19:46 +00:00: Uploading file: jdmelody-ps4-patreon.json as jdmelody-ps4-patreon.34e2e471f601f52da26c5d35dd2a6af4.json
28-04 14:19:47 +00:00: File uploaded: jdmelody-ps4-patreon.34e2e471f601f52da26c5d35dd2a6af4.json
28-04 14:19:47 +00:00: Updated local JSON file: data/songdb/PS4/SongDB_Patreon.json with URL: https://jdmo-cdn.c0llydoll.com/private/songdb/jdmelody-ps4-patreon.34e2e471f601f52da26c5d35dd2a6af4.json
28-04 14:19:47 +00:00: Uploading file: jdmelody-pc-patreon.json as jdmelody-pc-patreon.fec1512ad44f3314e367a0a4505724d0.json
28-04 14:19:47 +00:00: File uploaded: jdmelody-pc-patreon.fec1512ad44f3314e367a0a4505724d0.json
28-04 14:19:47 +00:00: Updated local JSON file: data/songdb/PC/SongDB_Patreon.json with URL: https://jdmo-cdn.c0llydoll.com/private/songdb/jdmelody-pc-patreon.fec1512ad44f3314e367a0a4505724d0.json
28-04 14:19:47 +00:00: Uploading file: jdmelody-nx-dev.json as jdmelody-nx-dev.15665b05f6e71fa634ebf6523540007c.json
28-04 14:19:47 +00:00: File uploaded: jdmelody-nx-dev.15665b05f6e71fa634ebf6523540007c.json
28-04 14:19:47 +00:00: Updated local JSON file: data/songdb/NX/SongDB_Dev.json with URL: https://jdmo-cdn.c0llydoll.com/private/songdb/jdmelody-nx-dev.15665b05f6e71fa634ebf6523540007c.json
28-04 14:19:47 +00:00: Uploading file: jdmelody-ps4-dev.json as jdmelody-ps4-dev.642ec0c498ea2569e72bc44b136e1576.json
28-04 14:19:47 +00:00: File uploaded: jdmelody-ps4-dev.642ec0c498ea2569e72bc44b136e1576.json
28-04 14:19:47 +00:00: Updated local JSON file: data/songdb/PS4/SongDB_Dev.json with URL: https://jdmo-cdn.c0llydoll.com/private/songdb/jdmelody-ps4-dev.642ec0c498ea2569e72bc44b136e1576.json
28-04 14:19:47 +00:00: Uploading file: jdmelody-pc-dev.json as jdmelody-pc-dev.f3789c50a35a077b96bea138a38b2849.json
28-04 14:19:48 +00:00: File uploaded: jdmelody-pc-dev.f3789c50a35a077b96bea138a38b2849.json
28-04 14:19:48 +00:00: Updated local JSON file: data/songdb/PC/SongDB_Dev.json with URL: https://jdmo-cdn.c0llydoll.com/private/songdb/jdmelody-pc-dev.f3789c50a35a077b96bea138a38b2849.json
28-04 16:33:04 +00:00: /root/JDMO/main/main/database/Maps
28-04 16:33:04 +00:00: JDM API Server running at https://2.56.246.74:443/
28-04 16:33:04 +00:00: JWT Module Redis client connected
29-04 12:57:12 +00:00: Saved data to /root/JDMO/main/main/database/Maps/RiverSide.json
29-04 14:32:18 +00:00: Saved data to /root/JDMO/main/main/database/Maps/ShoopShoop.json
29-04 14:52:43 +00:00: Saved data to /root/JDMO/main/main/database/Maps/ShouldIStay.json
29-04 15:04:18 +00:00: Saved data to /root/JDMO/main/main/database/Maps/SkinToSkin.json
29-04 15:04:28 +00:00: Uploading file: jdmelody-nx-all.json as jdmelody-nx-all.5f379d66380daaa2a622af5d0dd8412c.json
29-04 15:04:29 +00:00: File uploaded: jdmelody-nx-all.5f379d66380daaa2a622af5d0dd8412c.json
29-04 15:04:29 +00:00: Updated local JSON file: data/songdb/NX/SongDB.json with URL: https://jdmo-cdn.c0llydoll.com/private/songdb/jdmelody-nx-all.5f379d66380daaa2a622af5d0dd8412c.json
29-04 15:04:29 +00:00: Uploading file: jdmelody-ps4-all.json as jdmelody-ps4-all.9e3e1ebf03a601880734000bbc12e53a.json
29-04 15:04:29 +00:00: File uploaded: jdmelody-ps4-all.9e3e1ebf03a601880734000bbc12e53a.json
29-04 15:04:29 +00:00: Updated local JSON file: data/songdb/PS4/SongDB.json with URL: https://jdmo-cdn.c0llydoll.com/private/songdb/jdmelody-ps4-all.9e3e1ebf03a601880734000bbc12e53a.json
29-04 15:04:29 +00:00: Uploading file: jdmelody-pc-all.json as jdmelody-pc-all.af7cb6f9248537e08861b1709d36864c.json
29-04 15:04:29 +00:00: File uploaded: jdmelody-pc-all.af7cb6f9248537e08861b1709d36864c.json
29-04 15:04:29 +00:00: Updated local JSON file: data/songdb/PC/SongDB.json with URL: https://jdmo-cdn.c0llydoll.com/private/songdb/jdmelody-pc-all.af7cb6f9248537e08861b1709d36864c.json
29-04 15:04:29 +00:00: Uploading file: jdmelody-nx-patreon.json as jdmelody-nx-patreon.408354bb771f718e72d2cdef3481d296.json
29-04 15:04:30 +00:00: File uploaded: jdmelody-nx-patreon.408354bb771f718e72d2cdef3481d296.json
29-04 15:04:30 +00:00: Updated local JSON file: data/songdb/NX/SongDB_Patreon.json with URL: https://jdmo-cdn.c0llydoll.com/private/songdb/jdmelody-nx-patreon.408354bb771f718e72d2cdef3481d296.json
29-04 15:04:30 +00:00: Uploading file: jdmelody-ps4-patreon.json as jdmelody-ps4-patreon.34e2e471f601f52da26c5d35dd2a6af4.json
29-04 15:04:30 +00:00: File uploaded: jdmelody-ps4-patreon.34e2e471f601f52da26c5d35dd2a6af4.json
29-04 15:04:30 +00:00: Updated local JSON file: data/songdb/PS4/SongDB_Patreon.json with URL: https://jdmo-cdn.c0llydoll.com/private/songdb/jdmelody-ps4-patreon.34e2e471f601f52da26c5d35dd2a6af4.json
29-04 15:04:30 +00:00: Uploading file: jdmelody-pc-patreon.json as jdmelody-pc-patreon.fec1512ad44f3314e367a0a4505724d0.json
29-04 15:04:31 +00:00: File uploaded: jdmelody-pc-patreon.fec1512ad44f3314e367a0a4505724d0.json
29-04 15:04:31 +00:00: Updated local JSON file: data/songdb/PC/SongDB_Patreon.json with URL: https://jdmo-cdn.c0llydoll.com/private/songdb/jdmelody-pc-patreon.fec1512ad44f3314e367a0a4505724d0.json
29-04 15:04:31 +00:00: Uploading file: jdmelody-nx-dev.json as jdmelody-nx-dev.8bf9aaa892cdfde4f10e510e14c08dc8.json
29-04 15:04:31 +00:00: File uploaded: jdmelody-nx-dev.8bf9aaa892cdfde4f10e510e14c08dc8.json
29-04 15:04:31 +00:00: Updated local JSON file: data/songdb/NX/SongDB_Dev.json with URL: https://jdmo-cdn.c0llydoll.com/private/songdb/jdmelody-nx-dev.8bf9aaa892cdfde4f10e510e14c08dc8.json
29-04 15:04:31 +00:00: Uploading file: jdmelody-ps4-dev.json as jdmelody-ps4-dev.745b68d2daf86ebab8e55e816ef0d452.json
29-04 15:04:31 +00:00: File uploaded: jdmelody-ps4-dev.745b68d2daf86ebab8e55e816ef0d452.json
29-04 15:04:31 +00:00: Updated local JSON file: data/songdb/PS4/SongDB_Dev.json with URL: https://jdmo-cdn.c0llydoll.com/private/songdb/jdmelody-ps4-dev.745b68d2daf86ebab8e55e816ef0d452.json
29-04 15:04:31 +00:00: Uploading file: jdmelody-pc-dev.json as jdmelody-pc-dev.ddd05cb39e1b579f67349326310e1f17.json
29-04 15:04:34 +00:00: File uploaded: jdmelody-pc-dev.ddd05cb39e1b579f67349326310e1f17.json
29-04 15:04:34 +00:00: Updated local JSON file: data/songdb/PC/SongDB_Dev.json with URL: https://jdmo-cdn.c0llydoll.com/private/songdb/jdmelody-pc-dev.ddd05cb39e1b579f67349326310e1f17.json
29-04 15:47:17 +00:00: Saved data to /root/JDMO/main/main/database/Maps/Song2.json
29-04 15:47:45 +00:00: Uploading file: jdmelody-nx-all.json as jdmelody-nx-all.5f379d66380daaa2a622af5d0dd8412c.json
29-04 15:47:45 +00:00: File uploaded: jdmelody-nx-all.5f379d66380daaa2a622af5d0dd8412c.json
29-04 15:47:45 +00:00: Updated local JSON file: data/songdb/NX/SongDB.json with URL: https://jdmo-cdn.c0llydoll.com/private/songdb/jdmelody-nx-all.5f379d66380daaa2a622af5d0dd8412c.json
29-04 15:47:45 +00:00: Uploading file: jdmelody-ps4-all.json as jdmelody-ps4-all.9e3e1ebf03a601880734000bbc12e53a.json
29-04 15:47:45 +00:00: File uploaded: jdmelody-ps4-all.9e3e1ebf03a601880734000bbc12e53a.json
29-04 15:47:45 +00:00: Updated local JSON file: data/songdb/PS4/SongDB.json with URL: https://jdmo-cdn.c0llydoll.com/private/songdb/jdmelody-ps4-all.9e3e1ebf03a601880734000bbc12e53a.json
29-04 15:47:45 +00:00: Uploading file: jdmelody-pc-all.json as jdmelody-pc-all.af7cb6f9248537e08861b1709d36864c.json
29-04 15:47:46 +00:00: File uploaded: jdmelody-pc-all.af7cb6f9248537e08861b1709d36864c.json
29-04 15:47:46 +00:00: Updated local JSON file: data/songdb/PC/SongDB.json with URL: https://jdmo-cdn.c0llydoll.com/private/songdb/jdmelody-pc-all.af7cb6f9248537e08861b1709d36864c.json
29-04 15:47:46 +00:00: Uploading file: jdmelody-nx-patreon.json as jdmelody-nx-patreon.408354bb771f718e72d2cdef3481d296.json
29-04 15:47:46 +00:00: File uploaded: jdmelody-nx-patreon.408354bb771f718e72d2cdef3481d296.json
29-04 15:47:46 +00:00: Updated local JSON file: data/songdb/NX/SongDB_Patreon.json with URL: https://jdmo-cdn.c0llydoll.com/private/songdb/jdmelody-nx-patreon.408354bb771f718e72d2cdef3481d296.json
29-04 15:47:46 +00:00: Uploading file: jdmelody-ps4-patreon.json as jdmelody-ps4-patreon.34e2e471f601f52da26c5d35dd2a6af4.json
29-04 15:47:47 +00:00: File uploaded: jdmelody-ps4-patreon.34e2e471f601f52da26c5d35dd2a6af4.json
29-04 15:47:47 +00:00: Updated local JSON file: data/songdb/PS4/SongDB_Patreon.json with URL: https://jdmo-cdn.c0llydoll.com/private/songdb/jdmelody-ps4-patreon.34e2e471f601f52da26c5d35dd2a6af4.json
29-04 15:47:47 +00:00: Uploading file: jdmelody-pc-patreon.json as jdmelody-pc-patreon.fec1512ad44f3314e367a0a4505724d0.json
29-04 15:47:48 +00:00: File uploaded: jdmelody-pc-patreon.fec1512ad44f3314e367a0a4505724d0.json
29-04 15:47:48 +00:00: Updated local JSON file: data/songdb/PC/SongDB_Patreon.json with URL: https://jdmo-cdn.c0llydoll.com/private/songdb/jdmelody-pc-patreon.fec1512ad44f3314e367a0a4505724d0.json
29-04 15:47:48 +00:00: Uploading file: jdmelody-nx-dev.json as jdmelody-nx-dev.237f3529671f93b982846ca46326e72b.json
29-04 15:47:48 +00:00: File uploaded: jdmelody-nx-dev.237f3529671f93b982846ca46326e72b.json
29-04 15:47:48 +00:00: Updated local JSON file: data/songdb/NX/SongDB_Dev.json with URL: https://jdmo-cdn.c0llydoll.com/private/songdb/jdmelody-nx-dev.237f3529671f93b982846ca46326e72b.json
29-04 15:47:48 +00:00: Uploading file: jdmelody-ps4-dev.json as jdmelody-ps4-dev.482ed5cfa1471eb85eacc74026bd7b29.json
29-04 15:47:50 +00:00: File uploaded: jdmelody-ps4-dev.482ed5cfa1471eb85eacc74026bd7b29.json
29-04 15:47:50 +00:00: Updated local JSON file: data/songdb/PS4/SongDB_Dev.json with URL: https://jdmo-cdn.c0llydoll.com/private/songdb/jdmelody-ps4-dev.482ed5cfa1471eb85eacc74026bd7b29.json
29-04 15:47:50 +00:00: Uploading file: jdmelody-pc-dev.json as jdmelody-pc-dev.c2f775ef60df010b78948633b7a40937.json
29-04 15:47:50 +00:00: File uploaded: jdmelody-pc-dev.c2f775ef60df010b78948633b7a40937.json
29-04 15:47:50 +00:00: Updated local JSON file: data/songdb/PC/SongDB_Dev.json with URL: https://jdmo-cdn.c0llydoll.com/private/songdb/jdmelody-pc-dev.c2f775ef60df010b78948633b7a40937.json
29-04 16:34:06 +00:00: Saved data to /root/JDMO/main/main/database/Maps/SoulBossaNova.json
29-04 17:19:06 +00:00: Saved data to /root/JDMO/main/main/database/Maps/Sway.json
29-04 18:14:05 +00:00: Saved data to /root/JDMO/main/main/database/Maps/SympathyDevil.json
29-04 18:56:39 +00:00: Saved data to /root/JDMO/main/main/database/Maps/RiverSide.json
29-04 19:01:15 +00:00: Saved data to /root/JDMO/main/main/database/Maps/RiverSide.json
29-04 19:01:45 +00:00: Saved data to /root/JDMO/main/main/database/Maps/RiverSide.json
29-04 19:02:15 +00:00: Saved data to /root/JDMO/main/main/database/Maps/RiverSide.json
29-04 19:06:18 +00:00: Saved data to /root/JDMO/main/main/database/Maps/Satisfaction.json
29-04 19:22:59 +00:00: Saved data to /root/JDMO/main/main/database/Maps/Song2.json
29-04 19:24:47 +00:00: Saved data to /root/JDMO/main/main/database/Maps/Song2.json
29-04 19:32:06 +00:00: Saved data to /root/JDMO/main/main/database/Maps/Song2.json
29-04 19:36:44 +00:00: Saved data to /root/JDMO/main/main/database/Maps/Song2.json
29-04 19:45:06 +00:00: Saved data to /root/JDMO/main/main/database/Maps/SOS.json
29-04 19:48:18 +00:00: Saved data to /root/JDMO/main/main/database/Maps/SOS.json
29-04 20:21:55 +00:00: Saved data to /root/JDMO/main/main/database/Maps/TakeMeOut.json
29-04 20:37:55 +00:00: Saved data to /root/JDMO/main/main/database/Maps/ThatsNotMyName.json
29-04 20:38:10 +00:00: Uploading file: jdmelody-nx-all.json as jdmelody-nx-all.5f379d66380daaa2a622af5d0dd8412c.json
29-04 20:38:10 +00:00: File uploaded: jdmelody-nx-all.5f379d66380daaa2a622af5d0dd8412c.json
29-04 20:38:10 +00:00: Updated local JSON file: data/songdb/NX/SongDB.json with URL: https://jdmo-cdn.c0llydoll.com/private/songdb/jdmelody-nx-all.5f379d66380daaa2a622af5d0dd8412c.json
29-04 20:38:10 +00:00: Uploading file: jdmelody-ps4-all.json as jdmelody-ps4-all.9e3e1ebf03a601880734000bbc12e53a.json
29-04 20:38:10 +00:00: File uploaded: jdmelody-ps4-all.9e3e1ebf03a601880734000bbc12e53a.json
29-04 20:38:10 +00:00: Updated local JSON file: data/songdb/PS4/SongDB.json with URL: https://jdmo-cdn.c0llydoll.com/private/songdb/jdmelody-ps4-all.9e3e1ebf03a601880734000bbc12e53a.json
29-04 20:38:10 +00:00: Uploading file: jdmelody-pc-all.json as jdmelody-pc-all.af7cb6f9248537e08861b1709d36864c.json
29-04 20:38:10 +00:00: File uploaded: jdmelody-pc-all.af7cb6f9248537e08861b1709d36864c.json
29-04 20:38:10 +00:00: Updated local JSON file: data/songdb/PC/SongDB.json with URL: https://jdmo-cdn.c0llydoll.com/private/songdb/jdmelody-pc-all.af7cb6f9248537e08861b1709d36864c.json
29-04 20:38:10 +00:00: Uploading file: jdmelody-nx-patreon.json as jdmelody-nx-patreon.408354bb771f718e72d2cdef3481d296.json
29-04 20:38:11 +00:00: File uploaded: jdmelody-nx-patreon.408354bb771f718e72d2cdef3481d296.json
29-04 20:38:11 +00:00: Updated local JSON file: data/songdb/NX/SongDB_Patreon.json with URL: https://jdmo-cdn.c0llydoll.com/private/songdb/jdmelody-nx-patreon.408354bb771f718e72d2cdef3481d296.json
29-04 20:38:11 +00:00: Uploading file: jdmelody-ps4-patreon.json as jdmelody-ps4-patreon.34e2e471f601f52da26c5d35dd2a6af4.json
29-04 20:38:11 +00:00: File uploaded: jdmelody-ps4-patreon.34e2e471f601f52da26c5d35dd2a6af4.json
29-04 20:38:11 +00:00: Updated local JSON file: data/songdb/PS4/SongDB_Patreon.json with URL: https://jdmo-cdn.c0llydoll.com/private/songdb/jdmelody-ps4-patreon.34e2e471f601f52da26c5d35dd2a6af4.json
29-04 20:38:11 +00:00: Uploading file: jdmelody-pc-patreon.json as jdmelody-pc-patreon.fec1512ad44f3314e367a0a4505724d0.json
29-04 20:38:11 +00:00: File uploaded: jdmelody-pc-patreon.fec1512ad44f3314e367a0a4505724d0.json
29-04 20:38:11 +00:00: Updated local JSON file: data/songdb/PC/SongDB_Patreon.json with URL: https://jdmo-cdn.c0llydoll.com/private/songdb/jdmelody-pc-patreon.fec1512ad44f3314e367a0a4505724d0.json
29-04 20:38:11 +00:00: Uploading file: jdmelody-nx-dev.json as jdmelody-nx-dev.aa66f47dc6fd17afd0844e5a0c39e744.json
29-04 20:38:11 +00:00: File uploaded: jdmelody-nx-dev.aa66f47dc6fd17afd0844e5a0c39e744.json
29-04 20:38:11 +00:00: Updated local JSON file: data/songdb/NX/SongDB_Dev.json with URL: https://jdmo-cdn.c0llydoll.com/private/songdb/jdmelody-nx-dev.aa66f47dc6fd17afd0844e5a0c39e744.json
29-04 20:38:11 +00:00: Uploading file: jdmelody-ps4-dev.json as jdmelody-ps4-dev.0ded720bbe9ee7e6ec2e881e4ddfac32.json
29-04 20:38:11 +00:00: File uploaded: jdmelody-ps4-dev.0ded720bbe9ee7e6ec2e881e4ddfac32.json
29-04 20:38:11 +00:00: Updated local JSON file: data/songdb/PS4/SongDB_Dev.json with URL: https://jdmo-cdn.c0llydoll.com/private/songdb/jdmelody-ps4-dev.0ded720bbe9ee7e6ec2e881e4ddfac32.json
29-04 20:38:11 +00:00: Uploading file: jdmelody-pc-dev.json as jdmelody-pc-dev.911f89e07abb2caf6907bf0884c235df.json
29-04 20:38:12 +00:00: File uploaded: jdmelody-pc-dev.911f89e07abb2caf6907bf0884c235df.json
29-04 20:38:12 +00:00: Updated local JSON file: data/songdb/PC/SongDB_Dev.json with URL: https://jdmo-cdn.c0llydoll.com/private/songdb/jdmelody-pc-dev.911f89e07abb2caf6907bf0884c235df.json
29-04 20:57:46 +00:00: Saved data to /root/JDMO/main/main/database/Maps/Toxic.json
29-04 20:58:27 +00:00: Uploading file: jdmelody-nx-all.json as jdmelody-nx-all.5f379d66380daaa2a622af5d0dd8412c.json
29-04 20:58:27 +00:00: File uploaded: jdmelody-nx-all.5f379d66380daaa2a622af5d0dd8412c.json
29-04 20:58:27 +00:00: Updated local JSON file: data/songdb/NX/SongDB.json with URL: https://jdmo-cdn.c0llydoll.com/private/songdb/jdmelody-nx-all.5f379d66380daaa2a622af5d0dd8412c.json
29-04 20:58:27 +00:00: Uploading file: jdmelody-ps4-all.json as jdmelody-ps4-all.9e3e1ebf03a601880734000bbc12e53a.json
29-04 20:58:28 +00:00: File uploaded: jdmelody-ps4-all.9e3e1ebf03a601880734000bbc12e53a.json
29-04 20:58:28 +00:00: Updated local JSON file: data/songdb/PS4/SongDB.json with URL: https://jdmo-cdn.c0llydoll.com/private/songdb/jdmelody-ps4-all.9e3e1ebf03a601880734000bbc12e53a.json
29-04 20:58:28 +00:00: Uploading file: jdmelody-pc-all.json as jdmelody-pc-all.af7cb6f9248537e08861b1709d36864c.json
29-04 20:58:28 +00:00: File uploaded: jdmelody-pc-all.af7cb6f9248537e08861b1709d36864c.json
29-04 20:58:28 +00:00: Updated local JSON file: data/songdb/PC/SongDB.json with URL: https://jdmo-cdn.c0llydoll.com/private/songdb/jdmelody-pc-all.af7cb6f9248537e08861b1709d36864c.json
29-04 20:58:28 +00:00: Uploading file: jdmelody-nx-patreon.json as jdmelody-nx-patreon.408354bb771f718e72d2cdef3481d296.json
29-04 20:58:28 +00:00: File uploaded: jdmelody-nx-patreon.408354bb771f718e72d2cdef3481d296.json
29-04 20:58:28 +00:00: Updated local JSON file: data/songdb/NX/SongDB_Patreon.json with URL: https://jdmo-cdn.c0llydoll.com/private/songdb/jdmelody-nx-patreon.408354bb771f718e72d2cdef3481d296.json
29-04 20:58:28 +00:00: Uploading file: jdmelody-ps4-patreon.json as jdmelody-ps4-patreon.34e2e471f601f52da26c5d35dd2a6af4.json
29-04 20:58:28 +00:00: File uploaded: jdmelody-ps4-patreon.34e2e471f601f52da26c5d35dd2a6af4.json
29-04 20:58:28 +00:00: Updated local JSON file: data/songdb/PS4/SongDB_Patreon.json with URL: https://jdmo-cdn.c0llydoll.com/private/songdb/jdmelody-ps4-patreon.34e2e471f601f52da26c5d35dd2a6af4.json
29-04 20:58:28 +00:00: Uploading file: jdmelody-pc-patreon.json as jdmelody-pc-patreon.fec1512ad44f3314e367a0a4505724d0.json
29-04 20:58:29 +00:00: File uploaded: jdmelody-pc-patreon.fec1512ad44f3314e367a0a4505724d0.json
29-04 20:58:29 +00:00: Updated local JSON file: data/songdb/PC/SongDB_Patreon.json with URL: https://jdmo-cdn.c0llydoll.com/private/songdb/jdmelody-pc-patreon.fec1512ad44f3314e367a0a4505724d0.json
29-04 20:58:29 +00:00: Uploading file: jdmelody-nx-dev.json as jdmelody-nx-dev.cf47db59bdbbb2f8798106022c47ea1b.json
29-04 20:58:29 +00:00: File uploaded: jdmelody-nx-dev.cf47db59bdbbb2f8798106022c47ea1b.json
29-04 20:58:29 +00:00: Updated local JSON file: data/songdb/NX/SongDB_Dev.json with URL: https://jdmo-cdn.c0llydoll.com/private/songdb/jdmelody-nx-dev.cf47db59bdbbb2f8798106022c47ea1b.json
29-04 20:58:30 +00:00: Uploading file: jdmelody-ps4-dev.json as jdmelody-ps4-dev.a9c9f6cf0e1f3193dd054fa1022598cc.json
29-04 20:58:30 +00:00: File uploaded: jdmelody-ps4-dev.a9c9f6cf0e1f3193dd054fa1022598cc.json
29-04 20:58:30 +00:00: Updated local JSON file: data/songdb/PS4/SongDB_Dev.json with URL: https://jdmo-cdn.c0llydoll.com/private/songdb/jdmelody-ps4-dev.a9c9f6cf0e1f3193dd054fa1022598cc.json
29-04 20:58:30 +00:00: Uploading file: jdmelody-pc-dev.json as jdmelody-pc-dev.0f46e963f17306491c737c5fd025f195.json
29-04 20:58:30 +00:00: File uploaded: jdmelody-pc-dev.0f46e963f17306491c737c5fd025f195.json
29-04 20:58:30 +00:00: Updated local JSON file: data/songdb/PC/SongDB_Dev.json with URL: https://jdmo-cdn.c0llydoll.com/private/songdb/jdmelody-pc-dev.0f46e963f17306491c737c5fd025f195.json
29-04 21:09:12 +00:00: Saved data to /root/JDMO/main/main/database/Maps/Unusual.json
29-04 21:36:46 +00:00: Saved data to /root/JDMO/main/main/database/Maps/VivaLasVegas.json
29-04 22:02:37 +00:00: Saved data to /root/JDMO/main/main/database/Maps/WakeMeUp.json
29-04 22:03:03 +00:00: Uploading file: jdmelody-nx-all.json as jdmelody-nx-all.5f379d66380daaa2a622af5d0dd8412c.json
29-04 22:03:04 +00:00: File uploaded: jdmelody-nx-all.5f379d66380daaa2a622af5d0dd8412c.json
29-04 22:03:04 +00:00: Updated local JSON file: data/songdb/NX/SongDB.json with URL: https://jdmo-cdn.c0llydoll.com/private/songdb/jdmelody-nx-all.5f379d66380daaa2a622af5d0dd8412c.json
29-04 22:03:04 +00:00: Uploading file: jdmelody-ps4-all.json as jdmelody-ps4-all.9e3e1ebf03a601880734000bbc12e53a.json
29-04 22:03:04 +00:00: File uploaded: jdmelody-ps4-all.9e3e1ebf03a601880734000bbc12e53a.json
29-04 22:03:04 +00:00: Updated local JSON file: data/songdb/PS4/SongDB.json with URL: https://jdmo-cdn.c0llydoll.com/private/songdb/jdmelody-ps4-all.9e3e1ebf03a601880734000bbc12e53a.json
29-04 22:03:04 +00:00: Uploading file: jdmelody-pc-all.json as jdmelody-pc-all.af7cb6f9248537e08861b1709d36864c.json
29-04 22:03:06 +00:00: File uploaded: jdmelody-pc-all.af7cb6f9248537e08861b1709d36864c.json
29-04 22:03:06 +00:00: Updated local JSON file: data/songdb/PC/SongDB.json with URL: https://jdmo-cdn.c0llydoll.com/private/songdb/jdmelody-pc-all.af7cb6f9248537e08861b1709d36864c.json
29-04 22:03:06 +00:00: Uploading file: jdmelody-nx-patreon.json as jdmelody-nx-patreon.408354bb771f718e72d2cdef3481d296.json
29-04 22:03:06 +00:00: File uploaded: jdmelody-nx-patreon.408354bb771f718e72d2cdef3481d296.json
29-04 22:03:06 +00:00: Updated local JSON file: data/songdb/NX/SongDB_Patreon.json with URL: https://jdmo-cdn.c0llydoll.com/private/songdb/jdmelody-nx-patreon.408354bb771f718e72d2cdef3481d296.json
29-04 22:03:06 +00:00: Uploading file: jdmelody-ps4-patreon.json as jdmelody-ps4-patreon.34e2e471f601f52da26c5d35dd2a6af4.json
29-04 22:03:07 +00:00: File uploaded: jdmelody-ps4-patreon.34e2e471f601f52da26c5d35dd2a6af4.json
29-04 22:03:07 +00:00: Updated local JSON file: data/songdb/PS4/SongDB_Patreon.json with URL: https://jdmo-cdn.c0llydoll.com/private/songdb/jdmelody-ps4-patreon.34e2e471f601f52da26c5d35dd2a6af4.json
29-04 22:03:07 +00:00: Uploading file: jdmelody-pc-patreon.json as jdmelody-pc-patreon.fec1512ad44f3314e367a0a4505724d0.json
29-04 22:03:07 +00:00: File uploaded: jdmelody-pc-patreon.fec1512ad44f3314e367a0a4505724d0.json
29-04 22:03:07 +00:00: Updated local JSON file: data/songdb/PC/SongDB_Patreon.json with URL: https://jdmo-cdn.c0llydoll.com/private/songdb/jdmelody-pc-patreon.fec1512ad44f3314e367a0a4505724d0.json
29-04 22:03:07 +00:00: Uploading file: jdmelody-nx-dev.json as jdmelody-nx-dev.6b16598d34069142a6c5b35f949358ba.json
29-04 22:03:07 +00:00: File uploaded: jdmelody-nx-dev.6b16598d34069142a6c5b35f949358ba.json
29-04 22:03:07 +00:00: Updated local JSON file: data/songdb/NX/SongDB_Dev.json with URL: https://jdmo-cdn.c0llydoll.com/private/songdb/jdmelody-nx-dev.6b16598d34069142a6c5b35f949358ba.json
29-04 22:03:07 +00:00: Uploading file: jdmelody-ps4-dev.json as jdmelody-ps4-dev.f99fc56932308166e9cd8ccc7d17102c.json
29-04 22:03:08 +00:00: File uploaded: jdmelody-ps4-dev.f99fc56932308166e9cd8ccc7d17102c.json
29-04 22:03:08 +00:00: Updated local JSON file: data/songdb/PS4/SongDB_Dev.json with URL: https://jdmo-cdn.c0llydoll.com/private/songdb/jdmelody-ps4-dev.f99fc56932308166e9cd8ccc7d17102c.json
29-04 22:03:08 +00:00: Uploading file: jdmelody-pc-dev.json as jdmelody-pc-dev.d62854f596fd882a38e61769f2c47988.json
29-04 22:03:09 +00:00: File uploaded: jdmelody-pc-dev.d62854f596fd882a38e61769f2c47988.json
29-04 22:03:09 +00:00: Updated local JSON file: data/songdb/PC/SongDB_Dev.json with URL: https://jdmo-cdn.c0llydoll.com/private/songdb/jdmelody-pc-dev.d62854f596fd882a38e61769f2c47988.json
29-04 22:12:44 +00:00: Saved data to /root/JDMO/main/main/database/Maps/WalkLike.json
29-04 23:06:59 +00:00: Saved data to /root/JDMO/main/main/database/Maps/Xmas.json
29-04 23:23:44 +00:00: Uploading file: jdmelody-nx-all.json as jdmelody-nx-all.5f379d66380daaa2a622af5d0dd8412c.json
29-04 23:23:45 +00:00: File uploaded: jdmelody-nx-all.5f379d66380daaa2a622af5d0dd8412c.json
29-04 23:23:45 +00:00: Updated local JSON file: data/songdb/NX/SongDB.json with URL: https://jdmo-cdn.c0llydoll.com/private/songdb/jdmelody-nx-all.5f379d66380daaa2a622af5d0dd8412c.json
29-04 23:23:45 +00:00: Uploading file: jdmelody-ps4-all.json as jdmelody-ps4-all.9e3e1ebf03a601880734000bbc12e53a.json
29-04 23:23:45 +00:00: File uploaded: jdmelody-ps4-all.9e3e1ebf03a601880734000bbc12e53a.json
29-04 23:23:45 +00:00: Updated local JSON file: data/songdb/PS4/SongDB.json with URL: https://jdmo-cdn.c0llydoll.com/private/songdb/jdmelody-ps4-all.9e3e1ebf03a601880734000bbc12e53a.json
29-04 23:23:46 +00:00: Uploading file: jdmelody-pc-all.json as jdmelody-pc-all.af7cb6f9248537e08861b1709d36864c.json
29-04 23:23:46 +00:00: File uploaded: jdmelody-pc-all.af7cb6f9248537e08861b1709d36864c.json
29-04 23:23:46 +00:00: Updated local JSON file: data/songdb/PC/SongDB.json with URL: https://jdmo-cdn.c0llydoll.com/private/songdb/jdmelody-pc-all.af7cb6f9248537e08861b1709d36864c.json
29-04 23:23:46 +00:00: Uploading file: jdmelody-nx-patreon.json as jdmelody-nx-patreon.408354bb771f718e72d2cdef3481d296.json
29-04 23:23:47 +00:00: File uploaded: jdmelody-nx-patreon.408354bb771f718e72d2cdef3481d296.json
29-04 23:23:47 +00:00: Updated local JSON file: data/songdb/NX/SongDB_Patreon.json with URL: https://jdmo-cdn.c0llydoll.com/private/songdb/jdmelody-nx-patreon.408354bb771f718e72d2cdef3481d296.json
29-04 23:23:47 +00:00: Uploading file: jdmelody-ps4-patreon.json as jdmelody-ps4-patreon.34e2e471f601f52da26c5d35dd2a6af4.json
29-04 23:23:47 +00:00: File uploaded: jdmelody-ps4-patreon.34e2e471f601f52da26c5d35dd2a6af4.json
29-04 23:23:47 +00:00: Updated local JSON file: data/songdb/PS4/SongDB_Patreon.json with URL: https://jdmo-cdn.c0llydoll.com/private/songdb/jdmelody-ps4-patreon.34e2e471f601f52da26c5d35dd2a6af4.json
29-04 23:23:48 +00:00: Uploading file: jdmelody-pc-patreon.json as jdmelody-pc-patreon.fec1512ad44f3314e367a0a4505724d0.json
29-04 23:23:48 +00:00: File uploaded: jdmelody-pc-patreon.fec1512ad44f3314e367a0a4505724d0.json
29-04 23:23:48 +00:00: Updated local JSON file: data/songdb/PC/SongDB_Patreon.json with URL: https://jdmo-cdn.c0llydoll.com/private/songdb/jdmelody-pc-patreon.fec1512ad44f3314e367a0a4505724d0.json
29-04 23:23:48 +00:00: Uploading file: jdmelody-nx-dev.json as jdmelody-nx-dev.66cfab41d7103280fb2e9882754b01cc.json
29-04 23:23:48 +00:00: File uploaded: jdmelody-nx-dev.66cfab41d7103280fb2e9882754b01cc.json
29-04 23:23:48 +00:00: Updated local JSON file: data/songdb/NX/SongDB_Dev.json with URL: https://jdmo-cdn.c0llydoll.com/private/songdb/jdmelody-nx-dev.66cfab41d7103280fb2e9882754b01cc.json
29-04 23:23:48 +00:00: Uploading file: jdmelody-ps4-dev.json as jdmelody-ps4-dev.f0312d8df5cf52b0111503c1674e9106.json
29-04 23:23:50 +00:00: File uploaded: jdmelody-ps4-dev.f0312d8df5cf52b0111503c1674e9106.json
29-04 23:23:50 +00:00: Updated local JSON file: data/songdb/PS4/SongDB_Dev.json with URL: https://jdmo-cdn.c0llydoll.com/private/songdb/jdmelody-ps4-dev.f0312d8df5cf52b0111503c1674e9106.json
29-04 23:23:50 +00:00: Uploading file: jdmelody-pc-dev.json as jdmelody-pc-dev.20d8e5400334b6df9ddc31b7b0d0634c.json
29-04 23:23:50 +00:00: File uploaded: jdmelody-pc-dev.20d8e5400334b6df9ddc31b7b0d0634c.json
29-04 23:23:50 +00:00: Updated local JSON file: data/songdb/PC/SongDB_Dev.json with URL: https://jdmo-cdn.c0llydoll.com/private/songdb/jdmelody-pc-dev.20d8e5400334b6df9ddc31b7b0d0634c.json
29-04 23:38:14 +00:00: Saved data to /root/JDMO/main/main/database/Maps/WhyOWhy.json
30-04 00:16:30 +00:00: Saved data to /root/JDMO/main/main/database/Maps/Futebol.json
30-04 00:17:02 +00:00: Uploading file: jdmelody-nx-all.json as jdmelody-nx-all.5f379d66380daaa2a622af5d0dd8412c.json
30-04 00:17:03 +00:00: File uploaded: jdmelody-nx-all.5f379d66380daaa2a622af5d0dd8412c.json
30-04 00:17:03 +00:00: Updated local JSON file: data/songdb/NX/SongDB.json with URL: https://jdmo-cdn.c0llydoll.com/private/songdb/jdmelody-nx-all.5f379d66380daaa2a622af5d0dd8412c.json
30-04 00:17:03 +00:00: Uploading file: jdmelody-ps4-all.json as jdmelody-ps4-all.9e3e1ebf03a601880734000bbc12e53a.json
30-04 00:17:03 +00:00: File uploaded: jdmelody-ps4-all.9e3e1ebf03a601880734000bbc12e53a.json
30-04 00:17:03 +00:00: Updated local JSON file: data/songdb/PS4/SongDB.json with URL: https://jdmo-cdn.c0llydoll.com/private/songdb/jdmelody-ps4-all.9e3e1ebf03a601880734000bbc12e53a.json
30-04 00:17:03 +00:00: Uploading file: jdmelody-pc-all.json as jdmelody-pc-all.af7cb6f9248537e08861b1709d36864c.json
30-04 00:17:04 +00:00: File uploaded: jdmelody-pc-all.af7cb6f9248537e08861b1709d36864c.json
30-04 00:17:04 +00:00: Updated local JSON file: data/songdb/PC/SongDB.json with URL: https://jdmo-cdn.c0llydoll.com/private/songdb/jdmelody-pc-all.af7cb6f9248537e08861b1709d36864c.json
30-04 00:17:04 +00:00: Uploading file: jdmelody-nx-patreon.json as jdmelody-nx-patreon.408354bb771f718e72d2cdef3481d296.json
30-04 00:17:04 +00:00: File uploaded: jdmelody-nx-patreon.408354bb771f718e72d2cdef3481d296.json
30-04 00:17:04 +00:00: Updated local JSON file: data/songdb/NX/SongDB_Patreon.json with URL: https://jdmo-cdn.c0llydoll.com/private/songdb/jdmelody-nx-patreon.408354bb771f718e72d2cdef3481d296.json
30-04 00:17:04 +00:00: Uploading file: jdmelody-ps4-patreon.json as jdmelody-ps4-patreon.34e2e471f601f52da26c5d35dd2a6af4.json
30-04 00:17:04 +00:00: File uploaded: jdmelody-ps4-patreon.34e2e471f601f52da26c5d35dd2a6af4.json
30-04 00:17:04 +00:00: Updated local JSON file: data/songdb/PS4/SongDB_Patreon.json with URL: https://jdmo-cdn.c0llydoll.com/private/songdb/jdmelody-ps4-patreon.34e2e471f601f52da26c5d35dd2a6af4.json
30-04 00:17:04 +00:00: Uploading file: jdmelody-pc-patreon.json as jdmelody-pc-patreon.fec1512ad44f3314e367a0a4505724d0.json
30-04 00:17:04 +00:00: File uploaded: jdmelody-pc-patreon.fec1512ad44f3314e367a0a4505724d0.json
30-04 00:17:04 +00:00: Updated local JSON file: data/songdb/PC/SongDB_Patreon.json with URL: https://jdmo-cdn.c0llydoll.com/private/songdb/jdmelody-pc-patreon.fec1512ad44f3314e367a0a4505724d0.json
30-04 00:17:04 +00:00: Uploading file: jdmelody-nx-dev.json as jdmelody-nx-dev.d51b35a5c76512a31db464ab09b8abcd.json
30-04 00:17:05 +00:00: File uploaded: jdmelody-nx-dev.d51b35a5c76512a31db464ab09b8abcd.json
30-04 00:17:05 +00:00: Updated local JSON file: data/songdb/NX/SongDB_Dev.json with URL: https://jdmo-cdn.c0llydoll.com/private/songdb/jdmelody-nx-dev.d51b35a5c76512a31db464ab09b8abcd.json
30-04 00:17:05 +00:00: Uploading file: jdmelody-ps4-dev.json as jdmelody-ps4-dev.bb1f7e94f6988e157f4d78eed2ce15c0.json
30-04 00:17:05 +00:00: File uploaded: jdmelody-ps4-dev.bb1f7e94f6988e157f4d78eed2ce15c0.json
30-04 00:17:05 +00:00: Updated local JSON file: data/songdb/PS4/SongDB_Dev.json with URL: https://jdmo-cdn.c0llydoll.com/private/songdb/jdmelody-ps4-dev.bb1f7e94f6988e157f4d78eed2ce15c0.json
30-04 00:17:05 +00:00: Uploading file: jdmelody-pc-dev.json as jdmelody-pc-dev.db906e6b1ccaef61114222202de1042d.json
30-04 00:17:07 +00:00: File uploaded: jdmelody-pc-dev.db906e6b1ccaef61114222202de1042d.json
30-04 00:17:07 +00:00: Updated local JSON file: data/songdb/PC/SongDB_Dev.json with URL: https://jdmo-cdn.c0llydoll.com/private/songdb/jdmelody-pc-dev.db906e6b1ccaef61114222202de1042d.json
30-04 00:48:11 +00:00: Saved data to /root/JDMO/main/main/database/Maps/MonsterMash.json
30-04 00:48:54 +00:00: Uploading file: jdmelody-nx-all.json as jdmelody-nx-all.5f379d66380daaa2a622af5d0dd8412c.json
30-04 00:48:54 +00:00: File uploaded: jdmelody-nx-all.5f379d66380daaa2a622af5d0dd8412c.json
30-04 00:48:54 +00:00: Updated local JSON file: data/songdb/NX/SongDB.json with URL: https://jdmo-cdn.c0llydoll.com/private/songdb/jdmelody-nx-all.5f379d66380daaa2a622af5d0dd8412c.json
30-04 00:48:54 +00:00: Uploading file: jdmelody-ps4-all.json as jdmelody-ps4-all.9e3e1ebf03a601880734000bbc12e53a.json
30-04 00:48:55 +00:00: File uploaded: jdmelody-ps4-all.9e3e1ebf03a601880734000bbc12e53a.json
30-04 00:48:55 +00:00: Updated local JSON file: data/songdb/PS4/SongDB.json with URL: https://jdmo-cdn.c0llydoll.com/private/songdb/jdmelody-ps4-all.9e3e1ebf03a601880734000bbc12e53a.json
30-04 00:48:55 +00:00: Uploading file: jdmelody-pc-all.json as jdmelody-pc-all.af7cb6f9248537e08861b1709d36864c.json
30-04 00:48:55 +00:00: File uploaded: jdmelody-pc-all.af7cb6f9248537e08861b1709d36864c.json
30-04 00:48:55 +00:00: Updated local JSON file: data/songdb/PC/SongDB.json with URL: https://jdmo-cdn.c0llydoll.com/private/songdb/jdmelody-pc-all.af7cb6f9248537e08861b1709d36864c.json
30-04 00:48:55 +00:00: Uploading file: jdmelody-nx-patreon.json as jdmelody-nx-patreon.408354bb771f718e72d2cdef3481d296.json
30-04 00:48:55 +00:00: File uploaded: jdmelody-nx-patreon.408354bb771f718e72d2cdef3481d296.json
30-04 00:48:55 +00:00: Updated local JSON file: data/songdb/NX/SongDB_Patreon.json with URL: https://jdmo-cdn.c0llydoll.com/private/songdb/jdmelody-nx-patreon.408354bb771f718e72d2cdef3481d296.json
30-04 00:48:55 +00:00: Uploading file: jdmelody-ps4-patreon.json as jdmelody-ps4-patreon.34e2e471f601f52da26c5d35dd2a6af4.json
30-04 00:48:56 +00:00: File uploaded: jdmelody-ps4-patreon.34e2e471f601f52da26c5d35dd2a6af4.json
30-04 00:48:56 +00:00: Updated local JSON file: data/songdb/PS4/SongDB_Patreon.json with URL: https://jdmo-cdn.c0llydoll.com/private/songdb/jdmelody-ps4-patreon.34e2e471f601f52da26c5d35dd2a6af4.json
30-04 00:48:56 +00:00: Uploading file: jdmelody-pc-patreon.json as jdmelody-pc-patreon.fec1512ad44f3314e367a0a4505724d0.json
30-04 00:48:56 +00:00: File uploaded: jdmelody-pc-patreon.fec1512ad44f3314e367a0a4505724d0.json
30-04 00:48:56 +00:00: Updated local JSON file: data/songdb/PC/SongDB_Patreon.json with URL: https://jdmo-cdn.c0llydoll.com/private/songdb/jdmelody-pc-patreon.fec1512ad44f3314e367a0a4505724d0.json
30-04 00:48:56 +00:00: Uploading file: jdmelody-nx-dev.json as jdmelody-nx-dev.6efbd27dbd6691208941e5506c4a023d.json
30-04 00:48:57 +00:00: File uploaded: jdmelody-nx-dev.6efbd27dbd6691208941e5506c4a023d.json
30-04 00:48:57 +00:00: Updated local JSON file: data/songdb/NX/SongDB_Dev.json with URL: https://jdmo-cdn.c0llydoll.com/private/songdb/jdmelody-nx-dev.6efbd27dbd6691208941e5506c4a023d.json
30-04 00:48:57 +00:00: Uploading file: jdmelody-ps4-dev.json as jdmelody-ps4-dev.59b010d6ca06eb7234c22940915d6a1c.json
30-04 00:48:58 +00:00: File uploaded: jdmelody-ps4-dev.59b010d6ca06eb7234c22940915d6a1c.json
30-04 00:48:58 +00:00: Updated local JSON file: data/songdb/PS4/SongDB_Dev.json with URL: https://jdmo-cdn.c0llydoll.com/private/songdb/jdmelody-ps4-dev.59b010d6ca06eb7234c22940915d6a1c.json
30-04 00:48:58 +00:00: Uploading file: jdmelody-pc-dev.json as jdmelody-pc-dev.20fc0ea5f82e1bc6128fae844f6f9fe2.json
30-04 00:48:58 +00:00: File uploaded: jdmelody-pc-dev.20fc0ea5f82e1bc6128fae844f6f9fe2.json
30-04 00:48:58 +00:00: Updated local JSON file: data/songdb/PC/SongDB_Dev.json with URL: https://jdmo-cdn.c0llydoll.com/private/songdb/jdmelody-pc-dev.20fc0ea5f82e1bc6128fae844f6f9fe2.json
30-04 11:46:42 +00:00: Saved data to /root/JDMO/main/main/database/Maps/ComeOn.json
30-04 11:47:35 +00:00: Saved data to /root/JDMO/main/main/database/Maps/CosmicGirl.json
30-04 11:48:18 +00:00: Saved data to /root/JDMO/main/main/database/Maps/WhenIGrowUp.json
30-04 11:49:02 +00:00: Uploading file: jdmelody-nx-all.json as jdmelody-nx-all.5f379d66380daaa2a622af5d0dd8412c.json
30-04 11:49:02 +00:00: File uploaded: jdmelody-nx-all.5f379d66380daaa2a622af5d0dd8412c.json
30-04 11:49:02 +00:00: Updated local JSON file: data/songdb/NX/SongDB.json with URL: https://jdmo-cdn.c0llydoll.com/private/songdb/jdmelody-nx-all.5f379d66380daaa2a622af5d0dd8412c.json
30-04 11:49:02 +00:00: Uploading file: jdmelody-ps4-all.json as jdmelody-ps4-all.9e3e1ebf03a601880734000bbc12e53a.json
30-04 11:49:02 +00:00: File uploaded: jdmelody-ps4-all.9e3e1ebf03a601880734000bbc12e53a.json
30-04 11:49:02 +00:00: Updated local JSON file: data/songdb/PS4/SongDB.json with URL: https://jdmo-cdn.c0llydoll.com/private/songdb/jdmelody-ps4-all.9e3e1ebf03a601880734000bbc12e53a.json
30-04 11:49:02 +00:00: Uploading file: jdmelody-pc-all.json as jdmelody-pc-all.af7cb6f9248537e08861b1709d36864c.json
30-04 11:49:03 +00:00: File uploaded: jdmelody-pc-all.af7cb6f9248537e08861b1709d36864c.json
30-04 11:49:03 +00:00: Updated local JSON file: data/songdb/PC/SongDB.json with URL: https://jdmo-cdn.c0llydoll.com/private/songdb/jdmelody-pc-all.af7cb6f9248537e08861b1709d36864c.json
30-04 11:49:03 +00:00: Uploading file: jdmelody-nx-patreon.json as jdmelody-nx-patreon.408354bb771f718e72d2cdef3481d296.json
30-04 11:49:03 +00:00: File uploaded: jdmelody-nx-patreon.408354bb771f718e72d2cdef3481d296.json
30-04 11:49:03 +00:00: Updated local JSON file: data/songdb/NX/SongDB_Patreon.json with URL: https://jdmo-cdn.c0llydoll.com/private/songdb/jdmelody-nx-patreon.408354bb771f718e72d2cdef3481d296.json
30-04 11:49:03 +00:00: Uploading file: jdmelody-ps4-patreon.json as jdmelody-ps4-patreon.34e2e471f601f52da26c5d35dd2a6af4.json
30-04 11:49:04 +00:00: File uploaded: jdmelody-ps4-patreon.34e2e471f601f52da26c5d35dd2a6af4.json
30-04 11:49:04 +00:00: Updated local JSON file: data/songdb/PS4/SongDB_Patreon.json with URL: https://jdmo-cdn.c0llydoll.com/private/songdb/jdmelody-ps4-patreon.34e2e471f601f52da26c5d35dd2a6af4.json
30-04 11:49:04 +00:00: Uploading file: jdmelody-pc-patreon.json as jdmelody-pc-patreon.fec1512ad44f3314e367a0a4505724d0.json
30-04 11:49:04 +00:00: File uploaded: jdmelody-pc-patreon.fec1512ad44f3314e367a0a4505724d0.json
30-04 11:49:04 +00:00: Updated local JSON file: data/songdb/PC/SongDB_Patreon.json with URL: https://jdmo-cdn.c0llydoll.com/private/songdb/jdmelody-pc-patreon.fec1512ad44f3314e367a0a4505724d0.json
30-04 11:49:04 +00:00: Uploading file: jdmelody-nx-dev.json as jdmelody-nx-dev.aa96244224024431d298d3aea96cfb7f.json
30-04 11:49:04 +00:00: File uploaded: jdmelody-nx-dev.aa96244224024431d298d3aea96cfb7f.json
30-04 11:49:04 +00:00: Updated local JSON file: data/songdb/NX/SongDB_Dev.json with URL: https://jdmo-cdn.c0llydoll.com/private/songdb/jdmelody-nx-dev.aa96244224024431d298d3aea96cfb7f.json
30-04 11:49:04 +00:00: Uploading file: jdmelody-ps4-dev.json as jdmelody-ps4-dev.cbb6bab7ebc6daeda2401f872d3562aa.json
30-04 11:49:05 +00:00: File uploaded: jdmelody-ps4-dev.cbb6bab7ebc6daeda2401f872d3562aa.json
30-04 11:49:05 +00:00: Updated local JSON file: data/songdb/PS4/SongDB_Dev.json with URL: https://jdmo-cdn.c0llydoll.com/private/songdb/jdmelody-ps4-dev.cbb6bab7ebc6daeda2401f872d3562aa.json
30-04 11:49:05 +00:00: Uploading file: jdmelody-pc-dev.json as jdmelody-pc-dev.1602357be0343f3bc2659ef988c6f08b.json
30-04 11:49:05 +00:00: File uploaded: jdmelody-pc-dev.1602357be0343f3bc2659ef988c6f08b.json
30-04 11:49:05 +00:00: Updated local JSON file: data/songdb/PC/SongDB_Dev.json with URL: https://jdmo-cdn.c0llydoll.com/private/songdb/jdmelody-pc-dev.1602357be0343f3bc2659ef988c6f08b.json
30-04 11:49:07 +00:00: Uploading file: jdmelody-nx-all.json as jdmelody-nx-all.5f379d66380daaa2a622af5d0dd8412c.json
30-04 11:49:08 +00:00: File uploaded: jdmelody-nx-all.5f379d66380daaa2a622af5d0dd8412c.json
30-04 11:49:08 +00:00: Updated local JSON file: data/songdb/NX/SongDB.json with URL: https://jdmo-cdn.c0llydoll.com/private/songdb/jdmelody-nx-all.5f379d66380daaa2a622af5d0dd8412c.json
30-04 11:49:08 +00:00: Uploading file: jdmelody-ps4-all.json as jdmelody-ps4-all.9e3e1ebf03a601880734000bbc12e53a.json
30-04 11:49:08 +00:00: File uploaded: jdmelody-ps4-all.9e3e1ebf03a601880734000bbc12e53a.json
30-04 11:49:08 +00:00: Updated local JSON file: data/songdb/PS4/SongDB.json with URL: https://jdmo-cdn.c0llydoll.com/private/songdb/jdmelody-ps4-all.9e3e1ebf03a601880734000bbc12e53a.json
30-04 11:49:08 +00:00: Uploading file: jdmelody-pc-all.json as jdmelody-pc-all.af7cb6f9248537e08861b1709d36864c.json
30-04 11:49:09 +00:00: File uploaded: jdmelody-pc-all.af7cb6f9248537e08861b1709d36864c.json
30-04 11:49:09 +00:00: Updated local JSON file: data/songdb/PC/SongDB.json with URL: https://jdmo-cdn.c0llydoll.com/private/songdb/jdmelody-pc-all.af7cb6f9248537e08861b1709d36864c.json
30-04 11:49:09 +00:00: Uploading file: jdmelody-nx-patreon.json as jdmelody-nx-patreon.408354bb771f718e72d2cdef3481d296.json
30-04 11:49:09 +00:00: File uploaded: jdmelody-nx-patreon.408354bb771f718e72d2cdef3481d296.json
30-04 11:49:09 +00:00: Updated local JSON file: data/songdb/NX/SongDB_Patreon.json with URL: https://jdmo-cdn.c0llydoll.com/private/songdb/jdmelody-nx-patreon.408354bb771f718e72d2cdef3481d296.json
30-04 11:49:09 +00:00: Uploading file: jdmelody-ps4-patreon.json as jdmelody-ps4-patreon.34e2e471f601f52da26c5d35dd2a6af4.json
30-04 11:49:10 +00:00: File uploaded: jdmelody-ps4-patreon.34e2e471f601f52da26c5d35dd2a6af4.json
30-04 11:49:10 +00:00: Updated local JSON file: data/songdb/PS4/SongDB_Patreon.json with URL: https://jdmo-cdn.c0llydoll.com/private/songdb/jdmelody-ps4-patreon.34e2e471f601f52da26c5d35dd2a6af4.json
30-04 11:49:10 +00:00: Uploading file: jdmelody-pc-patreon.json as jdmelody-pc-patreon.fec1512ad44f3314e367a0a4505724d0.json
30-04 11:49:11 +00:00: File uploaded: jdmelody-pc-patreon.fec1512ad44f3314e367a0a4505724d0.json
30-04 11:49:11 +00:00: Updated local JSON file: data/songdb/PC/SongDB_Patreon.json with URL: https://jdmo-cdn.c0llydoll.com/private/songdb/jdmelody-pc-patreon.fec1512ad44f3314e367a0a4505724d0.json
30-04 11:49:11 +00:00: Uploading file: jdmelody-nx-dev.json as jdmelody-nx-dev.8b36d01adb689bc682468bfe78659f61.json
30-04 11:49:11 +00:00: File uploaded: jdmelody-nx-dev.8b36d01adb689bc682468bfe78659f61.json
30-04 11:49:11 +00:00: Updated local JSON file: data/songdb/NX/SongDB_Dev.json with URL: https://jdmo-cdn.c0llydoll.com/private/songdb/jdmelody-nx-dev.8b36d01adb689bc682468bfe78659f61.json
30-04 11:49:11 +00:00: Uploading file: jdmelody-ps4-dev.json as jdmelody-ps4-dev.2d7803bee08515194ef6add4d46cabd4.json
30-04 11:49:11 +00:00: File uploaded: jdmelody-ps4-dev.2d7803bee08515194ef6add4d46cabd4.json
30-04 11:49:11 +00:00: Updated local JSON file: data/songdb/PS4/SongDB_Dev.json with URL: https://jdmo-cdn.c0llydoll.com/private/songdb/jdmelody-ps4-dev.2d7803bee08515194ef6add4d46cabd4.json
30-04 11:49:12 +00:00: Uploading file: jdmelody-pc-dev.json as jdmelody-pc-dev.32b6ae53f194ccb3abb443d84757fcf0.json
30-04 11:49:12 +00:00: File uploaded: jdmelody-pc-dev.32b6ae53f194ccb3abb443d84757fcf0.json
30-04 11:49:12 +00:00: Updated local JSON file: data/songdb/PC/SongDB_Dev.json with URL: https://jdmo-cdn.c0llydoll.com/private/songdb/jdmelody-pc-dev.32b6ae53f194ccb3abb443d84757fcf0.json
30-04 11:49:14 +00:00: Uploading file: jdmelody-nx-all.json as jdmelody-nx-all.5f379d66380daaa2a622af5d0dd8412c.json
30-04 11:49:15 +00:00: File uploaded: jdmelody-nx-all.5f379d66380daaa2a622af5d0dd8412c.json
30-04 11:49:15 +00:00: Updated local JSON file: data/songdb/NX/SongDB.json with URL: https://jdmo-cdn.c0llydoll.com/private/songdb/jdmelody-nx-all.5f379d66380daaa2a622af5d0dd8412c.json
30-04 11:49:15 +00:00: Uploading file: jdmelody-ps4-all.json as jdmelody-ps4-all.9e3e1ebf03a601880734000bbc12e53a.json
30-04 11:49:15 +00:00: File uploaded: jdmelody-ps4-all.9e3e1ebf03a601880734000bbc12e53a.json
30-04 11:49:15 +00:00: Updated local JSON file: data/songdb/PS4/SongDB.json with URL: https://jdmo-cdn.c0llydoll.com/private/songdb/jdmelody-ps4-all.9e3e1ebf03a601880734000bbc12e53a.json
30-04 11:49:15 +00:00: Uploading file: jdmelody-pc-all.json as jdmelody-pc-all.af7cb6f9248537e08861b1709d36864c.json
30-04 11:49:16 +00:00: File uploaded: jdmelody-pc-all.af7cb6f9248537e08861b1709d36864c.json
30-04 11:49:16 +00:00: Updated local JSON file: data/songdb/PC/SongDB.json with URL: https://jdmo-cdn.c0llydoll.com/private/songdb/jdmelody-pc-all.af7cb6f9248537e08861b1709d36864c.json
30-04 11:49:17 +00:00: Uploading file: jdmelody-nx-patreon.json as jdmelody-nx-patreon.408354bb771f718e72d2cdef3481d296.json
30-04 11:49:17 +00:00: File uploaded: jdmelody-nx-patreon.408354bb771f718e72d2cdef3481d296.json
30-04 11:49:17 +00:00: Updated local JSON file: data/songdb/NX/SongDB_Patreon.json with URL: https://jdmo-cdn.c0llydoll.com/private/songdb/jdmelody-nx-patreon.408354bb771f718e72d2cdef3481d296.json
30-04 11:49:17 +00:00: Uploading file: jdmelody-ps4-patreon.json as jdmelody-ps4-patreon.34e2e471f601f52da26c5d35dd2a6af4.json
30-04 11:49:17 +00:00: File uploaded: jdmelody-ps4-patreon.34e2e471f601f52da26c5d35dd2a6af4.json
30-04 11:49:17 +00:00: Updated local JSON file: data/songdb/PS4/SongDB_Patreon.json with URL: https://jdmo-cdn.c0llydoll.com/private/songdb/jdmelody-ps4-patreon.34e2e471f601f52da26c5d35dd2a6af4.json
30-04 11:49:17 +00:00: Uploading file: jdmelody-pc-patreon.json as jdmelody-pc-patreon.fec1512ad44f3314e367a0a4505724d0.json
30-04 11:49:18 +00:00: File uploaded: jdmelody-pc-patreon.fec1512ad44f3314e367a0a4505724d0.json
30-04 11:49:18 +00:00: Updated local JSON file: data/songdb/PC/SongDB_Patreon.json with URL: https://jdmo-cdn.c0llydoll.com/private/songdb/jdmelody-pc-patreon.fec1512ad44f3314e367a0a4505724d0.json
30-04 11:49:18 +00:00: Uploading file: jdmelody-nx-dev.json as jdmelody-nx-dev.dbf650e65ea293c9467e1f3431d20207.json
30-04 11:49:18 +00:00: File uploaded: jdmelody-nx-dev.dbf650e65ea293c9467e1f3431d20207.json
30-04 11:49:18 +00:00: Updated local JSON file: data/songdb/NX/SongDB_Dev.json with URL: https://jdmo-cdn.c0llydoll.com/private/songdb/jdmelody-nx-dev.dbf650e65ea293c9467e1f3431d20207.json
30-04 11:49:18 +00:00: Uploading file: jdmelody-ps4-dev.json as jdmelody-ps4-dev.a18a266735c2b1e15ca5b173ad6d36d9.json
30-04 11:49:18 +00:00: File uploaded: jdmelody-ps4-dev.a18a266735c2b1e15ca5b173ad6d36d9.json
30-04 11:49:18 +00:00: Updated local JSON file: data/songdb/PS4/SongDB_Dev.json with URL: https://jdmo-cdn.c0llydoll.com/private/songdb/jdmelody-ps4-dev.a18a266735c2b1e15ca5b173ad6d36d9.json
30-04 11:49:18 +00:00: Uploading file: jdmelody-pc-dev.json as jdmelody-pc-dev.2ce628d6c0a0a58ae1278d24e537f505.json
30-04 11:49:19 +00:00: File uploaded: jdmelody-pc-dev.2ce628d6c0a0a58ae1278d24e537f505.json
30-04 11:49:19 +00:00: Updated local JSON file: data/songdb/PC/SongDB_Dev.json with URL: https://jdmo-cdn.c0llydoll.com/private/songdb/jdmelody-pc-dev.2ce628d6c0a0a58ae1278d24e537f505.json
30-04 11:49:21 +00:00: Uploading file: jdmelody-nx-all.json as jdmelody-nx-all.5f379d66380daaa2a622af5d0dd8412c.json
30-04 11:49:21 +00:00: File uploaded: jdmelody-nx-all.5f379d66380daaa2a622af5d0dd8412c.json
30-04 11:49:21 +00:00: Updated local JSON file: data/songdb/NX/SongDB.json with URL: https://jdmo-cdn.c0llydoll.com/private/songdb/jdmelody-nx-all.5f379d66380daaa2a622af5d0dd8412c.json
30-04 11:49:21 +00:00: Uploading file: jdmelody-ps4-all.json as jdmelody-ps4-all.9e3e1ebf03a601880734000bbc12e53a.json
30-04 11:49:21 +00:00: File uploaded: jdmelody-ps4-all.9e3e1ebf03a601880734000bbc12e53a.json
30-04 11:49:21 +00:00: Updated local JSON file: data/songdb/PS4/SongDB.json with URL: https://jdmo-cdn.c0llydoll.com/private/songdb/jdmelody-ps4-all.9e3e1ebf03a601880734000bbc12e53a.json
30-04 11:49:22 +00:00: Uploading file: jdmelody-pc-all.json as jdmelody-pc-all.af7cb6f9248537e08861b1709d36864c.json
30-04 11:49:23 +00:00: File uploaded: jdmelody-pc-all.af7cb6f9248537e08861b1709d36864c.json
30-04 11:49:23 +00:00: Updated local JSON file: data/songdb/PC/SongDB.json with URL: https://jdmo-cdn.c0llydoll.com/private/songdb/jdmelody-pc-all.af7cb6f9248537e08861b1709d36864c.json
30-04 11:49:23 +00:00: Uploading file: jdmelody-nx-patreon.json as jdmelody-nx-patreon.408354bb771f718e72d2cdef3481d296.json
30-04 11:49:24 +00:00: File uploaded: jdmelody-nx-patreon.408354bb771f718e72d2cdef3481d296.json
30-04 11:49:24 +00:00: Updated local JSON file: data/songdb/NX/SongDB_Patreon.json with URL: https://jdmo-cdn.c0llydoll.com/private/songdb/jdmelody-nx-patreon.408354bb771f718e72d2cdef3481d296.json
30-04 11:49:24 +00:00: Uploading file: jdmelody-ps4-patreon.json as jdmelody-ps4-patreon.34e2e471f601f52da26c5d35dd2a6af4.json
30-04 11:49:25 +00:00: File uploaded: jdmelody-ps4-patreon.34e2e471f601f52da26c5d35dd2a6af4.json
30-04 11:49:25 +00:00: Updated local JSON file: data/songdb/PS4/SongDB_Patreon.json with URL: https://jdmo-cdn.c0llydoll.com/private/songdb/jdmelody-ps4-patreon.34e2e471f601f52da26c5d35dd2a6af4.json
30-04 11:49:25 +00:00: Uploading file: jdmelody-pc-patreon.json as jdmelody-pc-patreon.fec1512ad44f3314e367a0a4505724d0.json
30-04 11:49:25 +00:00: File uploaded: jdmelody-pc-patreon.fec1512ad44f3314e367a0a4505724d0.json
30-04 11:49:25 +00:00: Updated local JSON file: data/songdb/PC/SongDB_Patreon.json with URL: https://jdmo-cdn.c0llydoll.com/private/songdb/jdmelody-pc-patreon.fec1512ad44f3314e367a0a4505724d0.json
30-04 11:49:25 +00:00: Uploading file: jdmelody-nx-dev.json as jdmelody-nx-dev.0418bf6e89716a50694cf85473efdd50.json
30-04 11:49:25 +00:00: File uploaded: jdmelody-nx-dev.0418bf6e89716a50694cf85473efdd50.json
30-04 11:49:25 +00:00: Updated local JSON file: data/songdb/NX/SongDB_Dev.json with URL: https://jdmo-cdn.c0llydoll.com/private/songdb/jdmelody-nx-dev.0418bf6e89716a50694cf85473efdd50.json
30-04 11:49:25 +00:00: Uploading file: jdmelody-ps4-dev.json as jdmelody-ps4-dev.5d1b4ef8c2574a7d6e34635e2a370faf.json
30-04 11:49:26 +00:00: File uploaded: jdmelody-ps4-dev.5d1b4ef8c2574a7d6e34635e2a370faf.json
30-04 11:49:26 +00:00: Updated local JSON file: data/songdb/PS4/SongDB_Dev.json with URL: https://jdmo-cdn.c0llydoll.com/private/songdb/jdmelody-ps4-dev.5d1b4ef8c2574a7d6e34635e2a370faf.json
30-04 11:49:26 +00:00: Uploading file: jdmelody-pc-dev.json as jdmelody-pc-dev.1c5a282eecca78dc5fa7f9e038890a30.json
30-04 11:49:27 +00:00: File uploaded: jdmelody-pc-dev.1c5a282eecca78dc5fa7f9e038890a30.json
30-04 11:49:27 +00:00: Updated local JSON file: data/songdb/PC/SongDB_Dev.json with URL: https://jdmo-cdn.c0llydoll.com/private/songdb/jdmelody-pc-dev.1c5a282eecca78dc5fa7f9e038890a30.json
30-04 11:51:53 +00:00: Saved data to /root/JDMO/main/main/database/Maps/ComeOn.json
30-04 11:52:36 +00:00: Uploading file: jdmelody-nx-all.json as jdmelody-nx-all.5f379d66380daaa2a622af5d0dd8412c.json
30-04 11:52:37 +00:00: File uploaded: jdmelody-nx-all.5f379d66380daaa2a622af5d0dd8412c.json
30-04 11:52:37 +00:00: Updated local JSON file: data/songdb/NX/SongDB.json with URL: https://jdmo-cdn.c0llydoll.com/private/songdb/jdmelody-nx-all.5f379d66380daaa2a622af5d0dd8412c.json
30-04 11:52:37 +00:00: Uploading file: jdmelody-ps4-all.json as jdmelody-ps4-all.9e3e1ebf03a601880734000bbc12e53a.json
30-04 11:52:37 +00:00: File uploaded: jdmelody-ps4-all.9e3e1ebf03a601880734000bbc12e53a.json
30-04 11:52:37 +00:00: Updated local JSON file: data/songdb/PS4/SongDB.json with URL: https://jdmo-cdn.c0llydoll.com/private/songdb/jdmelody-ps4-all.9e3e1ebf03a601880734000bbc12e53a.json
30-04 11:52:37 +00:00: Uploading file: jdmelody-pc-all.json as jdmelody-pc-all.af7cb6f9248537e08861b1709d36864c.json
30-04 11:52:38 +00:00: File uploaded: jdmelody-pc-all.af7cb6f9248537e08861b1709d36864c.json
30-04 11:52:38 +00:00: Updated local JSON file: data/songdb/PC/SongDB.json with URL: https://jdmo-cdn.c0llydoll.com/private/songdb/jdmelody-pc-all.af7cb6f9248537e08861b1709d36864c.json
30-04 11:52:38 +00:00: Uploading file: jdmelody-nx-patreon.json as jdmelody-nx-patreon.408354bb771f718e72d2cdef3481d296.json
30-04 11:52:38 +00:00: File uploaded: jdmelody-nx-patreon.408354bb771f718e72d2cdef3481d296.json
30-04 11:52:38 +00:00: Updated local JSON file: data/songdb/NX/SongDB_Patreon.json with URL: https://jdmo-cdn.c0llydoll.com/private/songdb/jdmelody-nx-patreon.408354bb771f718e72d2cdef3481d296.json
30-04 11:52:38 +00:00: Uploading file: jdmelody-ps4-patreon.json as jdmelody-ps4-patreon.34e2e471f601f52da26c5d35dd2a6af4.json
30-04 11:52:38 +00:00: File uploaded: jdmelody-ps4-patreon.34e2e471f601f52da26c5d35dd2a6af4.json
30-04 11:52:38 +00:00: Updated local JSON file: data/songdb/PS4/SongDB_Patreon.json with URL: https://jdmo-cdn.c0llydoll.com/private/songdb/jdmelody-ps4-patreon.34e2e471f601f52da26c5d35dd2a6af4.json
30-04 11:52:38 +00:00: Uploading file: jdmelody-pc-patreon.json as jdmelody-pc-patreon.fec1512ad44f3314e367a0a4505724d0.json
30-04 11:52:38 +00:00: File uploaded: jdmelody-pc-patreon.fec1512ad44f3314e367a0a4505724d0.json
30-04 11:52:38 +00:00: Updated local JSON file: data/songdb/PC/SongDB_Patreon.json with URL: https://jdmo-cdn.c0llydoll.com/private/songdb/jdmelody-pc-patreon.fec1512ad44f3314e367a0a4505724d0.json
30-04 11:52:38 +00:00: Uploading file: jdmelody-nx-dev.json as jdmelody-nx-dev.9826a98e907c3efa4d052358d9df9d27.json
30-04 11:52:39 +00:00: File uploaded: jdmelody-nx-dev.9826a98e907c3efa4d052358d9df9d27.json
30-04 11:52:39 +00:00: Updated local JSON file: data/songdb/NX/SongDB_Dev.json with URL: https://jdmo-cdn.c0llydoll.com/private/songdb/jdmelody-nx-dev.9826a98e907c3efa4d052358d9df9d27.json
30-04 11:52:39 +00:00: Uploading file: jdmelody-ps4-dev.json as jdmelody-ps4-dev.2fe20e154dad4f529d6dfa582dbde670.json
30-04 11:52:39 +00:00: File uploaded: jdmelody-ps4-dev.2fe20e154dad4f529d6dfa582dbde670.json
30-04 11:52:39 +00:00: Updated local JSON file: data/songdb/PS4/SongDB_Dev.json with URL: https://jdmo-cdn.c0llydoll.com/private/songdb/jdmelody-ps4-dev.2fe20e154dad4f529d6dfa582dbde670.json
30-04 11:52:39 +00:00: Uploading file: jdmelody-pc-dev.json as jdmelody-pc-dev.c38022b7a63a95818a7aee34ba93846f.json
30-04 11:52:40 +00:00: File uploaded: jdmelody-pc-dev.c38022b7a63a95818a7aee34ba93846f.json
30-04 11:52:40 +00:00: Updated local JSON file: data/songdb/PC/SongDB_Dev.json with URL: https://jdmo-cdn.c0llydoll.com/private/songdb/jdmelody-pc-dev.c38022b7a63a95818a7aee34ba93846f.json
30-04 14:45:16 +00:00: Saved data to /root/JDMO/main/main/database/Maps/Jump.json
30-04 14:47:41 +00:00: Uploading file: jdmelody-nx-all.json as jdmelody-nx-all.94116284fb5424877b53eee26de06e8b.json
30-04 14:47:42 +00:00: File uploaded: jdmelody-nx-all.94116284fb5424877b53eee26de06e8b.json
30-04 14:47:42 +00:00: Updated local JSON file: data/songdb/NX/SongDB.json with URL: https://jdmo-cdn.c0llydoll.com/private/songdb/jdmelody-nx-all.94116284fb5424877b53eee26de06e8b.json
30-04 14:47:42 +00:00: Uploading file: jdmelody-ps4-all.json as jdmelody-ps4-all.d7e56a782e4a136610a6714346ab99d9.json
30-04 14:47:42 +00:00: File uploaded: jdmelody-ps4-all.d7e56a782e4a136610a6714346ab99d9.json
30-04 14:47:42 +00:00: Updated local JSON file: data/songdb/PS4/SongDB.json with URL: https://jdmo-cdn.c0llydoll.com/private/songdb/jdmelody-ps4-all.d7e56a782e4a136610a6714346ab99d9.json
30-04 14:47:42 +00:00: Uploading file: jdmelody-pc-all.json as jdmelody-pc-all.e4bc3c0b6601797de21c77c5126c7d6d.json
30-04 14:47:43 +00:00: File uploaded: jdmelody-pc-all.e4bc3c0b6601797de21c77c5126c7d6d.json
30-04 14:47:43 +00:00: Updated local JSON file: data/songdb/PC/SongDB.json with URL: https://jdmo-cdn.c0llydoll.com/private/songdb/jdmelody-pc-all.e4bc3c0b6601797de21c77c5126c7d6d.json
30-04 14:47:43 +00:00: Uploading file: jdmelody-nx-patreon.json as jdmelody-nx-patreon.6f4278c7fe938165adfc040c230c018c.json
30-04 14:47:43 +00:00: File uploaded: jdmelody-nx-patreon.6f4278c7fe938165adfc040c230c018c.json
30-04 14:47:43 +00:00: Updated local JSON file: data/songdb/NX/SongDB_Patreon.json with URL: https://jdmo-cdn.c0llydoll.com/private/songdb/jdmelody-nx-patreon.6f4278c7fe938165adfc040c230c018c.json
30-04 14:47:43 +00:00: Uploading file: jdmelody-ps4-patreon.json as jdmelody-ps4-patreon.0b1fe58be439de2342e9ed188a9b3f4b.json
30-04 14:47:43 +00:00: File uploaded: jdmelody-ps4-patreon.0b1fe58be439de2342e9ed188a9b3f4b.json
30-04 14:47:43 +00:00: Updated local JSON file: data/songdb/PS4/SongDB_Patreon.json with URL: https://jdmo-cdn.c0llydoll.com/private/songdb/jdmelody-ps4-patreon.0b1fe58be439de2342e9ed188a9b3f4b.json
30-04 14:47:43 +00:00: Uploading file: jdmelody-pc-patreon.json as jdmelody-pc-patreon.ddafa3a9c995e86ce0a2c691dfad8fb6.json
30-04 14:47:43 +00:00: File uploaded: jdmelody-pc-patreon.ddafa3a9c995e86ce0a2c691dfad8fb6.json
30-04 14:47:43 +00:00: Updated local JSON file: data/songdb/PC/SongDB_Patreon.json with URL: https://jdmo-cdn.c0llydoll.com/private/songdb/jdmelody-pc-patreon.ddafa3a9c995e86ce0a2c691dfad8fb6.json
30-04 14:47:43 +00:00: Uploading file: jdmelody-nx-dev.json as jdmelody-nx-dev.d73131c1da1e4115a886e3a9469c4ebe.json
30-04 14:47:43 +00:00: File uploaded: jdmelody-nx-dev.d73131c1da1e4115a886e3a9469c4ebe.json
30-04 14:47:43 +00:00: Updated local JSON file: data/songdb/NX/SongDB_Dev.json with URL: https://jdmo-cdn.c0llydoll.com/private/songdb/jdmelody-nx-dev.d73131c1da1e4115a886e3a9469c4ebe.json
30-04 14:47:43 +00:00: Uploading file: jdmelody-ps4-dev.json as jdmelody-ps4-dev.d7eb3c5a8e4c2bf4671a81fdeaa81826.json
30-04 14:47:44 +00:00: File uploaded: jdmelody-ps4-dev.d7eb3c5a8e4c2bf4671a81fdeaa81826.json
30-04 14:47:44 +00:00: Updated local JSON file: data/songdb/PS4/SongDB_Dev.json with URL: https://jdmo-cdn.c0llydoll.com/private/songdb/jdmelody-ps4-dev.d7eb3c5a8e4c2bf4671a81fdeaa81826.json
30-04 14:47:44 +00:00: Uploading file: jdmelody-pc-dev.json as jdmelody-pc-dev.7e3fa589244cd2380ad527df64063943.json
30-04 14:47:45 +00:00: File uploaded: jdmelody-pc-dev.7e3fa589244cd2380ad527df64063943.json
30-04 14:47:45 +00:00: Updated local JSON file: data/songdb/PC/SongDB_Dev.json with URL: https://jdmo-cdn.c0llydoll.com/private/songdb/jdmelody-pc-dev.7e3fa589244cd2380ad527df64063943.json
30-04 17:06:56 +00:00: /root/JDMO/main/main/database/Maps
30-04 17:06:56 +00:00: JDM API Server running at https://2.56.246.74:443/
30-04 17:06:56 +00:00: JWT Module Redis client connected
30-04 17:12:05 +00:00: /root/JDMO/main/main/database/Maps
30-04 17:12:05 +00:00: JDM API Server running at https://2.56.246.74:443/
30-04 17:12:05 +00:00: JWT Module Redis client connected
30-04 17:15:37 +00:00: /root/JDMO/main/main/database/Maps
30-04 17:15:37 +00:00: JDM API Server running at https://2.56.246.74:443/
30-04 17:15:37 +00:00: JWT Module Redis client connected
30-04 17:19:21 +00:00: /root/JDMO/main/main/database/Maps
30-04 17:19:21 +00:00: JDM API Server running at https://2.56.246.74:443/
30-04 17:19:21 +00:00: JWT Module Redis client connected
30-04 17:43:51 +00:00: /root/JDMO/main/main/database/Maps
30-04 17:43:51 +00:00: JDM API Server running at https://2.56.246.74:443/
30-04 17:43:51 +00:00: JWT Module Redis client connected
30-04 17:46:42 +00:00: /root/JDMO/main/main/database/Maps
30-04 17:46:42 +00:00: JDM API Server running at https://2.56.246.74:443/
30-04 17:46:42 +00:00: JWT Module Redis client connected
30-04 17:50:11 +00:00: /root/JDMO/main/main/database/Maps
30-04 17:50:11 +00:00: JDM API Server running at https://2.56.246.74:443/
30-04 17:50:11 +00:00: JWT Module Redis client connected
30-04 17:55:58 +00:00: /root/JDMO/main/main/database/Maps
30-04 17:55:58 +00:00: JDM API Server running at https://2.56.246.74:443/
30-04 17:55:58 +00:00: JWT Module Redis client connected
30-04 18:25:47 +00:00: /root/JDMO/main/main/database/Maps
30-04 18:25:47 +00:00: JDM API Server running at https://2.56.246.74:443/
30-04 18:25:47 +00:00: JWT Module Redis client connected
30-04 18:29:02 +00:00: /root/JDMO/main/main/database/Maps
30-04 18:29:02 +00:00: JDM API Server running at https://2.56.246.74:443/
30-04 18:29:02 +00:00: JWT Module Redis client connected
30-04 18:51:20 +00:00: /root/JDMO/main/main/database/Maps
30-04 18:51:20 +00:00: JDM API Server running at https://2.56.246.74:443/
30-04 18:51:20 +00:00: JWT Module Redis client connected
30-04 18:51:33 +00:00: /root/JDMO/main/main/database/Maps
30-04 18:51:33 +00:00: JDM API Server running at https://2.56.246.74:443/
30-04 18:51:33 +00:00: JWT Module Redis client connected
30-04 18:51:49 +00:00: /root/JDMO/main/main/database/Maps
30-04 18:51:49 +00:00: JDM API Server running at https://2.56.246.74:443/
30-04 18:51:49 +00:00: JWT Module Redis client connected
30-04 18:52:23 +00:00: /root/JDMO/main/main/database/Maps
30-04 18:52:23 +00:00: JDM API Server running at https://2.56.246.74:443/
30-04 18:52:23 +00:00: JWT Module Redis client connected
30-04 18:53:07 +00:00: /root/JDMO/main/main/database/Maps
30-04 18:53:07 +00:00: JDM API Server running at https://2.56.246.74:443/
30-04 18:53:07 +00:00: JWT Module Redis client connected
30-04 19:09:44 +00:00: /root/JDMO/main/main/database/Maps
30-04 19:09:44 +00:00: JDM API Server running at https://2.56.246.74:443/
30-04 19:09:44 +00:00: JWT Module Redis client connected
30-04 19:12:34 +00:00: /root/JDMO/main/main/database/Maps
30-04 19:12:34 +00:00: JDM API Server running at https://2.56.246.74:443/
30-04 19:12:34 +00:00: JWT Module Redis client connected
