26-04 15:33:25 +00:00: /root/JDMO/main/main/database/Maps
26-04 15:33:25 +00:00: JDM API Server running at https://2.56.246.74:443/
26-04 15:33:25 +00:00: JWT Module Redis client connected
26-04 15:37:41 +00:00: Uploading file: jdmelody-nx-all.json as jdmelody-nx-all.2616eab3f2b9b96aaa1f4c1de4cd39db.json
26-04 15:37:41 +00:00: File uploaded: jdmelody-nx-all.2616eab3f2b9b96aaa1f4c1de4cd39db.json
26-04 15:37:41 +00:00: Updated local JSON file: data/songdb/NX/SongDB.json with URL: https://jdmo-cdn.c0llydoll.com/private/songdb/jdmelody-nx-all.2616eab3f2b9b96aaa1f4c1de4cd39db.json
26-04 15:37:41 +00:00: Uploading file: jdmelody-ps4-all.json as jdmelody-ps4-all.9cf34bf774fba6a3990c7b7eabdf4a83.json
26-04 15:37:42 +00:00: File uploaded: jdmelody-ps4-all.9cf34bf774fba6a3990c7b7eabdf4a83.json
26-04 15:37:42 +00:00: Updated local JSON file: data/songdb/PS4/SongDB.json with URL: https://jdmo-cdn.c0llydoll.com/private/songdb/jdmelody-ps4-all.9cf34bf774fba6a3990c7b7eabdf4a83.json
26-04 15:37:42 +00:00: Uploading file: jdmelody-pc-all.json as jdmelody-pc-all.88f250530cdde1f93a4bbac516d10d85.json
26-04 15:37:42 +00:00: File uploaded: jdmelody-pc-all.88f250530cdde1f93a4bbac516d10d85.json
26-04 15:37:42 +00:00: Updated local JSON file: data/songdb/PC/SongDB.json with URL: https://jdmo-cdn.c0llydoll.com/private/songdb/jdmelody-pc-all.88f250530cdde1f93a4bbac516d10d85.json
26-04 15:37:42 +00:00: Uploading file: jdmelody-nx-patreon.json as jdmelody-nx-patreon.af18f95324a8ac0daba98bb0a73f2429.json
26-04 15:37:43 +00:00: File uploaded: jdmelody-nx-patreon.af18f95324a8ac0daba98bb0a73f2429.json
26-04 15:37:43 +00:00: Updated local JSON file: data/songdb/NX/SongDB_Patreon.json with URL: https://jdmo-cdn.c0llydoll.com/private/songdb/jdmelody-nx-patreon.af18f95324a8ac0daba98bb0a73f2429.json
26-04 15:37:43 +00:00: Uploading file: jdmelody-ps4-patreon.json as jdmelody-ps4-patreon.ac3c168f9300262aaa55ec54353dd53b.json
26-04 15:37:43 +00:00: File uploaded: jdmelody-ps4-patreon.ac3c168f9300262aaa55ec54353dd53b.json
26-04 15:37:43 +00:00: Updated local JSON file: data/songdb/PS4/SongDB_Patreon.json with URL: https://jdmo-cdn.c0llydoll.com/private/songdb/jdmelody-ps4-patreon.ac3c168f9300262aaa55ec54353dd53b.json
26-04 15:37:43 +00:00: Uploading file: jdmelody-pc-patreon.json as jdmelody-pc-patreon.6248d820bd56bb593c8b9f604790ece5.json
26-04 15:37:44 +00:00: File uploaded: jdmelody-pc-patreon.6248d820bd56bb593c8b9f604790ece5.json
26-04 15:37:44 +00:00: Updated local JSON file: data/songdb/PC/SongDB_Patreon.json with URL: https://jdmo-cdn.c0llydoll.com/private/songdb/jdmelody-pc-patreon.6248d820bd56bb593c8b9f604790ece5.json
26-04 15:37:44 +00:00: Uploading file: jdmelody-nx-dev.json as jdmelody-nx-dev.02e434217ce6968568cd2df56aeaec39.json
26-04 15:37:44 +00:00: File uploaded: jdmelody-nx-dev.02e434217ce6968568cd2df56aeaec39.json
26-04 15:37:44 +00:00: Updated local JSON file: data/songdb/NX/SongDB_Dev.json with URL: https://jdmo-cdn.c0llydoll.com/private/songdb/jdmelody-nx-dev.02e434217ce6968568cd2df56aeaec39.json
26-04 15:37:44 +00:00: Uploading file: jdmelody-ps4-dev.json as jdmelody-ps4-dev.dc210e920f48b63dedc901c224dd5b9f.json
26-04 15:37:44 +00:00: File uploaded: jdmelody-ps4-dev.dc210e920f48b63dedc901c224dd5b9f.json
26-04 15:37:44 +00:00: Updated local JSON file: data/songdb/PS4/SongDB_Dev.json with URL: https://jdmo-cdn.c0llydoll.com/private/songdb/jdmelody-ps4-dev.dc210e920f48b63dedc901c224dd5b9f.json
26-04 15:37:45 +00:00: Uploading file: jdmelody-pc-dev.json as jdmelody-pc-dev.536377f92c9de484386fe7e44c349e45.json
26-04 15:37:45 +00:00: File uploaded: jdmelody-pc-dev.536377f92c9de484386fe7e44c349e45.json
26-04 15:37:45 +00:00: Updated local JSON file: data/songdb/PC/SongDB_Dev.json with URL: https://jdmo-cdn.c0llydoll.com/private/songdb/jdmelody-pc-dev.536377f92c9de484386fe7e44c349e45.json
26-04 15:55:14 +00:00: Saved data to /root/JDMO/main/main/database/Maps/Gnarly.json
26-04 15:55:32 +00:00: Saved data to /root/JDMO/main/main/database/Maps/Gnarly.json
26-04 15:55:55 +00:00: Saved data to /root/JDMO/main/main/database/Maps/Gnarly.json
26-04 16:01:00 +00:00: Uploading file: jdmelody-nx-all.json as jdmelody-nx-all.2616eab3f2b9b96aaa1f4c1de4cd39db.json
26-04 16:01:00 +00:00: File uploaded: jdmelody-nx-all.2616eab3f2b9b96aaa1f4c1de4cd39db.json
26-04 16:01:00 +00:00: Updated local JSON file: data/songdb/NX/SongDB.json with URL: https://jdmo-cdn.c0llydoll.com/private/songdb/jdmelody-nx-all.2616eab3f2b9b96aaa1f4c1de4cd39db.json
26-04 16:01:00 +00:00: Uploading file: jdmelody-ps4-all.json as jdmelody-ps4-all.9cf34bf774fba6a3990c7b7eabdf4a83.json
26-04 16:01:01 +00:00: File uploaded: jdmelody-ps4-all.9cf34bf774fba6a3990c7b7eabdf4a83.json
26-04 16:01:01 +00:00: Updated local JSON file: data/songdb/PS4/SongDB.json with URL: https://jdmo-cdn.c0llydoll.com/private/songdb/jdmelody-ps4-all.9cf34bf774fba6a3990c7b7eabdf4a83.json
26-04 16:01:01 +00:00: Uploading file: jdmelody-pc-all.json as jdmelody-pc-all.88f250530cdde1f93a4bbac516d10d85.json
26-04 16:01:01 +00:00: File uploaded: jdmelody-pc-all.88f250530cdde1f93a4bbac516d10d85.json
26-04 16:01:01 +00:00: Updated local JSON file: data/songdb/PC/SongDB.json with URL: https://jdmo-cdn.c0llydoll.com/private/songdb/jdmelody-pc-all.88f250530cdde1f93a4bbac516d10d85.json
26-04 16:01:01 +00:00: Uploading file: jdmelody-nx-patreon.json as jdmelody-nx-patreon.af18f95324a8ac0daba98bb0a73f2429.json
26-04 16:01:01 +00:00: File uploaded: jdmelody-nx-patreon.af18f95324a8ac0daba98bb0a73f2429.json
26-04 16:01:01 +00:00: Updated local JSON file: data/songdb/NX/SongDB_Patreon.json with URL: https://jdmo-cdn.c0llydoll.com/private/songdb/jdmelody-nx-patreon.af18f95324a8ac0daba98bb0a73f2429.json
26-04 16:01:01 +00:00: Uploading file: jdmelody-ps4-patreon.json as jdmelody-ps4-patreon.ac3c168f9300262aaa55ec54353dd53b.json
26-04 16:01:02 +00:00: File uploaded: jdmelody-ps4-patreon.ac3c168f9300262aaa55ec54353dd53b.json
26-04 16:01:02 +00:00: Updated local JSON file: data/songdb/PS4/SongDB_Patreon.json with URL: https://jdmo-cdn.c0llydoll.com/private/songdb/jdmelody-ps4-patreon.ac3c168f9300262aaa55ec54353dd53b.json
26-04 16:01:02 +00:00: Uploading file: jdmelody-pc-patreon.json as jdmelody-pc-patreon.6248d820bd56bb593c8b9f604790ece5.json
26-04 16:01:02 +00:00: File uploaded: jdmelody-pc-patreon.6248d820bd56bb593c8b9f604790ece5.json
26-04 16:01:02 +00:00: Updated local JSON file: data/songdb/PC/SongDB_Patreon.json with URL: https://jdmo-cdn.c0llydoll.com/private/songdb/jdmelody-pc-patreon.6248d820bd56bb593c8b9f604790ece5.json
26-04 16:01:02 +00:00: Uploading file: jdmelody-nx-dev.json as jdmelody-nx-dev.505648c40f0086b496fe1b7a5083c8bc.json
26-04 16:01:03 +00:00: File uploaded: jdmelody-nx-dev.505648c40f0086b496fe1b7a5083c8bc.json
26-04 16:01:03 +00:00: Updated local JSON file: data/songdb/NX/SongDB_Dev.json with URL: https://jdmo-cdn.c0llydoll.com/private/songdb/jdmelody-nx-dev.505648c40f0086b496fe1b7a5083c8bc.json
26-04 16:01:03 +00:00: Uploading file: jdmelody-ps4-dev.json as jdmelody-ps4-dev.c6d14d0965b41dbe7892c1a9ff44b019.json
26-04 16:01:03 +00:00: File uploaded: jdmelody-ps4-dev.c6d14d0965b41dbe7892c1a9ff44b019.json
26-04 16:01:03 +00:00: Updated local JSON file: data/songdb/PS4/SongDB_Dev.json with URL: https://jdmo-cdn.c0llydoll.com/private/songdb/jdmelody-ps4-dev.c6d14d0965b41dbe7892c1a9ff44b019.json
26-04 16:01:03 +00:00: Uploading file: jdmelody-pc-dev.json as jdmelody-pc-dev.0007b7c98596e4c516734f4445c39e21.json
26-04 16:01:03 +00:00: File uploaded: jdmelody-pc-dev.0007b7c98596e4c516734f4445c39e21.json
26-04 16:01:03 +00:00: Updated local JSON file: data/songdb/PC/SongDB_Dev.json with URL: https://jdmo-cdn.c0llydoll.com/private/songdb/jdmelody-pc-dev.0007b7c98596e4c516734f4445c39e21.json
26-04 16:05:17 +00:00: Saved data to /root/JDMO/main/main/database/Maps/Gnarly.json
26-04 16:06:16 +00:00: Saved data to /root/JDMO/main/main/database/Maps/Gnarly.json
26-04 16:06:39 +00:00: Saved data to /root/JDMO/main/main/database/Maps/Gnarly.json
26-04 16:06:47 +00:00: Uploading file: jdmelody-nx-all.json as jdmelody-nx-all.2616eab3f2b9b96aaa1f4c1de4cd39db.json
26-04 16:06:48 +00:00: File uploaded: jdmelody-nx-all.2616eab3f2b9b96aaa1f4c1de4cd39db.json
26-04 16:06:48 +00:00: Updated local JSON file: data/songdb/NX/SongDB.json with URL: https://jdmo-cdn.c0llydoll.com/private/songdb/jdmelody-nx-all.2616eab3f2b9b96aaa1f4c1de4cd39db.json
26-04 16:06:48 +00:00: Uploading file: jdmelody-ps4-all.json as jdmelody-ps4-all.9cf34bf774fba6a3990c7b7eabdf4a83.json
26-04 16:06:48 +00:00: File uploaded: jdmelody-ps4-all.9cf34bf774fba6a3990c7b7eabdf4a83.json
26-04 16:06:48 +00:00: Updated local JSON file: data/songdb/PS4/SongDB.json with URL: https://jdmo-cdn.c0llydoll.com/private/songdb/jdmelody-ps4-all.9cf34bf774fba6a3990c7b7eabdf4a83.json
26-04 16:06:48 +00:00: Uploading file: jdmelody-pc-all.json as jdmelody-pc-all.88f250530cdde1f93a4bbac516d10d85.json
26-04 16:06:48 +00:00: File uploaded: jdmelody-pc-all.88f250530cdde1f93a4bbac516d10d85.json
26-04 16:06:48 +00:00: Updated local JSON file: data/songdb/PC/SongDB.json with URL: https://jdmo-cdn.c0llydoll.com/private/songdb/jdmelody-pc-all.88f250530cdde1f93a4bbac516d10d85.json
26-04 16:06:48 +00:00: Uploading file: jdmelody-nx-patreon.json as jdmelody-nx-patreon.af18f95324a8ac0daba98bb0a73f2429.json
26-04 16:06:49 +00:00: File uploaded: jdmelody-nx-patreon.af18f95324a8ac0daba98bb0a73f2429.json
26-04 16:06:49 +00:00: Updated local JSON file: data/songdb/NX/SongDB_Patreon.json with URL: https://jdmo-cdn.c0llydoll.com/private/songdb/jdmelody-nx-patreon.af18f95324a8ac0daba98bb0a73f2429.json
26-04 16:06:49 +00:00: Uploading file: jdmelody-ps4-patreon.json as jdmelody-ps4-patreon.ac3c168f9300262aaa55ec54353dd53b.json
26-04 16:06:49 +00:00: File uploaded: jdmelody-ps4-patreon.ac3c168f9300262aaa55ec54353dd53b.json
26-04 16:06:49 +00:00: Updated local JSON file: data/songdb/PS4/SongDB_Patreon.json with URL: https://jdmo-cdn.c0llydoll.com/private/songdb/jdmelody-ps4-patreon.ac3c168f9300262aaa55ec54353dd53b.json
26-04 16:06:49 +00:00: Uploading file: jdmelody-pc-patreon.json as jdmelody-pc-patreon.6248d820bd56bb593c8b9f604790ece5.json
26-04 16:06:49 +00:00: File uploaded: jdmelody-pc-patreon.6248d820bd56bb593c8b9f604790ece5.json
26-04 16:06:49 +00:00: Updated local JSON file: data/songdb/PC/SongDB_Patreon.json with URL: https://jdmo-cdn.c0llydoll.com/private/songdb/jdmelody-pc-patreon.6248d820bd56bb593c8b9f604790ece5.json
26-04 16:06:49 +00:00: Uploading file: jdmelody-nx-dev.json as jdmelody-nx-dev.4a82bf4ac603a7762b635d70278b95a1.json
26-04 16:06:50 +00:00: File uploaded: jdmelody-nx-dev.4a82bf4ac603a7762b635d70278b95a1.json
26-04 16:06:50 +00:00: Updated local JSON file: data/songdb/NX/SongDB_Dev.json with URL: https://jdmo-cdn.c0llydoll.com/private/songdb/jdmelody-nx-dev.4a82bf4ac603a7762b635d70278b95a1.json
26-04 16:06:50 +00:00: Uploading file: jdmelody-ps4-dev.json as jdmelody-ps4-dev.2e61a7fe7dca197e0f7c38e20d3be328.json
26-04 16:06:50 +00:00: File uploaded: jdmelody-ps4-dev.2e61a7fe7dca197e0f7c38e20d3be328.json
26-04 16:06:50 +00:00: Updated local JSON file: data/songdb/PS4/SongDB_Dev.json with URL: https://jdmo-cdn.c0llydoll.com/private/songdb/jdmelody-ps4-dev.2e61a7fe7dca197e0f7c38e20d3be328.json
26-04 16:06:50 +00:00: Uploading file: jdmelody-pc-dev.json as jdmelody-pc-dev.2175f2ccad46a6ee91117c1840ad259c.json
26-04 16:06:51 +00:00: File uploaded: jdmelody-pc-dev.2175f2ccad46a6ee91117c1840ad259c.json
26-04 16:06:51 +00:00: Updated local JSON file: data/songdb/PC/SongDB_Dev.json with URL: https://jdmo-cdn.c0llydoll.com/private/songdb/jdmelody-pc-dev.2175f2ccad46a6ee91117c1840ad259c.json
26-04 16:12:07 +00:00: Saved data to /root/JDMO/main/main/database/Maps/Gnarly.json
26-04 16:13:34 +00:00: Saved data to /root/JDMO/main/main/database/Maps/Gnarly.json
26-04 16:13:57 +00:00: Saved data to /root/JDMO/main/main/database/Maps/Gnarly.json
26-04 16:15:19 +00:00: Uploading file: jdmelody-nx-all.json as jdmelody-nx-all.2616eab3f2b9b96aaa1f4c1de4cd39db.json
26-04 16:15:20 +00:00: File uploaded: jdmelody-nx-all.2616eab3f2b9b96aaa1f4c1de4cd39db.json
26-04 16:15:20 +00:00: Updated local JSON file: data/songdb/NX/SongDB.json with URL: https://jdmo-cdn.c0llydoll.com/private/songdb/jdmelody-nx-all.2616eab3f2b9b96aaa1f4c1de4cd39db.json
26-04 16:15:20 +00:00: Uploading file: jdmelody-ps4-all.json as jdmelody-ps4-all.9cf34bf774fba6a3990c7b7eabdf4a83.json
26-04 16:15:20 +00:00: File uploaded: jdmelody-ps4-all.9cf34bf774fba6a3990c7b7eabdf4a83.json
26-04 16:15:20 +00:00: Updated local JSON file: data/songdb/PS4/SongDB.json with URL: https://jdmo-cdn.c0llydoll.com/private/songdb/jdmelody-ps4-all.9cf34bf774fba6a3990c7b7eabdf4a83.json
26-04 16:15:20 +00:00: Uploading file: jdmelody-pc-all.json as jdmelody-pc-all.88f250530cdde1f93a4bbac516d10d85.json
26-04 16:15:23 +00:00: File uploaded: jdmelody-pc-all.88f250530cdde1f93a4bbac516d10d85.json
26-04 16:15:23 +00:00: Updated local JSON file: data/songdb/PC/SongDB.json with URL: https://jdmo-cdn.c0llydoll.com/private/songdb/jdmelody-pc-all.88f250530cdde1f93a4bbac516d10d85.json
26-04 16:15:23 +00:00: Uploading file: jdmelody-nx-patreon.json as jdmelody-nx-patreon.af18f95324a8ac0daba98bb0a73f2429.json
26-04 16:15:23 +00:00: File uploaded: jdmelody-nx-patreon.af18f95324a8ac0daba98bb0a73f2429.json
26-04 16:15:23 +00:00: Updated local JSON file: data/songdb/NX/SongDB_Patreon.json with URL: https://jdmo-cdn.c0llydoll.com/private/songdb/jdmelody-nx-patreon.af18f95324a8ac0daba98bb0a73f2429.json
26-04 16:15:23 +00:00: Uploading file: jdmelody-ps4-patreon.json as jdmelody-ps4-patreon.ac3c168f9300262aaa55ec54353dd53b.json
26-04 16:15:23 +00:00: File uploaded: jdmelody-ps4-patreon.ac3c168f9300262aaa55ec54353dd53b.json
26-04 16:15:23 +00:00: Updated local JSON file: data/songdb/PS4/SongDB_Patreon.json with URL: https://jdmo-cdn.c0llydoll.com/private/songdb/jdmelody-ps4-patreon.ac3c168f9300262aaa55ec54353dd53b.json
26-04 16:15:23 +00:00: Uploading file: jdmelody-pc-patreon.json as jdmelody-pc-patreon.6248d820bd56bb593c8b9f604790ece5.json
26-04 16:15:24 +00:00: File uploaded: jdmelody-pc-patreon.6248d820bd56bb593c8b9f604790ece5.json
26-04 16:15:24 +00:00: Updated local JSON file: data/songdb/PC/SongDB_Patreon.json with URL: https://jdmo-cdn.c0llydoll.com/private/songdb/jdmelody-pc-patreon.6248d820bd56bb593c8b9f604790ece5.json
26-04 16:15:24 +00:00: Uploading file: jdmelody-nx-dev.json as jdmelody-nx-dev.c789c64d996cdec7656bf1f48377633c.json
26-04 16:15:24 +00:00: File uploaded: jdmelody-nx-dev.c789c64d996cdec7656bf1f48377633c.json
26-04 16:15:24 +00:00: Updated local JSON file: data/songdb/NX/SongDB_Dev.json with URL: https://jdmo-cdn.c0llydoll.com/private/songdb/jdmelody-nx-dev.c789c64d996cdec7656bf1f48377633c.json
26-04 16:15:24 +00:00: Uploading file: jdmelody-ps4-dev.json as jdmelody-ps4-dev.a7b2d6ef1fd293d27db527e08f99bf6f.json
26-04 16:15:24 +00:00: File uploaded: jdmelody-ps4-dev.a7b2d6ef1fd293d27db527e08f99bf6f.json
26-04 16:15:24 +00:00: Updated local JSON file: data/songdb/PS4/SongDB_Dev.json with URL: https://jdmo-cdn.c0llydoll.com/private/songdb/jdmelody-ps4-dev.a7b2d6ef1fd293d27db527e08f99bf6f.json
26-04 16:15:24 +00:00: Uploading file: jdmelody-pc-dev.json as jdmelody-pc-dev.73a8c2a9e8b5aabea60a0d720ca9507b.json
26-04 16:15:25 +00:00: File uploaded: jdmelody-pc-dev.73a8c2a9e8b5aabea60a0d720ca9507b.json
26-04 16:15:25 +00:00: Updated local JSON file: data/songdb/PC/SongDB_Dev.json with URL: https://jdmo-cdn.c0llydoll.com/private/songdb/jdmelody-pc-dev.73a8c2a9e8b5aabea60a0d720ca9507b.json
27-04 00:00:59 +00:00: Recommended songs reset successful
27-04 00:00:59 +00:00: Recommended.json updated successfully
27-04 00:00:59 +00:00: Playlists.json updated successfully
27-04 04:56:22 +00:00: Saved data to /root/JDMO/main/main/database/Maps/MJWannaBeRETAKE.json
27-04 04:58:45 +00:00: Saved data to /root/JDMO/main/main/database/Maps/MJWannaBeRETAKE.json
27-04 04:59:29 +00:00: Saved data to /root/JDMO/main/main/database/Maps/MJWannaBeRETAKE.json
27-04 04:59:54 +00:00: Saved data to /root/JDMO/main/main/database/Maps/MJWannaBeRETAKE.json
27-04 05:00:21 +00:00: Saved data to /root/JDMO/main/main/database/Maps/MJWannaBeRETAKE.json
27-04 05:13:13 +00:00: Saved data to /root/JDMO/main/main/database/Maps/MJSpeedDemon.json
27-04 05:13:41 +00:00: Saved data to /root/JDMO/main/main/database/Maps/MJSpeedDemon.json
27-04 05:14:55 +00:00: Saved data to /root/JDMO/main/main/database/Maps/MJSpeedDemon.json
27-04 05:15:21 +00:00: Saved data to /root/JDMO/main/main/database/Maps/MJSpeedDemon.json
27-04 05:15:48 +00:00: Saved data to /root/JDMO/main/main/database/Maps/MJSpeedDemon.json
27-04 05:24:16 +00:00: Saved data to /root/JDMO/main/main/database/Maps/MJWorkingDayNight.json
27-04 05:29:53 +00:00: Saved data to /root/JDMO/main/main/database/Maps/MJWorkingDayNight.json
27-04 05:32:19 +00:00: Saved data to /root/JDMO/main/main/database/Maps/MJWorkingDayNight.json
27-04 05:32:43 +00:00: Saved data to /root/JDMO/main/main/database/Maps/MJWorkingDayNight.json
27-04 05:33:07 +00:00: Saved data to /root/JDMO/main/main/database/Maps/MJWorkingDayNight.json
27-04 05:41:54 +00:00: Saved data to /root/JDMO/main/main/database/Maps/MJWannaBeRETAKE.json
27-04 05:42:19 +00:00: Saved data to /root/JDMO/main/main/database/Maps/MJWannaBeRETAKE.json
27-04 14:01:39 +00:00: Saved data to /root/JDMO/main/main/database/Maps/Gnarly.json
27-04 14:03:14 +00:00: Saved data to /root/JDMO/main/main/database/Maps/Gnarly.json
27-04 14:03:50 +00:00: Saved data to /root/JDMO/main/main/database/Maps/Gnarly.json
27-04 18:59:21 +00:00: /root/JDMO/main/main/database/Maps
27-04 18:59:21 +00:00: JDM API Server running at https://2.56.246.74:443/
27-04 18:59:21 +00:00: JWT Module Redis client connected
27-04 19:08:43 +00:00: Saved data to /root/JDMO/main/main/database/Maps/MJWannaBeRETAKE.json
27-04 19:09:13 +00:00: Saved data to /root/JDMO/main/main/database/Maps/MJWannaBeRETAKE.json
27-04 19:09:42 +00:00: Saved data to /root/JDMO/main/main/database/Maps/MJWannaBeRETAKE.json
27-04 19:11:15 +00:00: Saved data to /root/JDMO/main/main/database/Maps/MJWorkingDayNight.json
27-04 19:11:44 +00:00: Saved data to /root/JDMO/main/main/database/Maps/MJWorkingDayNight.json
27-04 19:11:58 +00:00: Uploading file: jdmelody-nx-all.json as jdmelody-nx-all.2616eab3f2b9b96aaa1f4c1de4cd39db.json
27-04 19:11:59 +00:00: File uploaded: jdmelody-nx-all.2616eab3f2b9b96aaa1f4c1de4cd39db.json
27-04 19:11:59 +00:00: Updated local JSON file: data/songdb/NX/SongDB.json with URL: https://jdmo-cdn.c0llydoll.com/private/songdb/jdmelody-nx-all.2616eab3f2b9b96aaa1f4c1de4cd39db.json
27-04 19:11:59 +00:00: Uploading file: jdmelody-ps4-all.json as jdmelody-ps4-all.9cf34bf774fba6a3990c7b7eabdf4a83.json
27-04 19:11:59 +00:00: File uploaded: jdmelody-ps4-all.9cf34bf774fba6a3990c7b7eabdf4a83.json
27-04 19:11:59 +00:00: Updated local JSON file: data/songdb/PS4/SongDB.json with URL: https://jdmo-cdn.c0llydoll.com/private/songdb/jdmelody-ps4-all.9cf34bf774fba6a3990c7b7eabdf4a83.json
27-04 19:11:59 +00:00: Uploading file: jdmelody-pc-all.json as jdmelody-pc-all.88f250530cdde1f93a4bbac516d10d85.json
27-04 19:11:59 +00:00: File uploaded: jdmelody-pc-all.88f250530cdde1f93a4bbac516d10d85.json
27-04 19:11:59 +00:00: Updated local JSON file: data/songdb/PC/SongDB.json with URL: https://jdmo-cdn.c0llydoll.com/private/songdb/jdmelody-pc-all.88f250530cdde1f93a4bbac516d10d85.json
27-04 19:11:59 +00:00: Uploading file: jdmelody-nx-patreon.json as jdmelody-nx-patreon.48811c93920eaab8e8851a069b1afd78.json
27-04 19:12:00 +00:00: File uploaded: jdmelody-nx-patreon.48811c93920eaab8e8851a069b1afd78.json
27-04 19:12:00 +00:00: Updated local JSON file: data/songdb/NX/SongDB_Patreon.json with URL: https://jdmo-cdn.c0llydoll.com/private/songdb/jdmelody-nx-patreon.48811c93920eaab8e8851a069b1afd78.json
27-04 19:12:00 +00:00: Uploading file: jdmelody-ps4-patreon.json as jdmelody-ps4-patreon.c994201c2fad20da2b4bec5a89cc616a.json
27-04 19:12:00 +00:00: File uploaded: jdmelody-ps4-patreon.c994201c2fad20da2b4bec5a89cc616a.json
27-04 19:12:00 +00:00: Updated local JSON file: data/songdb/PS4/SongDB_Patreon.json with URL: https://jdmo-cdn.c0llydoll.com/private/songdb/jdmelody-ps4-patreon.c994201c2fad20da2b4bec5a89cc616a.json
27-04 19:12:00 +00:00: Uploading file: jdmelody-pc-patreon.json as jdmelody-pc-patreon.e0162ec8bfd75da504106ee7ad5a87f8.json
27-04 19:12:01 +00:00: File uploaded: jdmelody-pc-patreon.e0162ec8bfd75da504106ee7ad5a87f8.json
27-04 19:12:01 +00:00: Updated local JSON file: data/songdb/PC/SongDB_Patreon.json with URL: https://jdmo-cdn.c0llydoll.com/private/songdb/jdmelody-pc-patreon.e0162ec8bfd75da504106ee7ad5a87f8.json
27-04 19:12:01 +00:00: Uploading file: jdmelody-nx-dev.json as jdmelody-nx-dev.a5ced64a1985ed72d2ad6d665a38b1fa.json
27-04 19:12:01 +00:00: File uploaded: jdmelody-nx-dev.a5ced64a1985ed72d2ad6d665a38b1fa.json
27-04 19:12:01 +00:00: Updated local JSON file: data/songdb/NX/SongDB_Dev.json with URL: https://jdmo-cdn.c0llydoll.com/private/songdb/jdmelody-nx-dev.a5ced64a1985ed72d2ad6d665a38b1fa.json
27-04 19:12:01 +00:00: Uploading file: jdmelody-ps4-dev.json as jdmelody-ps4-dev.c0ea7a4e943467e2749439578f83113f.json
27-04 19:12:02 +00:00: File uploaded: jdmelody-ps4-dev.c0ea7a4e943467e2749439578f83113f.json
27-04 19:12:02 +00:00: Updated local JSON file: data/songdb/PS4/SongDB_Dev.json with URL: https://jdmo-cdn.c0llydoll.com/private/songdb/jdmelody-ps4-dev.c0ea7a4e943467e2749439578f83113f.json
27-04 19:12:02 +00:00: Uploading file: jdmelody-pc-dev.json as jdmelody-pc-dev.879eb3b69330625f078a9c90d599d8e8.json
27-04 19:12:03 +00:00: File uploaded: jdmelody-pc-dev.879eb3b69330625f078a9c90d599d8e8.json
27-04 19:12:03 +00:00: Updated local JSON file: data/songdb/PC/SongDB_Dev.json with URL: https://jdmo-cdn.c0llydoll.com/private/songdb/jdmelody-pc-dev.879eb3b69330625f078a9c90d599d8e8.json
28-04 07:24:09 +00:00: Saved data to /root/JDMO/main/main/database/Maps/MJWorkingDayNight.json
28-04 07:38:26 +00:00: Saved data to /root/JDMO/main/main/database/Maps/SurvivalDance.json
28-04 08:20:28 +00:00: Saved data to /root/JDMO/main/main/database/Maps/SurvivalDance.json
28-04 08:20:51 +00:00: Saved data to /root/JDMO/main/main/database/Maps/SurvivalDance.json
28-04 08:22:09 +00:00: Saved data to /root/JDMO/main/main/database/Maps/SurvivalDance.json
28-04 08:24:19 +00:00: Saved data to /root/JDMO/main/main/database/Maps/MJDontStop.json
28-04 08:24:45 +00:00: Saved data to /root/JDMO/main/main/database/Maps/MJDontStop.json
28-04 08:25:52 +00:00: Saved data to /root/JDMO/main/main/database/Maps/MJDontStop.json
28-04 08:42:23 +00:00: Saved data to /root/JDMO/main/main/database/Maps/MJBillieJeanRETAKE.json
28-04 08:42:48 +00:00: Saved data to /root/JDMO/main/main/database/Maps/MJBillieJeanRETAKE.json
28-04 08:46:11 +00:00: Saved data to /root/JDMO/main/main/database/Maps/MJWorkingDayNight.json
28-04 08:49:44 +00:00: Saved data to /root/JDMO/main/main/database/Maps/UFORETAKE.json
28-04 08:50:10 +00:00: Saved data to /root/JDMO/main/main/database/Maps/UFORETAKE.json
28-04 08:58:01 +00:00: Uploading file: jdmelody-nx-all.json as jdmelody-nx-all.e067e3bd5fd4a16c697fddede10b4163.json
28-04 08:58:02 +00:00: File uploaded: jdmelody-nx-all.e067e3bd5fd4a16c697fddede10b4163.json
28-04 08:58:02 +00:00: Updated local JSON file: data/songdb/NX/SongDB.json with URL: https://jdmo-cdn.c0llydoll.com/private/songdb/jdmelody-nx-all.e067e3bd5fd4a16c697fddede10b4163.json
28-04 08:58:02 +00:00: Uploading file: jdmelody-ps4-all.json as jdmelody-ps4-all.f6f1d24c09b862caeaebaf3803c61161.json
28-04 08:58:03 +00:00: File uploaded: jdmelody-ps4-all.f6f1d24c09b862caeaebaf3803c61161.json
28-04 08:58:03 +00:00: Updated local JSON file: data/songdb/PS4/SongDB.json with URL: https://jdmo-cdn.c0llydoll.com/private/songdb/jdmelody-ps4-all.f6f1d24c09b862caeaebaf3803c61161.json
28-04 08:58:03 +00:00: Uploading file: jdmelody-pc-all.json as jdmelody-pc-all.a42e6ca3f44441ace4bb4b0f7ae8441c.json
28-04 08:58:03 +00:00: File uploaded: jdmelody-pc-all.a42e6ca3f44441ace4bb4b0f7ae8441c.json
28-04 08:58:03 +00:00: Updated local JSON file: data/songdb/PC/SongDB.json with URL: https://jdmo-cdn.c0llydoll.com/private/songdb/jdmelody-pc-all.a42e6ca3f44441ace4bb4b0f7ae8441c.json
28-04 08:58:03 +00:00: Uploading file: jdmelody-nx-patreon.json as jdmelody-nx-patreon.efeade517a620d85c5886cf6e5b363f3.json
28-04 08:58:05 +00:00: File uploaded: jdmelody-nx-patreon.efeade517a620d85c5886cf6e5b363f3.json
28-04 08:58:05 +00:00: Updated local JSON file: data/songdb/NX/SongDB_Patreon.json with URL: https://jdmo-cdn.c0llydoll.com/private/songdb/jdmelody-nx-patreon.efeade517a620d85c5886cf6e5b363f3.json
28-04 08:58:05 +00:00: Uploading file: jdmelody-ps4-patreon.json as jdmelody-ps4-patreon.1af10e705380421c849d54ea07d1ea2c.json
28-04 08:58:06 +00:00: File uploaded: jdmelody-ps4-patreon.1af10e705380421c849d54ea07d1ea2c.json
28-04 08:58:06 +00:00: Updated local JSON file: data/songdb/PS4/SongDB_Patreon.json with URL: https://jdmo-cdn.c0llydoll.com/private/songdb/jdmelody-ps4-patreon.1af10e705380421c849d54ea07d1ea2c.json
28-04 08:58:06 +00:00: Uploading file: jdmelody-pc-patreon.json as jdmelody-pc-patreon.32ab8f73ce1b469a8f30e98886d8c7ad.json
28-04 08:58:06 +00:00: File uploaded: jdmelody-pc-patreon.32ab8f73ce1b469a8f30e98886d8c7ad.json
28-04 08:58:06 +00:00: Updated local JSON file: data/songdb/PC/SongDB_Patreon.json with URL: https://jdmo-cdn.c0llydoll.com/private/songdb/jdmelody-pc-patreon.32ab8f73ce1b469a8f30e98886d8c7ad.json
28-04 08:58:06 +00:00: Uploading file: jdmelody-nx-dev.json as jdmelody-nx-dev.75a9580fecae418de4ed7740442beb9a.json
28-04 08:58:06 +00:00: File uploaded: jdmelody-nx-dev.75a9580fecae418de4ed7740442beb9a.json
28-04 08:58:06 +00:00: Updated local JSON file: data/songdb/NX/SongDB_Dev.json with URL: https://jdmo-cdn.c0llydoll.com/private/songdb/jdmelody-nx-dev.75a9580fecae418de4ed7740442beb9a.json
28-04 08:58:06 +00:00: Uploading file: jdmelody-ps4-dev.json as jdmelody-ps4-dev.546c7449ba15ef60619f018275959688.json
28-04 08:58:06 +00:00: File uploaded: jdmelody-ps4-dev.546c7449ba15ef60619f018275959688.json
28-04 08:58:06 +00:00: Updated local JSON file: data/songdb/PS4/SongDB_Dev.json with URL: https://jdmo-cdn.c0llydoll.com/private/songdb/jdmelody-ps4-dev.546c7449ba15ef60619f018275959688.json
28-04 08:58:06 +00:00: Uploading file: jdmelody-pc-dev.json as jdmelody-pc-dev.6cf55d077e91e77f45e74df3ccd74bab.json
28-04 08:58:07 +00:00: File uploaded: jdmelody-pc-dev.6cf55d077e91e77f45e74df3ccd74bab.json
28-04 08:58:07 +00:00: Updated local JSON file: data/songdb/PC/SongDB_Dev.json with URL: https://jdmo-cdn.c0llydoll.com/private/songdb/jdmelody-pc-dev.6cf55d077e91e77f45e74df3ccd74bab.json
28-04 09:16:17 +00:00: Saved data to /root/JDMO/main/main/database/Maps/MJDontStop.json
28-04 09:16:42 +00:00: Saved data to /root/JDMO/main/main/database/Maps/MJDontStop.json
28-04 09:17:08 +00:00: Saved data to /root/JDMO/main/main/database/Maps/MJDontStop.json
28-04 10:17:48 +00:00: Uploading file: jdmelody-nx-all.json as jdmelody-nx-all.e30ba0155359f929507336e4ac0ef7cc.json
28-04 10:17:48 +00:00: File uploaded: jdmelody-nx-all.e30ba0155359f929507336e4ac0ef7cc.json
28-04 10:17:48 +00:00: Updated local JSON file: data/songdb/NX/SongDB.json with URL: https://jdmo-cdn.c0llydoll.com/private/songdb/jdmelody-nx-all.e30ba0155359f929507336e4ac0ef7cc.json
28-04 10:17:48 +00:00: Uploading file: jdmelody-ps4-all.json as jdmelody-ps4-all.f8e5be9032fb7afe7cb58146af945d11.json
28-04 10:17:49 +00:00: File uploaded: jdmelody-ps4-all.f8e5be9032fb7afe7cb58146af945d11.json
28-04 10:17:49 +00:00: Updated local JSON file: data/songdb/PS4/SongDB.json with URL: https://jdmo-cdn.c0llydoll.com/private/songdb/jdmelody-ps4-all.f8e5be9032fb7afe7cb58146af945d11.json
28-04 10:17:49 +00:00: Uploading file: jdmelody-pc-all.json as jdmelody-pc-all.fb6afa074f9ca03efb023c4c628426c4.json
28-04 10:17:49 +00:00: File uploaded: jdmelody-pc-all.fb6afa074f9ca03efb023c4c628426c4.json
28-04 10:17:49 +00:00: Updated local JSON file: data/songdb/PC/SongDB.json with URL: https://jdmo-cdn.c0llydoll.com/private/songdb/jdmelody-pc-all.fb6afa074f9ca03efb023c4c628426c4.json
28-04 10:17:49 +00:00: Uploading file: jdmelody-nx-patreon.json as jdmelody-nx-patreon.631e380810f97d4c4f255bde46dbc0e3.json
28-04 10:17:50 +00:00: File uploaded: jdmelody-nx-patreon.631e380810f97d4c4f255bde46dbc0e3.json
28-04 10:17:50 +00:00: Updated local JSON file: data/songdb/NX/SongDB_Patreon.json with URL: https://jdmo-cdn.c0llydoll.com/private/songdb/jdmelody-nx-patreon.631e380810f97d4c4f255bde46dbc0e3.json
28-04 10:17:50 +00:00: Uploading file: jdmelody-ps4-patreon.json as jdmelody-ps4-patreon.88a45da590663b869de71e240c77a37d.json
28-04 10:17:50 +00:00: File uploaded: jdmelody-ps4-patreon.88a45da590663b869de71e240c77a37d.json
28-04 10:17:50 +00:00: Updated local JSON file: data/songdb/PS4/SongDB_Patreon.json with URL: https://jdmo-cdn.c0llydoll.com/private/songdb/jdmelody-ps4-patreon.88a45da590663b869de71e240c77a37d.json
28-04 10:17:50 +00:00: Uploading file: jdmelody-pc-patreon.json as jdmelody-pc-patreon.dbd29d08704e1fc5634d747e8dfbdb40.json
28-04 10:17:51 +00:00: File uploaded: jdmelody-pc-patreon.dbd29d08704e1fc5634d747e8dfbdb40.json
28-04 10:17:51 +00:00: Updated local JSON file: data/songdb/PC/SongDB_Patreon.json with URL: https://jdmo-cdn.c0llydoll.com/private/songdb/jdmelody-pc-patreon.dbd29d08704e1fc5634d747e8dfbdb40.json
28-04 10:17:51 +00:00: Uploading file: jdmelody-nx-dev.json as jdmelody-nx-dev.75a9580fecae418de4ed7740442beb9a.json
28-04 10:17:51 +00:00: File uploaded: jdmelody-nx-dev.75a9580fecae418de4ed7740442beb9a.json
28-04 10:17:51 +00:00: Updated local JSON file: data/songdb/NX/SongDB_Dev.json with URL: https://jdmo-cdn.c0llydoll.com/private/songdb/jdmelody-nx-dev.75a9580fecae418de4ed7740442beb9a.json
28-04 10:17:51 +00:00: Uploading file: jdmelody-ps4-dev.json as jdmelody-ps4-dev.546c7449ba15ef60619f018275959688.json
28-04 10:17:52 +00:00: File uploaded: jdmelody-ps4-dev.546c7449ba15ef60619f018275959688.json
28-04 10:17:52 +00:00: Updated local JSON file: data/songdb/PS4/SongDB_Dev.json with URL: https://jdmo-cdn.c0llydoll.com/private/songdb/jdmelody-ps4-dev.546c7449ba15ef60619f018275959688.json
28-04 10:17:52 +00:00: Uploading file: jdmelody-pc-dev.json as jdmelody-pc-dev.6cf55d077e91e77f45e74df3ccd74bab.json
28-04 10:17:52 +00:00: File uploaded: jdmelody-pc-dev.6cf55d077e91e77f45e74df3ccd74bab.json
28-04 10:17:52 +00:00: Updated local JSON file: data/songdb/PC/SongDB_Dev.json with URL: https://jdmo-cdn.c0llydoll.com/private/songdb/jdmelody-pc-dev.6cf55d077e91e77f45e74df3ccd74bab.json
28-04 10:54:35 +00:00: Uploading file: jdmelody-nx-all.json as jdmelody-nx-all.5f379d66380daaa2a622af5d0dd8412c.json
28-04 10:54:35 +00:00: File uploaded: jdmelody-nx-all.5f379d66380daaa2a622af5d0dd8412c.json
28-04 10:54:35 +00:00: Updated local JSON file: data/songdb/NX/SongDB.json with URL: https://jdmo-cdn.c0llydoll.com/private/songdb/jdmelody-nx-all.5f379d66380daaa2a622af5d0dd8412c.json
28-04 10:54:35 +00:00: Uploading file: jdmelody-ps4-all.json as jdmelody-ps4-all.9e3e1ebf03a601880734000bbc12e53a.json
28-04 10:54:36 +00:00: File uploaded: jdmelody-ps4-all.9e3e1ebf03a601880734000bbc12e53a.json
28-04 10:54:36 +00:00: Updated local JSON file: data/songdb/PS4/SongDB.json with URL: https://jdmo-cdn.c0llydoll.com/private/songdb/jdmelody-ps4-all.9e3e1ebf03a601880734000bbc12e53a.json
28-04 10:54:36 +00:00: Uploading file: jdmelody-pc-all.json as jdmelody-pc-all.af7cb6f9248537e08861b1709d36864c.json
28-04 10:54:36 +00:00: File uploaded: jdmelody-pc-all.af7cb6f9248537e08861b1709d36864c.json
28-04 10:54:36 +00:00: Updated local JSON file: data/songdb/PC/SongDB.json with URL: https://jdmo-cdn.c0llydoll.com/private/songdb/jdmelody-pc-all.af7cb6f9248537e08861b1709d36864c.json
28-04 10:54:36 +00:00: Uploading file: jdmelody-nx-patreon.json as jdmelody-nx-patreon.408354bb771f718e72d2cdef3481d296.json
28-04 10:54:36 +00:00: File uploaded: jdmelody-nx-patreon.408354bb771f718e72d2cdef3481d296.json
28-04 10:54:36 +00:00: Updated local JSON file: data/songdb/NX/SongDB_Patreon.json with URL: https://jdmo-cdn.c0llydoll.com/private/songdb/jdmelody-nx-patreon.408354bb771f718e72d2cdef3481d296.json
28-04 10:54:36 +00:00: Uploading file: jdmelody-ps4-patreon.json as jdmelody-ps4-patreon.34e2e471f601f52da26c5d35dd2a6af4.json
28-04 10:54:36 +00:00: File uploaded: jdmelody-ps4-patreon.34e2e471f601f52da26c5d35dd2a6af4.json
28-04 10:54:36 +00:00: Updated local JSON file: data/songdb/PS4/SongDB_Patreon.json with URL: https://jdmo-cdn.c0llydoll.com/private/songdb/jdmelody-ps4-patreon.34e2e471f601f52da26c5d35dd2a6af4.json
28-04 10:54:36 +00:00: Uploading file: jdmelody-pc-patreon.json as jdmelody-pc-patreon.fec1512ad44f3314e367a0a4505724d0.json
28-04 10:54:37 +00:00: File uploaded: jdmelody-pc-patreon.fec1512ad44f3314e367a0a4505724d0.json
28-04 10:54:37 +00:00: Updated local JSON file: data/songdb/PC/SongDB_Patreon.json with URL: https://jdmo-cdn.c0llydoll.com/private/songdb/jdmelody-pc-patreon.fec1512ad44f3314e367a0a4505724d0.json
28-04 10:54:37 +00:00: Uploading file: jdmelody-nx-dev.json as jdmelody-nx-dev.1d0ed33ecd472172a6c3b6173426ff56.json
28-04 10:54:37 +00:00: File uploaded: jdmelody-nx-dev.1d0ed33ecd472172a6c3b6173426ff56.json
28-04 10:54:37 +00:00: Updated local JSON file: data/songdb/NX/SongDB_Dev.json with URL: https://jdmo-cdn.c0llydoll.com/private/songdb/jdmelody-nx-dev.1d0ed33ecd472172a6c3b6173426ff56.json
28-04 10:54:38 +00:00: Uploading file: jdmelody-ps4-dev.json as jdmelody-ps4-dev.a79acfa19cde614fbe41967b0df5fa13.json
28-04 10:54:38 +00:00: File uploaded: jdmelody-ps4-dev.a79acfa19cde614fbe41967b0df5fa13.json
28-04 10:54:38 +00:00: Updated local JSON file: data/songdb/PS4/SongDB_Dev.json with URL: https://jdmo-cdn.c0llydoll.com/private/songdb/jdmelody-ps4-dev.a79acfa19cde614fbe41967b0df5fa13.json
28-04 10:54:38 +00:00: Uploading file: jdmelody-pc-dev.json as jdmelody-pc-dev.e8f8b4748478d104a406aa35dced4be4.json
28-04 10:54:38 +00:00: File uploaded: jdmelody-pc-dev.e8f8b4748478d104a406aa35dced4be4.json
28-04 10:54:38 +00:00: Updated local JSON file: data/songdb/PC/SongDB_Dev.json with URL: https://jdmo-cdn.c0llydoll.com/private/songdb/jdmelody-pc-dev.e8f8b4748478d104a406aa35dced4be4.json
28-04 12:06:50 +00:00: /root/JDMO/main/main/database/Maps
28-04 12:06:50 +00:00: JDM API Server running at https://2.56.246.74:443/
28-04 12:06:50 +00:00: JWT Module Redis client connected
28-04 12:56:43 +00:00: Uploading file: jdmelody-nx-all.json as jdmelody-nx-all.5f379d66380daaa2a622af5d0dd8412c.json
28-04 12:56:44 +00:00: File uploaded: jdmelody-nx-all.5f379d66380daaa2a622af5d0dd8412c.json
28-04 12:56:44 +00:00: Updated local JSON file: data/songdb/NX/SongDB.json with URL: https://jdmo-cdn.c0llydoll.com/private/songdb/jdmelody-nx-all.5f379d66380daaa2a622af5d0dd8412c.json
28-04 12:56:44 +00:00: Uploading file: jdmelody-ps4-all.json as jdmelody-ps4-all.9e3e1ebf03a601880734000bbc12e53a.json
28-04 12:56:44 +00:00: File uploaded: jdmelody-ps4-all.9e3e1ebf03a601880734000bbc12e53a.json
28-04 12:56:44 +00:00: Updated local JSON file: data/songdb/PS4/SongDB.json with URL: https://jdmo-cdn.c0llydoll.com/private/songdb/jdmelody-ps4-all.9e3e1ebf03a601880734000bbc12e53a.json
28-04 12:56:44 +00:00: Uploading file: jdmelody-pc-all.json as jdmelody-pc-all.af7cb6f9248537e08861b1709d36864c.json
28-04 12:56:44 +00:00: File uploaded: jdmelody-pc-all.af7cb6f9248537e08861b1709d36864c.json
28-04 12:56:44 +00:00: Updated local JSON file: data/songdb/PC/SongDB.json with URL: https://jdmo-cdn.c0llydoll.com/private/songdb/jdmelody-pc-all.af7cb6f9248537e08861b1709d36864c.json
28-04 12:56:44 +00:00: Uploading file: jdmelody-nx-patreon.json as jdmelody-nx-patreon.408354bb771f718e72d2cdef3481d296.json
28-04 12:56:45 +00:00: File uploaded: jdmelody-nx-patreon.408354bb771f718e72d2cdef3481d296.json
28-04 12:56:45 +00:00: Updated local JSON file: data/songdb/NX/SongDB_Patreon.json with URL: https://jdmo-cdn.c0llydoll.com/private/songdb/jdmelody-nx-patreon.408354bb771f718e72d2cdef3481d296.json
28-04 12:56:45 +00:00: Uploading file: jdmelody-ps4-patreon.json as jdmelody-ps4-patreon.34e2e471f601f52da26c5d35dd2a6af4.json
28-04 12:56:45 +00:00: File uploaded: jdmelody-ps4-patreon.34e2e471f601f52da26c5d35dd2a6af4.json
28-04 12:56:45 +00:00: Updated local JSON file: data/songdb/PS4/SongDB_Patreon.json with URL: https://jdmo-cdn.c0llydoll.com/private/songdb/jdmelody-ps4-patreon.34e2e471f601f52da26c5d35dd2a6af4.json
28-04 12:56:45 +00:00: Uploading file: jdmelody-pc-patreon.json as jdmelody-pc-patreon.fec1512ad44f3314e367a0a4505724d0.json
28-04 12:56:46 +00:00: File uploaded: jdmelody-pc-patreon.fec1512ad44f3314e367a0a4505724d0.json
28-04 12:56:46 +00:00: Updated local JSON file: data/songdb/PC/SongDB_Patreon.json with URL: https://jdmo-cdn.c0llydoll.com/private/songdb/jdmelody-pc-patreon.fec1512ad44f3314e367a0a4505724d0.json
28-04 12:56:46 +00:00: Uploading file: jdmelody-nx-dev.json as jdmelody-nx-dev.9ff64f98573287f6d27929a777bbfdbc.json
28-04 12:56:46 +00:00: File uploaded: jdmelody-nx-dev.9ff64f98573287f6d27929a777bbfdbc.json
28-04 12:56:46 +00:00: Updated local JSON file: data/songdb/NX/SongDB_Dev.json with URL: https://jdmo-cdn.c0llydoll.com/private/songdb/jdmelody-nx-dev.9ff64f98573287f6d27929a777bbfdbc.json
28-04 12:56:46 +00:00: Uploading file: jdmelody-ps4-dev.json as jdmelody-ps4-dev.96b41ca474ffb46944fb88eb4d1b2237.json
28-04 12:56:46 +00:00: File uploaded: jdmelody-ps4-dev.96b41ca474ffb46944fb88eb4d1b2237.json
28-04 12:56:46 +00:00: Updated local JSON file: data/songdb/PS4/SongDB_Dev.json with URL: https://jdmo-cdn.c0llydoll.com/private/songdb/jdmelody-ps4-dev.96b41ca474ffb46944fb88eb4d1b2237.json
28-04 12:56:46 +00:00: Uploading file: jdmelody-pc-dev.json as jdmelody-pc-dev.8c8bc67c9edac2c2999fbad96306ca9d.json
28-04 12:56:47 +00:00: File uploaded: jdmelody-pc-dev.8c8bc67c9edac2c2999fbad96306ca9d.json
28-04 12:56:47 +00:00: Updated local JSON file: data/songdb/PC/SongDB_Dev.json with URL: https://jdmo-cdn.c0llydoll.com/private/songdb/jdmelody-pc-dev.8c8bc67c9edac2c2999fbad96306ca9d.json
28-04 13:19:35 +00:00: Saved data to /root/JDMO/main/main/database/Maps/Power.json
28-04 13:47:48 +00:00: Saved data to /root/JDMO/main/main/database/Maps/ProfesseurDLC.json
28-04 13:53:21 +00:00: Uploading file: jdmelody-nx-all.json as jdmelody-nx-all.5f379d66380daaa2a622af5d0dd8412c.json
28-04 13:53:22 +00:00: File uploaded: jdmelody-nx-all.5f379d66380daaa2a622af5d0dd8412c.json
28-04 13:53:22 +00:00: Updated local JSON file: data/songdb/NX/SongDB.json with URL: https://jdmo-cdn.c0llydoll.com/private/songdb/jdmelody-nx-all.5f379d66380daaa2a622af5d0dd8412c.json
28-04 13:53:22 +00:00: Uploading file: jdmelody-ps4-all.json as jdmelody-ps4-all.9e3e1ebf03a601880734000bbc12e53a.json
28-04 13:53:22 +00:00: File uploaded: jdmelody-ps4-all.9e3e1ebf03a601880734000bbc12e53a.json
28-04 13:53:22 +00:00: Updated local JSON file: data/songdb/PS4/SongDB.json with URL: https://jdmo-cdn.c0llydoll.com/private/songdb/jdmelody-ps4-all.9e3e1ebf03a601880734000bbc12e53a.json
28-04 13:53:22 +00:00: Uploading file: jdmelody-pc-all.json as jdmelody-pc-all.af7cb6f9248537e08861b1709d36864c.json
28-04 13:53:22 +00:00: File uploaded: jdmelody-pc-all.af7cb6f9248537e08861b1709d36864c.json
28-04 13:53:22 +00:00: Updated local JSON file: data/songdb/PC/SongDB.json with URL: https://jdmo-cdn.c0llydoll.com/private/songdb/jdmelody-pc-all.af7cb6f9248537e08861b1709d36864c.json
28-04 13:53:22 +00:00: Uploading file: jdmelody-nx-patreon.json as jdmelody-nx-patreon.408354bb771f718e72d2cdef3481d296.json
28-04 13:53:23 +00:00: File uploaded: jdmelody-nx-patreon.408354bb771f718e72d2cdef3481d296.json
28-04 13:53:23 +00:00: Updated local JSON file: data/songdb/NX/SongDB_Patreon.json with URL: https://jdmo-cdn.c0llydoll.com/private/songdb/jdmelody-nx-patreon.408354bb771f718e72d2cdef3481d296.json
28-04 13:53:23 +00:00: Uploading file: jdmelody-ps4-patreon.json as jdmelody-ps4-patreon.34e2e471f601f52da26c5d35dd2a6af4.json
28-04 13:53:23 +00:00: File uploaded: jdmelody-ps4-patreon.34e2e471f601f52da26c5d35dd2a6af4.json
28-04 13:53:23 +00:00: Updated local JSON file: data/songdb/PS4/SongDB_Patreon.json with URL: https://jdmo-cdn.c0llydoll.com/private/songdb/jdmelody-ps4-patreon.34e2e471f601f52da26c5d35dd2a6af4.json
28-04 13:53:23 +00:00: Uploading file: jdmelody-pc-patreon.json as jdmelody-pc-patreon.fec1512ad44f3314e367a0a4505724d0.json
28-04 13:53:23 +00:00: File uploaded: jdmelody-pc-patreon.fec1512ad44f3314e367a0a4505724d0.json
28-04 13:53:23 +00:00: Updated local JSON file: data/songdb/PC/SongDB_Patreon.json with URL: https://jdmo-cdn.c0llydoll.com/private/songdb/jdmelody-pc-patreon.fec1512ad44f3314e367a0a4505724d0.json
28-04 13:53:23 +00:00: Uploading file: jdmelody-nx-dev.json as jdmelody-nx-dev.7a598bf9f592f4e5838c7d93c6c58eb7.json
28-04 13:53:23 +00:00: File uploaded: jdmelody-nx-dev.7a598bf9f592f4e5838c7d93c6c58eb7.json
28-04 13:53:23 +00:00: Updated local JSON file: data/songdb/NX/SongDB_Dev.json with URL: https://jdmo-cdn.c0llydoll.com/private/songdb/jdmelody-nx-dev.7a598bf9f592f4e5838c7d93c6c58eb7.json
28-04 13:53:23 +00:00: Uploading file: jdmelody-ps4-dev.json as jdmelody-ps4-dev.bfee79fe870220e29cb15c61ee934896.json
28-04 13:53:24 +00:00: File uploaded: jdmelody-ps4-dev.bfee79fe870220e29cb15c61ee934896.json
28-04 13:53:24 +00:00: Updated local JSON file: data/songdb/PS4/SongDB_Dev.json with URL: https://jdmo-cdn.c0llydoll.com/private/songdb/jdmelody-ps4-dev.bfee79fe870220e29cb15c61ee934896.json
28-04 13:53:24 +00:00: Uploading file: jdmelody-pc-dev.json as jdmelody-pc-dev.6b90b77c5240a479fac019c97e258782.json
28-04 13:53:24 +00:00: File uploaded: jdmelody-pc-dev.6b90b77c5240a479fac019c97e258782.json
28-04 13:53:24 +00:00: Updated local JSON file: data/songdb/PC/SongDB_Dev.json with URL: https://jdmo-cdn.c0llydoll.com/private/songdb/jdmelody-pc-dev.6b90b77c5240a479fac019c97e258782.json
28-04 14:19:25 +00:00: Saved data to /root/JDMO/main/main/database/Maps/ProudMary.json
28-04 14:43:56 +00:00: Saved data to /root/JDMO/main/main/database/Maps/PumpUp.json
28-04 15:53:03 +00:00: Saved data to /root/JDMO/main/main/database/Maps/Pon.json
28-04 16:51:16 +00:00: /root/JDMO/main/main/database/Maps
28-04 16:51:16 +00:00: JDM API Server running at https://2.56.246.74:443/
28-04 16:51:16 +00:00: JWT Module Redis client connected
28-04 16:59:43 +00:00: /root/JDMO/main/main/database/Maps
28-04 16:59:43 +00:00: JDM API Server running at https://2.56.246.74:443/
28-04 16:59:43 +00:00: JWT Module Redis client connected
29-04 12:35:05 +00:00: Saved data to /root/JDMO/main/main/database/Maps/Rasputin.json
29-04 12:57:12 +00:00: Saved data to /root/JDMO/main/main/database/Maps/RiverSide.json
29-04 13:45:43 +00:00: Saved data to /root/JDMO/main/main/database/Maps/Rockafeller.json
29-04 14:32:18 +00:00: Saved data to /root/JDMO/main/main/database/Maps/ShoopShoop.json
29-04 14:52:43 +00:00: Saved data to /root/JDMO/main/main/database/Maps/ShouldIStay.json
29-04 14:53:14 +00:00: Uploading file: jdmelody-nx-all.json as jdmelody-nx-all.5f379d66380daaa2a622af5d0dd8412c.json
29-04 14:53:14 +00:00: File uploaded: jdmelody-nx-all.5f379d66380daaa2a622af5d0dd8412c.json
29-04 14:53:14 +00:00: Updated local JSON file: data/songdb/NX/SongDB.json with URL: https://jdmo-cdn.c0llydoll.com/private/songdb/jdmelody-nx-all.5f379d66380daaa2a622af5d0dd8412c.json
29-04 14:53:14 +00:00: Uploading file: jdmelody-ps4-all.json as jdmelody-ps4-all.9e3e1ebf03a601880734000bbc12e53a.json
29-04 14:53:15 +00:00: File uploaded: jdmelody-ps4-all.9e3e1ebf03a601880734000bbc12e53a.json
29-04 14:53:15 +00:00: Updated local JSON file: data/songdb/PS4/SongDB.json with URL: https://jdmo-cdn.c0llydoll.com/private/songdb/jdmelody-ps4-all.9e3e1ebf03a601880734000bbc12e53a.json
29-04 14:53:15 +00:00: Uploading file: jdmelody-pc-all.json as jdmelody-pc-all.af7cb6f9248537e08861b1709d36864c.json
29-04 14:53:15 +00:00: File uploaded: jdmelody-pc-all.af7cb6f9248537e08861b1709d36864c.json
29-04 14:53:15 +00:00: Updated local JSON file: data/songdb/PC/SongDB.json with URL: https://jdmo-cdn.c0llydoll.com/private/songdb/jdmelody-pc-all.af7cb6f9248537e08861b1709d36864c.json
29-04 14:53:15 +00:00: Uploading file: jdmelody-nx-patreon.json as jdmelody-nx-patreon.408354bb771f718e72d2cdef3481d296.json
29-04 14:53:15 +00:00: File uploaded: jdmelody-nx-patreon.408354bb771f718e72d2cdef3481d296.json
29-04 14:53:15 +00:00: Updated local JSON file: data/songdb/NX/SongDB_Patreon.json with URL: https://jdmo-cdn.c0llydoll.com/private/songdb/jdmelody-nx-patreon.408354bb771f718e72d2cdef3481d296.json
29-04 14:53:15 +00:00: Uploading file: jdmelody-ps4-patreon.json as jdmelody-ps4-patreon.34e2e471f601f52da26c5d35dd2a6af4.json
29-04 14:53:16 +00:00: File uploaded: jdmelody-ps4-patreon.34e2e471f601f52da26c5d35dd2a6af4.json
29-04 14:53:16 +00:00: Updated local JSON file: data/songdb/PS4/SongDB_Patreon.json with URL: https://jdmo-cdn.c0llydoll.com/private/songdb/jdmelody-ps4-patreon.34e2e471f601f52da26c5d35dd2a6af4.json
29-04 14:53:16 +00:00: Uploading file: jdmelody-pc-patreon.json as jdmelody-pc-patreon.fec1512ad44f3314e367a0a4505724d0.json
29-04 14:53:16 +00:00: File uploaded: jdmelody-pc-patreon.fec1512ad44f3314e367a0a4505724d0.json
29-04 14:53:16 +00:00: Updated local JSON file: data/songdb/PC/SongDB_Patreon.json with URL: https://jdmo-cdn.c0llydoll.com/private/songdb/jdmelody-pc-patreon.fec1512ad44f3314e367a0a4505724d0.json
29-04 14:53:16 +00:00: Uploading file: jdmelody-nx-dev.json as jdmelody-nx-dev.d23878f6af44ec36789ad0d93f92c5d0.json
29-04 14:53:16 +00:00: File uploaded: jdmelody-nx-dev.d23878f6af44ec36789ad0d93f92c5d0.json
29-04 14:53:16 +00:00: Updated local JSON file: data/songdb/NX/SongDB_Dev.json with URL: https://jdmo-cdn.c0llydoll.com/private/songdb/jdmelody-nx-dev.d23878f6af44ec36789ad0d93f92c5d0.json
29-04 14:53:16 +00:00: Uploading file: jdmelody-ps4-dev.json as jdmelody-ps4-dev.992522a22b8abea62ad6deb33e202fda.json
29-04 14:53:17 +00:00: File uploaded: jdmelody-ps4-dev.992522a22b8abea62ad6deb33e202fda.json
29-04 14:53:17 +00:00: Updated local JSON file: data/songdb/PS4/SongDB_Dev.json with URL: https://jdmo-cdn.c0llydoll.com/private/songdb/jdmelody-ps4-dev.992522a22b8abea62ad6deb33e202fda.json
29-04 14:53:17 +00:00: Uploading file: jdmelody-pc-dev.json as jdmelody-pc-dev.78dbdc8099cee6d56a71f982eb9faf28.json
29-04 14:53:17 +00:00: File uploaded: jdmelody-pc-dev.78dbdc8099cee6d56a71f982eb9faf28.json
29-04 14:53:17 +00:00: Updated local JSON file: data/songdb/PC/SongDB_Dev.json with URL: https://jdmo-cdn.c0llydoll.com/private/songdb/jdmelody-pc-dev.78dbdc8099cee6d56a71f982eb9faf28.json
29-04 16:12:50 +00:00: Saved data to /root/JDMO/main/main/database/Maps/SOS.json
29-04 16:34:06 +00:00: Saved data to /root/JDMO/main/main/database/Maps/SoulBossaNova.json
29-04 16:34:39 +00:00: Uploading file: jdmelody-nx-all.json as jdmelody-nx-all.5f379d66380daaa2a622af5d0dd8412c.json
29-04 16:34:40 +00:00: File uploaded: jdmelody-nx-all.5f379d66380daaa2a622af5d0dd8412c.json
29-04 16:34:40 +00:00: Updated local JSON file: data/songdb/NX/SongDB.json with URL: https://jdmo-cdn.c0llydoll.com/private/songdb/jdmelody-nx-all.5f379d66380daaa2a622af5d0dd8412c.json
29-04 16:34:40 +00:00: Uploading file: jdmelody-ps4-all.json as jdmelody-ps4-all.9e3e1ebf03a601880734000bbc12e53a.json
29-04 16:34:40 +00:00: File uploaded: jdmelody-ps4-all.9e3e1ebf03a601880734000bbc12e53a.json
29-04 16:34:40 +00:00: Updated local JSON file: data/songdb/PS4/SongDB.json with URL: https://jdmo-cdn.c0llydoll.com/private/songdb/jdmelody-ps4-all.9e3e1ebf03a601880734000bbc12e53a.json
29-04 16:34:40 +00:00: Uploading file: jdmelody-pc-all.json as jdmelody-pc-all.af7cb6f9248537e08861b1709d36864c.json
29-04 16:34:41 +00:00: File uploaded: jdmelody-pc-all.af7cb6f9248537e08861b1709d36864c.json
29-04 16:34:41 +00:00: Updated local JSON file: data/songdb/PC/SongDB.json with URL: https://jdmo-cdn.c0llydoll.com/private/songdb/jdmelody-pc-all.af7cb6f9248537e08861b1709d36864c.json
29-04 16:34:41 +00:00: Uploading file: jdmelody-nx-patreon.json as jdmelody-nx-patreon.408354bb771f718e72d2cdef3481d296.json
29-04 16:34:41 +00:00: File uploaded: jdmelody-nx-patreon.408354bb771f718e72d2cdef3481d296.json
29-04 16:34:41 +00:00: Updated local JSON file: data/songdb/NX/SongDB_Patreon.json with URL: https://jdmo-cdn.c0llydoll.com/private/songdb/jdmelody-nx-patreon.408354bb771f718e72d2cdef3481d296.json
29-04 16:34:41 +00:00: Uploading file: jdmelody-ps4-patreon.json as jdmelody-ps4-patreon.34e2e471f601f52da26c5d35dd2a6af4.json
29-04 16:34:42 +00:00: File uploaded: jdmelody-ps4-patreon.34e2e471f601f52da26c5d35dd2a6af4.json
29-04 16:34:42 +00:00: Updated local JSON file: data/songdb/PS4/SongDB_Patreon.json with URL: https://jdmo-cdn.c0llydoll.com/private/songdb/jdmelody-ps4-patreon.34e2e471f601f52da26c5d35dd2a6af4.json
29-04 16:34:42 +00:00: Uploading file: jdmelody-pc-patreon.json as jdmelody-pc-patreon.fec1512ad44f3314e367a0a4505724d0.json
29-04 16:34:42 +00:00: File uploaded: jdmelody-pc-patreon.fec1512ad44f3314e367a0a4505724d0.json
29-04 16:34:42 +00:00: Updated local JSON file: data/songdb/PC/SongDB_Patreon.json with URL: https://jdmo-cdn.c0llydoll.com/private/songdb/jdmelody-pc-patreon.fec1512ad44f3314e367a0a4505724d0.json
29-04 16:34:42 +00:00: Uploading file: jdmelody-nx-dev.json as jdmelody-nx-dev.5a0780c27f552d1247ccbd20bb3fe5ae.json
29-04 16:34:43 +00:00: File uploaded: jdmelody-nx-dev.5a0780c27f552d1247ccbd20bb3fe5ae.json
29-04 16:34:43 +00:00: Updated local JSON file: data/songdb/NX/SongDB_Dev.json with URL: https://jdmo-cdn.c0llydoll.com/private/songdb/jdmelody-nx-dev.5a0780c27f552d1247ccbd20bb3fe5ae.json
29-04 16:34:43 +00:00: Uploading file: jdmelody-ps4-dev.json as jdmelody-ps4-dev.7897615023a8ec1c67a7e8e7c69c0c72.json
29-04 16:34:44 +00:00: File uploaded: jdmelody-ps4-dev.7897615023a8ec1c67a7e8e7c69c0c72.json
29-04 16:34:44 +00:00: Updated local JSON file: data/songdb/PS4/SongDB_Dev.json with URL: https://jdmo-cdn.c0llydoll.com/private/songdb/jdmelody-ps4-dev.7897615023a8ec1c67a7e8e7c69c0c72.json
29-04 16:34:44 +00:00: Uploading file: jdmelody-pc-dev.json as jdmelody-pc-dev.d469e48befdfaef1db07ef39b7d8a231.json
29-04 16:34:45 +00:00: File uploaded: jdmelody-pc-dev.d469e48befdfaef1db07ef39b7d8a231.json
29-04 16:34:45 +00:00: Updated local JSON file: data/songdb/PC/SongDB_Dev.json with URL: https://jdmo-cdn.c0llydoll.com/private/songdb/jdmelody-pc-dev.d469e48befdfaef1db07ef39b7d8a231.json
29-04 16:52:17 +00:00: Saved data to /root/JDMO/main/main/database/Maps/SpiceUp.json
29-04 17:19:06 +00:00: Saved data to /root/JDMO/main/main/database/Maps/Sway.json
29-04 18:14:05 +00:00: Saved data to /root/JDMO/main/main/database/Maps/SympathyDevil.json
29-04 18:14:18 +00:00: Uploading file: jdmelody-nx-all.json as jdmelody-nx-all.5f379d66380daaa2a622af5d0dd8412c.json
29-04 18:14:19 +00:00: File uploaded: jdmelody-nx-all.5f379d66380daaa2a622af5d0dd8412c.json
29-04 18:14:19 +00:00: Updated local JSON file: data/songdb/NX/SongDB.json with URL: https://jdmo-cdn.c0llydoll.com/private/songdb/jdmelody-nx-all.5f379d66380daaa2a622af5d0dd8412c.json
29-04 18:14:19 +00:00: Uploading file: jdmelody-ps4-all.json as jdmelody-ps4-all.9e3e1ebf03a601880734000bbc12e53a.json
29-04 18:14:19 +00:00: File uploaded: jdmelody-ps4-all.9e3e1ebf03a601880734000bbc12e53a.json
29-04 18:14:19 +00:00: Updated local JSON file: data/songdb/PS4/SongDB.json with URL: https://jdmo-cdn.c0llydoll.com/private/songdb/jdmelody-ps4-all.9e3e1ebf03a601880734000bbc12e53a.json
29-04 18:14:19 +00:00: Uploading file: jdmelody-pc-all.json as jdmelody-pc-all.af7cb6f9248537e08861b1709d36864c.json
29-04 18:14:19 +00:00: File uploaded: jdmelody-pc-all.af7cb6f9248537e08861b1709d36864c.json
29-04 18:14:19 +00:00: Updated local JSON file: data/songdb/PC/SongDB.json with URL: https://jdmo-cdn.c0llydoll.com/private/songdb/jdmelody-pc-all.af7cb6f9248537e08861b1709d36864c.json
29-04 18:14:19 +00:00: Uploading file: jdmelody-nx-patreon.json as jdmelody-nx-patreon.408354bb771f718e72d2cdef3481d296.json
29-04 18:14:20 +00:00: File uploaded: jdmelody-nx-patreon.408354bb771f718e72d2cdef3481d296.json
29-04 18:14:20 +00:00: Updated local JSON file: data/songdb/NX/SongDB_Patreon.json with URL: https://jdmo-cdn.c0llydoll.com/private/songdb/jdmelody-nx-patreon.408354bb771f718e72d2cdef3481d296.json
29-04 18:14:20 +00:00: Uploading file: jdmelody-ps4-patreon.json as jdmelody-ps4-patreon.34e2e471f601f52da26c5d35dd2a6af4.json
29-04 18:14:20 +00:00: File uploaded: jdmelody-ps4-patreon.34e2e471f601f52da26c5d35dd2a6af4.json
29-04 18:14:20 +00:00: Updated local JSON file: data/songdb/PS4/SongDB_Patreon.json with URL: https://jdmo-cdn.c0llydoll.com/private/songdb/jdmelody-ps4-patreon.34e2e471f601f52da26c5d35dd2a6af4.json
29-04 18:14:20 +00:00: Uploading file: jdmelody-pc-patreon.json as jdmelody-pc-patreon.fec1512ad44f3314e367a0a4505724d0.json
29-04 18:14:20 +00:00: File uploaded: jdmelody-pc-patreon.fec1512ad44f3314e367a0a4505724d0.json
29-04 18:14:20 +00:00: Updated local JSON file: data/songdb/PC/SongDB_Patreon.json with URL: https://jdmo-cdn.c0llydoll.com/private/songdb/jdmelody-pc-patreon.fec1512ad44f3314e367a0a4505724d0.json
29-04 18:14:20 +00:00: Uploading file: jdmelody-nx-dev.json as jdmelody-nx-dev.84e0813c68f3d3b9154ef03238ae028b.json
29-04 18:14:20 +00:00: File uploaded: jdmelody-nx-dev.84e0813c68f3d3b9154ef03238ae028b.json
29-04 18:14:20 +00:00: Updated local JSON file: data/songdb/NX/SongDB_Dev.json with URL: https://jdmo-cdn.c0llydoll.com/private/songdb/jdmelody-nx-dev.84e0813c68f3d3b9154ef03238ae028b.json
29-04 18:14:20 +00:00: Uploading file: jdmelody-ps4-dev.json as jdmelody-ps4-dev.050df66b47a9fc054fe05ae25fcd3905.json
29-04 18:14:21 +00:00: File uploaded: jdmelody-ps4-dev.050df66b47a9fc054fe05ae25fcd3905.json
29-04 18:14:21 +00:00: Updated local JSON file: data/songdb/PS4/SongDB_Dev.json with URL: https://jdmo-cdn.c0llydoll.com/private/songdb/jdmelody-ps4-dev.050df66b47a9fc054fe05ae25fcd3905.json
29-04 18:14:21 +00:00: Uploading file: jdmelody-pc-dev.json as jdmelody-pc-dev.af43534c02d3bd168461c7ba3fbe1e24.json
29-04 18:14:21 +00:00: File uploaded: jdmelody-pc-dev.af43534c02d3bd168461c7ba3fbe1e24.json
29-04 18:14:21 +00:00: Updated local JSON file: data/songdb/PC/SongDB_Dev.json with URL: https://jdmo-cdn.c0llydoll.com/private/songdb/jdmelody-pc-dev.af43534c02d3bd168461c7ba3fbe1e24.json
29-04 18:58:15 +00:00: Uploading file: jdmelody-nx-all.json as jdmelody-nx-all.5f379d66380daaa2a622af5d0dd8412c.json
29-04 18:58:15 +00:00: File uploaded: jdmelody-nx-all.5f379d66380daaa2a622af5d0dd8412c.json
29-04 18:58:15 +00:00: Updated local JSON file: data/songdb/NX/SongDB.json with URL: https://jdmo-cdn.c0llydoll.com/private/songdb/jdmelody-nx-all.5f379d66380daaa2a622af5d0dd8412c.json
29-04 18:58:15 +00:00: Uploading file: jdmelody-ps4-all.json as jdmelody-ps4-all.9e3e1ebf03a601880734000bbc12e53a.json
29-04 18:58:16 +00:00: File uploaded: jdmelody-ps4-all.9e3e1ebf03a601880734000bbc12e53a.json
29-04 18:58:16 +00:00: Updated local JSON file: data/songdb/PS4/SongDB.json with URL: https://jdmo-cdn.c0llydoll.com/private/songdb/jdmelody-ps4-all.9e3e1ebf03a601880734000bbc12e53a.json
29-04 18:58:16 +00:00: Uploading file: jdmelody-pc-all.json as jdmelody-pc-all.af7cb6f9248537e08861b1709d36864c.json
29-04 18:58:16 +00:00: File uploaded: jdmelody-pc-all.af7cb6f9248537e08861b1709d36864c.json
29-04 18:58:16 +00:00: Updated local JSON file: data/songdb/PC/SongDB.json with URL: https://jdmo-cdn.c0llydoll.com/private/songdb/jdmelody-pc-all.af7cb6f9248537e08861b1709d36864c.json
29-04 18:58:16 +00:00: Uploading file: jdmelody-nx-patreon.json as jdmelody-nx-patreon.408354bb771f718e72d2cdef3481d296.json
29-04 18:58:17 +00:00: File uploaded: jdmelody-nx-patreon.408354bb771f718e72d2cdef3481d296.json
29-04 18:58:17 +00:00: Updated local JSON file: data/songdb/NX/SongDB_Patreon.json with URL: https://jdmo-cdn.c0llydoll.com/private/songdb/jdmelody-nx-patreon.408354bb771f718e72d2cdef3481d296.json
29-04 18:58:17 +00:00: Uploading file: jdmelody-ps4-patreon.json as jdmelody-ps4-patreon.34e2e471f601f52da26c5d35dd2a6af4.json
29-04 18:58:17 +00:00: File uploaded: jdmelody-ps4-patreon.34e2e471f601f52da26c5d35dd2a6af4.json
29-04 18:58:17 +00:00: Updated local JSON file: data/songdb/PS4/SongDB_Patreon.json with URL: https://jdmo-cdn.c0llydoll.com/private/songdb/jdmelody-ps4-patreon.34e2e471f601f52da26c5d35dd2a6af4.json
29-04 18:58:17 +00:00: Uploading file: jdmelody-pc-patreon.json as jdmelody-pc-patreon.fec1512ad44f3314e367a0a4505724d0.json
29-04 18:58:17 +00:00: File uploaded: jdmelody-pc-patreon.fec1512ad44f3314e367a0a4505724d0.json
29-04 18:58:17 +00:00: Updated local JSON file: data/songdb/PC/SongDB_Patreon.json with URL: https://jdmo-cdn.c0llydoll.com/private/songdb/jdmelody-pc-patreon.fec1512ad44f3314e367a0a4505724d0.json
29-04 18:58:18 +00:00: Uploading file: jdmelody-nx-dev.json as jdmelody-nx-dev.2e72c57216015317ad9d9a3c4869c525.json
29-04 18:58:18 +00:00: File uploaded: jdmelody-nx-dev.2e72c57216015317ad9d9a3c4869c525.json
29-04 18:58:18 +00:00: Updated local JSON file: data/songdb/NX/SongDB_Dev.json with URL: https://jdmo-cdn.c0llydoll.com/private/songdb/jdmelody-nx-dev.2e72c57216015317ad9d9a3c4869c525.json
29-04 18:58:18 +00:00: Uploading file: jdmelody-ps4-dev.json as jdmelody-ps4-dev.26ed96fa6ecfe9cd5a069c760cf43913.json
29-04 18:58:18 +00:00: File uploaded: jdmelody-ps4-dev.26ed96fa6ecfe9cd5a069c760cf43913.json
29-04 18:58:18 +00:00: Updated local JSON file: data/songdb/PS4/SongDB_Dev.json with URL: https://jdmo-cdn.c0llydoll.com/private/songdb/jdmelody-ps4-dev.26ed96fa6ecfe9cd5a069c760cf43913.json
29-04 18:58:18 +00:00: Uploading file: jdmelody-pc-dev.json as jdmelody-pc-dev.501a42d9a293bec07b70967ee127d883.json
29-04 18:58:19 +00:00: File uploaded: jdmelody-pc-dev.501a42d9a293bec07b70967ee127d883.json
29-04 18:58:19 +00:00: Updated local JSON file: data/songdb/PC/SongDB_Dev.json with URL: https://jdmo-cdn.c0llydoll.com/private/songdb/jdmelody-pc-dev.501a42d9a293bec07b70967ee127d883.json
29-04 19:01:45 +00:00: Saved data to /root/JDMO/main/main/database/Maps/RiverSide.json
29-04 19:02:14 +00:00: Saved data to /root/JDMO/main/main/database/Maps/RiverSide.json
29-04 19:02:54 +00:00: Saved data to /root/JDMO/main/main/database/Maps/RiverSide.json
29-04 19:06:18 +00:00: Saved data to /root/JDMO/main/main/database/Maps/Satisfaction.json
29-04 19:14:41 +00:00: Saved data to /root/JDMO/main/main/database/Maps/ShoopShoopRETAKE.json
29-04 19:24:47 +00:00: Saved data to /root/JDMO/main/main/database/Maps/Song2.json
29-04 19:32:05 +00:00: Saved data to /root/JDMO/main/main/database/Maps/Song2.json
29-04 19:35:57 +00:00: Saved data to /root/JDMO/main/main/database/Maps/Song2.json
29-04 19:37:48 +00:00: Saved data to /root/JDMO/main/main/database/Maps/Song2.json
29-04 19:45:06 +00:00: Saved data to /root/JDMO/main/main/database/Maps/SOS.json
29-04 19:47:23 +00:00: Saved data to /root/JDMO/main/main/database/Maps/SOS.json
29-04 20:21:55 +00:00: Saved data to /root/JDMO/main/main/database/Maps/TakeMeOut.json
29-04 20:22:04 +00:00: Uploading file: jdmelody-nx-all.json as jdmelody-nx-all.5f379d66380daaa2a622af5d0dd8412c.json
29-04 20:22:05 +00:00: File uploaded: jdmelody-nx-all.5f379d66380daaa2a622af5d0dd8412c.json
29-04 20:22:05 +00:00: Updated local JSON file: data/songdb/NX/SongDB.json with URL: https://jdmo-cdn.c0llydoll.com/private/songdb/jdmelody-nx-all.5f379d66380daaa2a622af5d0dd8412c.json
29-04 20:22:05 +00:00: Uploading file: jdmelody-ps4-all.json as jdmelody-ps4-all.9e3e1ebf03a601880734000bbc12e53a.json
29-04 20:22:05 +00:00: File uploaded: jdmelody-ps4-all.9e3e1ebf03a601880734000bbc12e53a.json
29-04 20:22:05 +00:00: Updated local JSON file: data/songdb/PS4/SongDB.json with URL: https://jdmo-cdn.c0llydoll.com/private/songdb/jdmelody-ps4-all.9e3e1ebf03a601880734000bbc12e53a.json
29-04 20:22:05 +00:00: Uploading file: jdmelody-pc-all.json as jdmelody-pc-all.af7cb6f9248537e08861b1709d36864c.json
29-04 20:22:05 +00:00: File uploaded: jdmelody-pc-all.af7cb6f9248537e08861b1709d36864c.json
29-04 20:22:05 +00:00: Updated local JSON file: data/songdb/PC/SongDB.json with URL: https://jdmo-cdn.c0llydoll.com/private/songdb/jdmelody-pc-all.af7cb6f9248537e08861b1709d36864c.json
29-04 20:22:05 +00:00: Uploading file: jdmelody-nx-patreon.json as jdmelody-nx-patreon.408354bb771f718e72d2cdef3481d296.json
29-04 20:22:08 +00:00: File uploaded: jdmelody-nx-patreon.408354bb771f718e72d2cdef3481d296.json
29-04 20:22:08 +00:00: Updated local JSON file: data/songdb/NX/SongDB_Patreon.json with URL: https://jdmo-cdn.c0llydoll.com/private/songdb/jdmelody-nx-patreon.408354bb771f718e72d2cdef3481d296.json
29-04 20:22:08 +00:00: Uploading file: jdmelody-ps4-patreon.json as jdmelody-ps4-patreon.34e2e471f601f52da26c5d35dd2a6af4.json
29-04 20:22:08 +00:00: File uploaded: jdmelody-ps4-patreon.34e2e471f601f52da26c5d35dd2a6af4.json
29-04 20:22:08 +00:00: Updated local JSON file: data/songdb/PS4/SongDB_Patreon.json with URL: https://jdmo-cdn.c0llydoll.com/private/songdb/jdmelody-ps4-patreon.34e2e471f601f52da26c5d35dd2a6af4.json
29-04 20:22:08 +00:00: Uploading file: jdmelody-pc-patreon.json as jdmelody-pc-patreon.fec1512ad44f3314e367a0a4505724d0.json
29-04 20:22:09 +00:00: File uploaded: jdmelody-pc-patreon.fec1512ad44f3314e367a0a4505724d0.json
29-04 20:22:09 +00:00: Updated local JSON file: data/songdb/PC/SongDB_Patreon.json with URL: https://jdmo-cdn.c0llydoll.com/private/songdb/jdmelody-pc-patreon.fec1512ad44f3314e367a0a4505724d0.json
29-04 20:22:09 +00:00: Uploading file: jdmelody-nx-dev.json as jdmelody-nx-dev.c18afbb683cfd109bdb7d02bece8aed9.json
29-04 20:22:09 +00:00: File uploaded: jdmelody-nx-dev.c18afbb683cfd109bdb7d02bece8aed9.json
29-04 20:22:09 +00:00: Updated local JSON file: data/songdb/NX/SongDB_Dev.json with URL: https://jdmo-cdn.c0llydoll.com/private/songdb/jdmelody-nx-dev.c18afbb683cfd109bdb7d02bece8aed9.json
29-04 20:22:09 +00:00: Uploading file: jdmelody-ps4-dev.json as jdmelody-ps4-dev.f22cebaa28a8e7979925407aea0d6070.json
29-04 20:22:09 +00:00: File uploaded: jdmelody-ps4-dev.f22cebaa28a8e7979925407aea0d6070.json
29-04 20:22:09 +00:00: Updated local JSON file: data/songdb/PS4/SongDB_Dev.json with URL: https://jdmo-cdn.c0llydoll.com/private/songdb/jdmelody-ps4-dev.f22cebaa28a8e7979925407aea0d6070.json
29-04 20:22:09 +00:00: Uploading file: jdmelody-pc-dev.json as jdmelody-pc-dev.18e66a2fefa0ce228c5b7d4c46270285.json
29-04 20:22:10 +00:00: File uploaded: jdmelody-pc-dev.18e66a2fefa0ce228c5b7d4c46270285.json
29-04 20:22:10 +00:00: Updated local JSON file: data/songdb/PC/SongDB_Dev.json with URL: https://jdmo-cdn.c0llydoll.com/private/songdb/jdmelody-pc-dev.18e66a2fefa0ce228c5b7d4c46270285.json
29-04 20:49:24 +00:00: Saved data to /root/JDMO/main/main/database/Maps/TikTok.json
29-04 20:50:03 +00:00: Uploading file: jdmelody-nx-all.json as jdmelody-nx-all.5f379d66380daaa2a622af5d0dd8412c.json
29-04 20:50:03 +00:00: File uploaded: jdmelody-nx-all.5f379d66380daaa2a622af5d0dd8412c.json
29-04 20:50:03 +00:00: Updated local JSON file: data/songdb/NX/SongDB.json with URL: https://jdmo-cdn.c0llydoll.com/private/songdb/jdmelody-nx-all.5f379d66380daaa2a622af5d0dd8412c.json
29-04 20:50:03 +00:00: Uploading file: jdmelody-ps4-all.json as jdmelody-ps4-all.9e3e1ebf03a601880734000bbc12e53a.json
29-04 20:50:05 +00:00: File uploaded: jdmelody-ps4-all.9e3e1ebf03a601880734000bbc12e53a.json
29-04 20:50:05 +00:00: Updated local JSON file: data/songdb/PS4/SongDB.json with URL: https://jdmo-cdn.c0llydoll.com/private/songdb/jdmelody-ps4-all.9e3e1ebf03a601880734000bbc12e53a.json
29-04 20:50:05 +00:00: Uploading file: jdmelody-pc-all.json as jdmelody-pc-all.af7cb6f9248537e08861b1709d36864c.json
29-04 20:50:06 +00:00: File uploaded: jdmelody-pc-all.af7cb6f9248537e08861b1709d36864c.json
29-04 20:50:06 +00:00: Updated local JSON file: data/songdb/PC/SongDB.json with URL: https://jdmo-cdn.c0llydoll.com/private/songdb/jdmelody-pc-all.af7cb6f9248537e08861b1709d36864c.json
29-04 20:50:06 +00:00: Uploading file: jdmelody-nx-patreon.json as jdmelody-nx-patreon.408354bb771f718e72d2cdef3481d296.json
29-04 20:50:06 +00:00: File uploaded: jdmelody-nx-patreon.408354bb771f718e72d2cdef3481d296.json
29-04 20:50:06 +00:00: Updated local JSON file: data/songdb/NX/SongDB_Patreon.json with URL: https://jdmo-cdn.c0llydoll.com/private/songdb/jdmelody-nx-patreon.408354bb771f718e72d2cdef3481d296.json
29-04 20:50:06 +00:00: Uploading file: jdmelody-ps4-patreon.json as jdmelody-ps4-patreon.34e2e471f601f52da26c5d35dd2a6af4.json
29-04 20:50:06 +00:00: File uploaded: jdmelody-ps4-patreon.34e2e471f601f52da26c5d35dd2a6af4.json
29-04 20:50:06 +00:00: Updated local JSON file: data/songdb/PS4/SongDB_Patreon.json with URL: https://jdmo-cdn.c0llydoll.com/private/songdb/jdmelody-ps4-patreon.34e2e471f601f52da26c5d35dd2a6af4.json
29-04 20:50:06 +00:00: Uploading file: jdmelody-pc-patreon.json as jdmelody-pc-patreon.fec1512ad44f3314e367a0a4505724d0.json
29-04 20:50:07 +00:00: File uploaded: jdmelody-pc-patreon.fec1512ad44f3314e367a0a4505724d0.json
29-04 20:50:07 +00:00: Updated local JSON file: data/songdb/PC/SongDB_Patreon.json with URL: https://jdmo-cdn.c0llydoll.com/private/songdb/jdmelody-pc-patreon.fec1512ad44f3314e367a0a4505724d0.json
29-04 20:50:07 +00:00: Uploading file: jdmelody-nx-dev.json as jdmelody-nx-dev.43d8b1e20d197fac33d66f69a226d4ae.json
29-04 20:50:07 +00:00: File uploaded: jdmelody-nx-dev.43d8b1e20d197fac33d66f69a226d4ae.json
29-04 20:50:07 +00:00: Updated local JSON file: data/songdb/NX/SongDB_Dev.json with URL: https://jdmo-cdn.c0llydoll.com/private/songdb/jdmelody-nx-dev.43d8b1e20d197fac33d66f69a226d4ae.json
29-04 20:50:07 +00:00: Uploading file: jdmelody-ps4-dev.json as jdmelody-ps4-dev.11d275f04e7eed768247d34678e0253b.json
29-04 20:50:08 +00:00: File uploaded: jdmelody-ps4-dev.11d275f04e7eed768247d34678e0253b.json
29-04 20:50:08 +00:00: Updated local JSON file: data/songdb/PS4/SongDB_Dev.json with URL: https://jdmo-cdn.c0llydoll.com/private/songdb/jdmelody-ps4-dev.11d275f04e7eed768247d34678e0253b.json
29-04 20:50:08 +00:00: Uploading file: jdmelody-pc-dev.json as jdmelody-pc-dev.bffcfebd5e6e518d977042c628cf4de1.json
29-04 20:50:08 +00:00: File uploaded: jdmelody-pc-dev.bffcfebd5e6e518d977042c628cf4de1.json
29-04 20:50:08 +00:00: Updated local JSON file: data/songdb/PC/SongDB_Dev.json with URL: https://jdmo-cdn.c0llydoll.com/private/songdb/jdmelody-pc-dev.bffcfebd5e6e518d977042c628cf4de1.json
29-04 21:09:12 +00:00: Saved data to /root/JDMO/main/main/database/Maps/Unusual.json
29-04 21:36:46 +00:00: Saved data to /root/JDMO/main/main/database/Maps/VivaLasVegas.json
29-04 21:36:55 +00:00: Uploading file: jdmelody-nx-all.json as jdmelody-nx-all.5f379d66380daaa2a622af5d0dd8412c.json
29-04 21:36:55 +00:00: File uploaded: jdmelody-nx-all.5f379d66380daaa2a622af5d0dd8412c.json
29-04 21:36:55 +00:00: Updated local JSON file: data/songdb/NX/SongDB.json with URL: https://jdmo-cdn.c0llydoll.com/private/songdb/jdmelody-nx-all.5f379d66380daaa2a622af5d0dd8412c.json
29-04 21:36:55 +00:00: Uploading file: jdmelody-ps4-all.json as jdmelody-ps4-all.9e3e1ebf03a601880734000bbc12e53a.json
29-04 21:36:55 +00:00: File uploaded: jdmelody-ps4-all.9e3e1ebf03a601880734000bbc12e53a.json
29-04 21:36:55 +00:00: Updated local JSON file: data/songdb/PS4/SongDB.json with URL: https://jdmo-cdn.c0llydoll.com/private/songdb/jdmelody-ps4-all.9e3e1ebf03a601880734000bbc12e53a.json
29-04 21:36:55 +00:00: Uploading file: jdmelody-pc-all.json as jdmelody-pc-all.af7cb6f9248537e08861b1709d36864c.json
29-04 21:36:55 +00:00: File uploaded: jdmelody-pc-all.af7cb6f9248537e08861b1709d36864c.json
29-04 21:36:55 +00:00: Updated local JSON file: data/songdb/PC/SongDB.json with URL: https://jdmo-cdn.c0llydoll.com/private/songdb/jdmelody-pc-all.af7cb6f9248537e08861b1709d36864c.json
29-04 21:36:55 +00:00: Uploading file: jdmelody-nx-patreon.json as jdmelody-nx-patreon.408354bb771f718e72d2cdef3481d296.json
29-04 21:36:56 +00:00: File uploaded: jdmelody-nx-patreon.408354bb771f718e72d2cdef3481d296.json
29-04 21:36:56 +00:00: Updated local JSON file: data/songdb/NX/SongDB_Patreon.json with URL: https://jdmo-cdn.c0llydoll.com/private/songdb/jdmelody-nx-patreon.408354bb771f718e72d2cdef3481d296.json
29-04 21:36:56 +00:00: Uploading file: jdmelody-ps4-patreon.json as jdmelody-ps4-patreon.34e2e471f601f52da26c5d35dd2a6af4.json
29-04 21:36:56 +00:00: File uploaded: jdmelody-ps4-patreon.34e2e471f601f52da26c5d35dd2a6af4.json
29-04 21:36:56 +00:00: Updated local JSON file: data/songdb/PS4/SongDB_Patreon.json with URL: https://jdmo-cdn.c0llydoll.com/private/songdb/jdmelody-ps4-patreon.34e2e471f601f52da26c5d35dd2a6af4.json
29-04 21:36:56 +00:00: Uploading file: jdmelody-pc-patreon.json as jdmelody-pc-patreon.fec1512ad44f3314e367a0a4505724d0.json
29-04 21:36:56 +00:00: File uploaded: jdmelody-pc-patreon.fec1512ad44f3314e367a0a4505724d0.json
29-04 21:36:56 +00:00: Updated local JSON file: data/songdb/PC/SongDB_Patreon.json with URL: https://jdmo-cdn.c0llydoll.com/private/songdb/jdmelody-pc-patreon.fec1512ad44f3314e367a0a4505724d0.json
29-04 21:36:56 +00:00: Uploading file: jdmelody-nx-dev.json as jdmelody-nx-dev.6fa0f526bbde466f3fe4680fe57964f8.json
29-04 21:36:56 +00:00: File uploaded: jdmelody-nx-dev.6fa0f526bbde466f3fe4680fe57964f8.json
29-04 21:36:56 +00:00: Updated local JSON file: data/songdb/NX/SongDB_Dev.json with URL: https://jdmo-cdn.c0llydoll.com/private/songdb/jdmelody-nx-dev.6fa0f526bbde466f3fe4680fe57964f8.json
29-04 21:36:56 +00:00: Uploading file: jdmelody-ps4-dev.json as jdmelody-ps4-dev.8800f144170b2299cef16c1772dba9f6.json
29-04 21:36:57 +00:00: File uploaded: jdmelody-ps4-dev.8800f144170b2299cef16c1772dba9f6.json
29-04 21:36:57 +00:00: Updated local JSON file: data/songdb/PS4/SongDB_Dev.json with URL: https://jdmo-cdn.c0llydoll.com/private/songdb/jdmelody-ps4-dev.8800f144170b2299cef16c1772dba9f6.json
29-04 21:36:57 +00:00: Uploading file: jdmelody-pc-dev.json as jdmelody-pc-dev.63c076a0a7ddb57d938bc3bdb06ae437.json
29-04 21:36:57 +00:00: File uploaded: jdmelody-pc-dev.63c076a0a7ddb57d938bc3bdb06ae437.json
29-04 21:36:57 +00:00: Updated local JSON file: data/songdb/PC/SongDB_Dev.json with URL: https://jdmo-cdn.c0llydoll.com/private/songdb/jdmelody-pc-dev.63c076a0a7ddb57d938bc3bdb06ae437.json
29-04 22:12:44 +00:00: Saved data to /root/JDMO/main/main/database/Maps/WalkLike.json
29-04 22:22:19 +00:00: Saved data to /root/JDMO/main/main/database/Maps/WhenIGrowUp.json
29-04 23:06:59 +00:00: Saved data to /root/JDMO/main/main/database/Maps/Xmas.json
29-04 23:28:47 +00:00: Saved data to /root/JDMO/main/main/database/Maps/WhenIGrowUp.json
29-04 23:38:14 +00:00: Saved data to /root/JDMO/main/main/database/Maps/WhyOWhy.json
30-04 00:35:58 +00:00: Saved data to /root/JDMO/main/main/database/Maps/KattiKalandal.json
30-04 00:38:36 +00:00: Uploading file: jdmelody-nx-all.json as jdmelody-nx-all.5f379d66380daaa2a622af5d0dd8412c.json
30-04 00:38:36 +00:00: File uploaded: jdmelody-nx-all.5f379d66380daaa2a622af5d0dd8412c.json
30-04 00:38:36 +00:00: Updated local JSON file: data/songdb/NX/SongDB.json with URL: https://jdmo-cdn.c0llydoll.com/private/songdb/jdmelody-nx-all.5f379d66380daaa2a622af5d0dd8412c.json
30-04 00:38:36 +00:00: Uploading file: jdmelody-ps4-all.json as jdmelody-ps4-all.9e3e1ebf03a601880734000bbc12e53a.json
30-04 00:38:37 +00:00: File uploaded: jdmelody-ps4-all.9e3e1ebf03a601880734000bbc12e53a.json
30-04 00:38:37 +00:00: Updated local JSON file: data/songdb/PS4/SongDB.json with URL: https://jdmo-cdn.c0llydoll.com/private/songdb/jdmelody-ps4-all.9e3e1ebf03a601880734000bbc12e53a.json
30-04 00:38:37 +00:00: Uploading file: jdmelody-pc-all.json as jdmelody-pc-all.af7cb6f9248537e08861b1709d36864c.json
30-04 00:38:37 +00:00: File uploaded: jdmelody-pc-all.af7cb6f9248537e08861b1709d36864c.json
30-04 00:38:37 +00:00: Updated local JSON file: data/songdb/PC/SongDB.json with URL: https://jdmo-cdn.c0llydoll.com/private/songdb/jdmelody-pc-all.af7cb6f9248537e08861b1709d36864c.json
30-04 00:38:37 +00:00: Uploading file: jdmelody-nx-patreon.json as jdmelody-nx-patreon.408354bb771f718e72d2cdef3481d296.json
30-04 00:38:38 +00:00: File uploaded: jdmelody-nx-patreon.408354bb771f718e72d2cdef3481d296.json
30-04 00:38:38 +00:00: Updated local JSON file: data/songdb/NX/SongDB_Patreon.json with URL: https://jdmo-cdn.c0llydoll.com/private/songdb/jdmelody-nx-patreon.408354bb771f718e72d2cdef3481d296.json
30-04 00:38:38 +00:00: Uploading file: jdmelody-ps4-patreon.json as jdmelody-ps4-patreon.34e2e471f601f52da26c5d35dd2a6af4.json
30-04 00:38:38 +00:00: File uploaded: jdmelody-ps4-patreon.34e2e471f601f52da26c5d35dd2a6af4.json
30-04 00:38:38 +00:00: Updated local JSON file: data/songdb/PS4/SongDB_Patreon.json with URL: https://jdmo-cdn.c0llydoll.com/private/songdb/jdmelody-ps4-patreon.34e2e471f601f52da26c5d35dd2a6af4.json
30-04 00:38:38 +00:00: Uploading file: jdmelody-pc-patreon.json as jdmelody-pc-patreon.fec1512ad44f3314e367a0a4505724d0.json
30-04 00:38:38 +00:00: File uploaded: jdmelody-pc-patreon.fec1512ad44f3314e367a0a4505724d0.json
30-04 00:38:38 +00:00: Updated local JSON file: data/songdb/PC/SongDB_Patreon.json with URL: https://jdmo-cdn.c0llydoll.com/private/songdb/jdmelody-pc-patreon.fec1512ad44f3314e367a0a4505724d0.json
30-04 00:38:38 +00:00: Uploading file: jdmelody-nx-dev.json as jdmelody-nx-dev.6d4079c432eff78a51773718b4c250b3.json
30-04 00:38:39 +00:00: File uploaded: jdmelody-nx-dev.6d4079c432eff78a51773718b4c250b3.json
30-04 00:38:39 +00:00: Updated local JSON file: data/songdb/NX/SongDB_Dev.json with URL: https://jdmo-cdn.c0llydoll.com/private/songdb/jdmelody-nx-dev.6d4079c432eff78a51773718b4c250b3.json
30-04 00:38:39 +00:00: Uploading file: jdmelody-ps4-dev.json as jdmelody-ps4-dev.2b8cfcef51b9358e274e1a618e999ecd.json
30-04 00:38:39 +00:00: File uploaded: jdmelody-ps4-dev.2b8cfcef51b9358e274e1a618e999ecd.json
30-04 00:38:39 +00:00: Updated local JSON file: data/songdb/PS4/SongDB_Dev.json with URL: https://jdmo-cdn.c0llydoll.com/private/songdb/jdmelody-ps4-dev.2b8cfcef51b9358e274e1a618e999ecd.json
30-04 00:38:39 +00:00: Uploading file: jdmelody-pc-dev.json as jdmelody-pc-dev.b67c9fb72700e8e6fa7ab0e71d04a7a6.json
30-04 00:38:39 +00:00: File uploaded: jdmelody-pc-dev.b67c9fb72700e8e6fa7ab0e71d04a7a6.json
30-04 00:38:39 +00:00: Updated local JSON file: data/songdb/PC/SongDB_Dev.json with URL: https://jdmo-cdn.c0llydoll.com/private/songdb/jdmelody-pc-dev.b67c9fb72700e8e6fa7ab0e71d04a7a6.json
30-04 11:46:30 +00:00: Saved data to /root/JDMO/main/main/database/Maps/ComeOn.json
30-04 11:47:25 +00:00: Saved data to /root/JDMO/main/main/database/Maps/CosmicGirl.json
30-04 11:48:07 +00:00: Saved data to /root/JDMO/main/main/database/Maps/WalkLike.json
30-04 14:45:08 +00:00: Saved data to /root/JDMO/main/main/database/Maps/Jump.json
30-04 17:06:56 +00:00: /root/JDMO/main/main/database/Maps
30-04 17:06:56 +00:00: JDM API Server running at https://2.56.246.74:443/
30-04 17:06:56 +00:00: JWT Module Redis client connected
30-04 17:12:05 +00:00: /root/JDMO/main/main/database/Maps
30-04 17:12:05 +00:00: JDM API Server running at https://2.56.246.74:443/
30-04 17:12:05 +00:00: JWT Module Redis client connected
30-04 17:15:37 +00:00: /root/JDMO/main/main/database/Maps
30-04 17:15:37 +00:00: JDM API Server running at https://2.56.246.74:443/
30-04 17:15:37 +00:00: JWT Module Redis client connected
30-04 17:19:22 +00:00: /root/JDMO/main/main/database/Maps
30-04 17:19:22 +00:00: JDM API Server running at https://2.56.246.74:443/
30-04 17:19:22 +00:00: JWT Module Redis client connected
30-04 17:43:52 +00:00: /root/JDMO/main/main/database/Maps
30-04 17:43:52 +00:00: JDM API Server running at https://2.56.246.74:443/
30-04 17:43:52 +00:00: JWT Module Redis client connected
30-04 17:46:42 +00:00: /root/JDMO/main/main/database/Maps
30-04 17:46:42 +00:00: JDM API Server running at https://2.56.246.74:443/
30-04 17:46:42 +00:00: JWT Module Redis client connected
30-04 17:50:12 +00:00: /root/JDMO/main/main/database/Maps
30-04 17:50:12 +00:00: JDM API Server running at https://2.56.246.74:443/
30-04 17:50:12 +00:00: JWT Module Redis client connected
30-04 17:55:59 +00:00: /root/JDMO/main/main/database/Maps
30-04 17:55:59 +00:00: JDM API Server running at https://2.56.246.74:443/
30-04 17:55:59 +00:00: JWT Module Redis client connected
30-04 18:25:47 +00:00: /root/JDMO/main/main/database/Maps
30-04 18:25:47 +00:00: JDM API Server running at https://2.56.246.74:443/
30-04 18:25:47 +00:00: JWT Module Redis client connected
30-04 18:29:02 +00:00: /root/JDMO/main/main/database/Maps
30-04 18:29:02 +00:00: JDM API Server running at https://2.56.246.74:443/
30-04 18:29:02 +00:00: JWT Module Redis client connected
30-04 18:51:21 +00:00: /root/JDMO/main/main/database/Maps
30-04 18:51:21 +00:00: JDM API Server running at https://2.56.246.74:443/
30-04 18:51:21 +00:00: JWT Module Redis client connected
30-04 18:51:34 +00:00: /root/JDMO/main/main/database/Maps
30-04 18:51:34 +00:00: JDM API Server running at https://2.56.246.74:443/
30-04 18:51:34 +00:00: JWT Module Redis client connected
30-04 18:51:49 +00:00: /root/JDMO/main/main/database/Maps
30-04 18:51:49 +00:00: JDM API Server running at https://2.56.246.74:443/
30-04 18:51:49 +00:00: JWT Module Redis client connected
30-04 18:52:24 +00:00: /root/JDMO/main/main/database/Maps
30-04 18:52:24 +00:00: JDM API Server running at https://2.56.246.74:443/
30-04 18:52:24 +00:00: JWT Module Redis client connected
30-04 18:53:08 +00:00: /root/JDMO/main/main/database/Maps
30-04 18:53:08 +00:00: JDM API Server running at https://2.56.246.74:443/
30-04 18:53:08 +00:00: JWT Module Redis client connected
30-04 19:09:44 +00:00: /root/JDMO/main/main/database/Maps
30-04 19:09:44 +00:00: JDM API Server running at https://2.56.246.74:443/
30-04 19:09:44 +00:00: JWT Module Redis client connected
30-04 19:12:35 +00:00: /root/JDMO/main/main/database/Maps
30-04 19:12:35 +00:00: JDM API Server running at https://2.56.246.74:443/
30-04 19:12:35 +00:00: JWT Module Redis client connected
